Files already downloaded and verified
ResNet_s(
  (conv1): Conv2d(3, 16, kernel_size=(3, 3), stride=(1, 1), padding=(1, 1), bias=False)
  (bn1): BatchNorm2d(16, eps=1e-05, momentum=0.1, affine=True, track_running_stats=True)
  (layer1): Sequential(
    (0): BasicBlock(
      (conv1): Conv2d(16, 16, kernel_size=(3, 3), stride=(1, 1), padding=(1, 1), bias=False)
      (bn1): BatchNorm2d(16, eps=1e-05, momentum=0.1, affine=True, track_running_stats=True)
      (conv2): Conv2d(16, 16, kernel_size=(3, 3), stride=(1, 1), padding=(1, 1), bias=False)
      (bn2): BatchNorm2d(16, eps=1e-05, momentum=0.1, affine=True, track_running_stats=True)
      (shortcut): Sequential()
    )
    (1): BasicBlock(
      (conv1): Conv2d(16, 16, kernel_size=(3, 3), stride=(1, 1), padding=(1, 1), bias=False)
      (bn1): BatchNorm2d(16, eps=1e-05, momentum=0.1, affine=True, track_running_stats=True)
      (conv2): Conv2d(16, 16, kernel_size=(3, 3), stride=(1, 1), padding=(1, 1), bias=False)
      (bn2): BatchNorm2d(16, eps=1e-05, momentum=0.1, affine=True, track_running_stats=True)
      (shortcut): Sequential()
    )
    (2): BasicBlock(
      (conv1): Conv2d(16, 16, kernel_size=(3, 3), stride=(1, 1), padding=(1, 1), bias=False)
      (bn1): BatchNorm2d(16, eps=1e-05, momentum=0.1, affine=True, track_running_stats=True)
      (conv2): Conv2d(16, 16, kernel_size=(3, 3), stride=(1, 1), padding=(1, 1), bias=False)
      (bn2): BatchNorm2d(16, eps=1e-05, momentum=0.1, affine=True, track_running_stats=True)
      (shortcut): Sequential()
    )
    (3): BasicBlock(
      (conv1): Conv2d(16, 16, kernel_size=(3, 3), stride=(1, 1), padding=(1, 1), bias=False)
      (bn1): BatchNorm2d(16, eps=1e-05, momentum=0.1, affine=True, track_running_stats=True)
      (conv2): Conv2d(16, 16, kernel_size=(3, 3), stride=(1, 1), padding=(1, 1), bias=False)
      (bn2): BatchNorm2d(16, eps=1e-05, momentum=0.1, affine=True, track_running_stats=True)
      (shortcut): Sequential()
    )
    (4): BasicBlock(
      (conv1): Conv2d(16, 16, kernel_size=(3, 3), stride=(1, 1), padding=(1, 1), bias=False)
      (bn1): BatchNorm2d(16, eps=1e-05, momentum=0.1, affine=True, track_running_stats=True)
      (conv2): Conv2d(16, 16, kernel_size=(3, 3), stride=(1, 1), padding=(1, 1), bias=False)
      (bn2): BatchNorm2d(16, eps=1e-05, momentum=0.1, affine=True, track_running_stats=True)
      (shortcut): Sequential()
    )
  )
  (layer2): Sequential(
    (0): BasicBlock(
      (conv1): Conv2d(16, 32, kernel_size=(3, 3), stride=(2, 2), padding=(1, 1), bias=False)
      (bn1): BatchNorm2d(32, eps=1e-05, momentum=0.1, affine=True, track_running_stats=True)
      (conv2): Conv2d(32, 32, kernel_size=(3, 3), stride=(1, 1), padding=(1, 1), bias=False)
      (bn2): BatchNorm2d(32, eps=1e-05, momentum=0.1, affine=True, track_running_stats=True)
      (shortcut): LambdaLayer()
    )
    (1): BasicBlock(
      (conv1): Conv2d(32, 32, kernel_size=(3, 3), stride=(1, 1), padding=(1, 1), bias=False)
      (bn1): BatchNorm2d(32, eps=1e-05, momentum=0.1, affine=True, track_running_stats=True)
      (conv2): Conv2d(32, 32, kernel_size=(3, 3), stride=(1, 1), padding=(1, 1), bias=False)
      (bn2): BatchNorm2d(32, eps=1e-05, momentum=0.1, affine=True, track_running_stats=True)
      (shortcut): Sequential()
    )
    (2): BasicBlock(
      (conv1): Conv2d(32, 32, kernel_size=(3, 3), stride=(1, 1), padding=(1, 1), bias=False)
      (bn1): BatchNorm2d(32, eps=1e-05, momentum=0.1, affine=True, track_running_stats=True)
      (conv2): Conv2d(32, 32, kernel_size=(3, 3), stride=(1, 1), padding=(1, 1), bias=False)
      (bn2): BatchNorm2d(32, eps=1e-05, momentum=0.1, affine=True, track_running_stats=True)
      (shortcut): Sequential()
    )
    (3): BasicBlock(
      (conv1): Conv2d(32, 32, kernel_size=(3, 3), stride=(1, 1), padding=(1, 1), bias=False)
      (bn1): BatchNorm2d(32, eps=1e-05, momentum=0.1, affine=True, track_running_stats=True)
      (conv2): Conv2d(32, 32, kernel_size=(3, 3), stride=(1, 1), padding=(1, 1), bias=False)
      (bn2): BatchNorm2d(32, eps=1e-05, momentum=0.1, affine=True, track_running_stats=True)
      (shortcut): Sequential()
    )
    (4): BasicBlock(
      (conv1): Conv2d(32, 32, kernel_size=(3, 3), stride=(1, 1), padding=(1, 1), bias=False)
      (bn1): BatchNorm2d(32, eps=1e-05, momentum=0.1, affine=True, track_running_stats=True)
      (conv2): Conv2d(32, 32, kernel_size=(3, 3), stride=(1, 1), padding=(1, 1), bias=False)
      (bn2): BatchNorm2d(32, eps=1e-05, momentum=0.1, affine=True, track_running_stats=True)
      (shortcut): Sequential()
    )
  )
  (layer3): Sequential(
    (0): BasicBlock(
      (conv1): Conv2d(32, 64, kernel_size=(3, 3), stride=(2, 2), padding=(1, 1), bias=False)
      (bn1): BatchNorm2d(64, eps=1e-05, momentum=0.1, affine=True, track_running_stats=True)
      (conv2): Conv2d(64, 64, kernel_size=(3, 3), stride=(1, 1), padding=(1, 1), bias=False)
      (bn2): BatchNorm2d(64, eps=1e-05, momentum=0.1, affine=True, track_running_stats=True)
      (shortcut): LambdaLayer()
    )
    (1): BasicBlock(
      (conv1): Conv2d(64, 64, kernel_size=(3, 3), stride=(1, 1), padding=(1, 1), bias=False)
      (bn1): BatchNorm2d(64, eps=1e-05, momentum=0.1, affine=True, track_running_stats=True)
      (conv2): Conv2d(64, 64, kernel_size=(3, 3), stride=(1, 1), padding=(1, 1), bias=False)
      (bn2): BatchNorm2d(64, eps=1e-05, momentum=0.1, affine=True, track_running_stats=True)
      (shortcut): Sequential()
    )
    (2): BasicBlock(
      (conv1): Conv2d(64, 64, kernel_size=(3, 3), stride=(1, 1), padding=(1, 1), bias=False)
      (bn1): BatchNorm2d(64, eps=1e-05, momentum=0.1, affine=True, track_running_stats=True)
      (conv2): Conv2d(64, 64, kernel_size=(3, 3), stride=(1, 1), padding=(1, 1), bias=False)
      (bn2): BatchNorm2d(64, eps=1e-05, momentum=0.1, affine=True, track_running_stats=True)
      (shortcut): Sequential()
    )
    (3): BasicBlock(
      (conv1): Conv2d(64, 64, kernel_size=(3, 3), stride=(1, 1), padding=(1, 1), bias=False)
      (bn1): BatchNorm2d(64, eps=1e-05, momentum=0.1, affine=True, track_running_stats=True)
      (conv2): Conv2d(64, 64, kernel_size=(3, 3), stride=(1, 1), padding=(1, 1), bias=False)
      (bn2): BatchNorm2d(64, eps=1e-05, momentum=0.1, affine=True, track_running_stats=True)
      (shortcut): Sequential()
    )
    (4): BasicBlock(
      (conv1): Conv2d(64, 64, kernel_size=(3, 3), stride=(1, 1), padding=(1, 1), bias=False)
      (bn1): BatchNorm2d(64, eps=1e-05, momentum=0.1, affine=True, track_running_stats=True)
      (conv2): Conv2d(64, 64, kernel_size=(3, 3), stride=(1, 1), padding=(1, 1), bias=False)
      (bn2): BatchNorm2d(64, eps=1e-05, momentum=0.1, affine=True, track_running_stats=True)
      (shortcut): Sequential()
    )
  )
  (linear): Linear(in_features=64, out_features=10, bias=True)
)
Epoch: [0][0/97]	Time 0.703 (0.703)	Loss 5.0072 (5.0072)	Prec @1 0.4062 (0.4062)	
Epoch: [0][10/97]	Time 0.572 (0.561)	Loss 1.8053 (2.5812)	Prec @1 0.3828 (0.3182)	
Epoch: [0][20/97]	Time 0.534 (0.552)	Loss 1.5420 (2.0967)	Prec @1 0.3516 (0.3579)	
Epoch: [0][30/97]	Time 0.503 (0.542)	Loss 1.4225 (1.8281)	Prec @1 0.4688 (0.4050)	
Epoch: [0][40/97]	Time 0.476 (0.538)	Loss 1.0118 (1.6728)	Prec @1 0.4766 (0.4278)	
Epoch: [0][50/97]	Time 0.530 (0.538)	Loss 0.9791 (1.5421)	Prec @1 0.5469 (0.4521)	
Epoch: [0][60/97]	Time 1.215 (0.554)	Loss 1.0122 (1.4575)	Prec @1 0.5000 (0.4676)	
Epoch: [0][70/97]	Time 0.658 (0.571)	Loss 0.9198 (1.3788)	Prec @1 0.5781 (0.4869)	
Epoch: [0][80/97]	Time 0.615 (0.584)	Loss 0.9133 (1.3127)	Prec @1 0.5547 (0.5011)	
Epoch: [0][90/97]	Time 0.697 (0.598)	Loss 0.8976 (1.2704)	Prec @1 0.5781 (0.5105)	
Epoch: [0][0/100]	Time 0.153 (0.153)	
Epoch: [0][10/100]	Time 0.165 (0.154)	
Epoch: [0][20/100]	Time 0.146 (0.154)	
Epoch: [0][30/100]	Time 0.150 (0.158)	
Epoch: [0][40/100]	Time 0.174 (0.159)	
Epoch: [0][50/100]	Time 0.161 (0.160)	
Epoch: [0][60/100]	Time 0.139 (0.159)	
Epoch: [0][70/100]	Time 0.153 (0.159)	
Epoch: [0][80/100]	Time 0.161 (0.159)	
Epoch: [0][90/100]	Time 0.167 (0.159)	
Accuracy of Class 0: 0.7890
Accuracy of Class 1: 0.7010
Accuracy of Class 2: 0.4820
Accuracy of Class 3: 0.3650
Accuracy of Class 4: 0.3880
Accuracy of Class 5: 0.0000
Accuracy of Class 6: 0.0000
Accuracy of Class 7: 0.0000
Accuracy of Class 8: 0.0000
Accuracy of Class 9: 0.0000
* Prec @1: 0.2725
Epoch: [1][0/97]	Time 0.610 (0.610)	Loss 0.8016 (0.8016)	Prec @1 0.6797 (0.6797)	
Epoch: [1][10/97]	Time 0.675 (0.634)	Loss 0.7937 (0.8789)	Prec @1 0.5859 (0.6129)	
Epoch: [1][20/97]	Time 0.653 (0.642)	Loss 0.8186 (0.8554)	Prec @1 0.5859 (0.6150)	
Epoch: [1][30/97]	Time 0.766 (0.657)	Loss 0.7973 (0.8462)	Prec @1 0.6328 (0.6119)	
Epoch: [1][40/97]	Time 0.723 (0.684)	Loss 0.8659 (0.8599)	Prec @1 0.5781 (0.6071)	
Epoch: [1][50/97]	Time 0.754 (0.682)	Loss 0.8104 (0.8658)	Prec @1 0.6016 (0.6075)	
Epoch: [1][60/97]	Time 0.718 (0.688)	Loss 0.9008 (0.8559)	Prec @1 0.5938 (0.6131)	
Epoch: [1][70/97]	Time 0.699 (0.693)	Loss 0.9092 (0.8495)	Prec @1 0.6016 (0.6149)	
Epoch: [1][80/97]	Time 0.740 (0.694)	Loss 0.7958 (0.8504)	Prec @1 0.6328 (0.6135)	
Epoch: [1][90/97]	Time 0.691 (0.695)	Loss 0.9459 (0.8515)	Prec @1 0.5547 (0.6136)	
Epoch: [1][0/100]	Time 0.171 (0.171)	
Epoch: [1][10/100]	Time 0.177 (0.157)	
Epoch: [1][20/100]	Time 0.180 (0.162)	
Epoch: [1][30/100]	Time 0.172 (0.168)	
Epoch: [1][40/100]	Time 0.174 (0.168)	
Epoch: [1][50/100]	Time 0.154 (0.168)	
Epoch: [1][60/100]	Time 0.163 (0.168)	
Epoch: [1][70/100]	Time 0.171 (0.168)	
Epoch: [1][80/100]	Time 0.188 (0.168)	
Epoch: [1][90/100]	Time 0.152 (0.168)	
Accuracy of Class 0: 0.8200
Accuracy of Class 1: 0.8290
Accuracy of Class 2: 0.4950
Accuracy of Class 3: 0.3960
Accuracy of Class 4: 0.3240
Accuracy of Class 5: 0.0040
Accuracy of Class 6: 0.0000
Accuracy of Class 7: 0.0030
Accuracy of Class 8: 0.0000
Accuracy of Class 9: 0.0000
* Prec @1: 0.2871
Epoch: [2][0/97]	Time 0.656 (0.656)	Loss 0.7950 (0.7950)	Prec @1 0.6094 (0.6094)	
Epoch: [2][10/97]	Time 0.751 (0.696)	Loss 0.7731 (0.8383)	Prec @1 0.6406 (0.6286)	
Epoch: [2][20/97]	Time 0.786 (0.710)	Loss 0.7946 (0.8421)	Prec @1 0.6172 (0.6254)	
Epoch: [2][30/97]	Time 0.713 (0.715)	Loss 0.9704 (0.8306)	Prec @1 0.6094 (0.6303)	
Epoch: [2][40/97]	Time 0.793 (0.718)	Loss 0.7581 (0.8187)	Prec @1 0.6719 (0.6351)	
Epoch: [2][50/97]	Time 0.902 (0.729)	Loss 0.9049 (0.8168)	Prec @1 0.5938 (0.6351)	
Epoch: [2][60/97]	Time 0.703 (0.719)	Loss 0.7709 (0.8046)	Prec @1 0.6953 (0.6404)	
Epoch: [2][70/97]	Time 0.662 (0.717)	Loss 0.7115 (0.7949)	Prec @1 0.6641 (0.6458)	
Epoch: [2][80/97]	Time 0.697 (0.715)	Loss 0.6879 (0.7898)	Prec @1 0.7031 (0.6451)	
Epoch: [2][90/97]	Time 0.691 (0.713)	Loss 0.8055 (0.7862)	Prec @1 0.6094 (0.6451)	
Epoch: [2][0/100]	Time 0.154 (0.154)	
Epoch: [2][10/100]	Time 0.168 (0.160)	
Epoch: [2][20/100]	Time 0.167 (0.164)	
Epoch: [2][30/100]	Time 0.167 (0.165)	
Epoch: [2][40/100]	Time 0.168 (0.164)	
Epoch: [2][50/100]	Time 0.172 (0.165)	
Epoch: [2][60/100]	Time 0.166 (0.166)	
Epoch: [2][70/100]	Time 0.165 (0.167)	
Epoch: [2][80/100]	Time 0.166 (0.166)	
Epoch: [2][90/100]	Time 0.166 (0.166)	
Accuracy of Class 0: 0.8660
Accuracy of Class 1: 0.4170
Accuracy of Class 2: 0.5500
Accuracy of Class 3: 0.5120
Accuracy of Class 4: 0.3460
Accuracy of Class 5: 0.0710
Accuracy of Class 6: 0.0030
Accuracy of Class 7: 0.0000
Accuracy of Class 8: 0.0000
Accuracy of Class 9: 0.0000
* Prec @1: 0.2765
Epoch: [3][0/97]	Time 0.684 (0.684)	Loss 0.7716 (0.7716)	Prec @1 0.6719 (0.6719)	
Epoch: [3][10/97]	Time 0.686 (0.689)	Loss 0.6885 (0.7481)	Prec @1 0.6328 (0.6470)	
Epoch: [3][20/97]	Time 0.670 (0.688)	Loss 0.6002 (0.7433)	Prec @1 0.7266 (0.6562)	
Epoch: [3][30/97]	Time 0.698 (0.685)	Loss 0.7333 (0.7338)	Prec @1 0.6797 (0.6620)	
Epoch: [3][40/97]	Time 0.699 (0.687)	Loss 0.6717 (0.7323)	Prec @1 0.6484 (0.6618)	
Epoch: [3][50/97]	Time 0.713 (0.689)	Loss 0.7932 (0.7304)	Prec @1 0.6406 (0.6662)	
Epoch: [3][60/97]	Time 0.774 (0.694)	Loss 0.8162 (0.7256)	Prec @1 0.6328 (0.6679)	
Epoch: [3][70/97]	Time 0.573 (0.701)	Loss 0.5799 (0.7281)	Prec @1 0.7656 (0.6664)	
Epoch: [3][80/97]	Time 0.667 (0.696)	Loss 0.6120 (0.7274)	Prec @1 0.7266 (0.6666)	
Epoch: [3][90/97]	Time 0.705 (0.695)	Loss 0.7071 (0.7295)	Prec @1 0.7500 (0.6667)	
Epoch: [3][0/100]	Time 0.178 (0.178)	
Epoch: [3][10/100]	Time 0.165 (0.172)	
Epoch: [3][20/100]	Time 0.168 (0.169)	
Epoch: [3][30/100]	Time 0.163 (0.168)	
Epoch: [3][40/100]	Time 0.165 (0.169)	
Epoch: [3][50/100]	Time 0.169 (0.169)	
Epoch: [3][60/100]	Time 0.166 (0.169)	
Epoch: [3][70/100]	Time 0.163 (0.169)	
Epoch: [3][80/100]	Time 0.166 (0.169)	
Epoch: [3][90/100]	Time 0.169 (0.168)	
Accuracy of Class 0: 0.9460
Accuracy of Class 1: 0.6700
Accuracy of Class 2: 0.2500
Accuracy of Class 3: 0.5390
Accuracy of Class 4: 0.3000
Accuracy of Class 5: 0.0040
Accuracy of Class 6: 0.0040
Accuracy of Class 7: 0.0340
Accuracy of Class 8: 0.0000
Accuracy of Class 9: 0.0000
* Prec @1: 0.2747
Epoch: [4][0/97]	Time 0.612 (0.612)	Loss 0.5785 (0.5785)	Prec @1 0.6953 (0.6953)	
Epoch: [4][10/97]	Time 0.755 (0.697)	Loss 0.6523 (0.6946)	Prec @1 0.7188 (0.6705)	
Epoch: [4][20/97]	Time 0.719 (0.705)	Loss 0.7617 (0.6923)	Prec @1 0.6250 (0.6775)	
Epoch: [4][30/97]	Time 0.686 (0.707)	Loss 0.6650 (0.6835)	Prec @1 0.7109 (0.6817)	
Epoch: [4][40/97]	Time 0.737 (0.711)	Loss 0.9459 (0.6957)	Prec @1 0.5859 (0.6780)	
Epoch: [4][50/97]	Time 0.661 (0.708)	Loss 0.7181 (0.6952)	Prec @1 0.6562 (0.6765)	
Epoch: [4][60/97]	Time 0.726 (0.716)	Loss 0.7016 (0.7069)	Prec @1 0.6641 (0.6728)	
Epoch: [4][70/97]	Time 0.710 (0.719)	Loss 0.7459 (0.6998)	Prec @1 0.6562 (0.6763)	
Epoch: [4][80/97]	Time 0.704 (0.719)	Loss 0.7802 (0.7047)	Prec @1 0.6953 (0.6749)	
Epoch: [4][90/97]	Time 0.675 (0.718)	Loss 0.5542 (0.7044)	Prec @1 0.7812 (0.6753)	
Epoch: [4][0/100]	Time 0.174 (0.174)	
Epoch: [4][10/100]	Time 0.156 (0.153)	
Epoch: [4][20/100]	Time 0.186 (0.162)	
Epoch: [4][30/100]	Time 0.183 (0.166)	
Epoch: [4][40/100]	Time 0.190 (0.170)	
Epoch: [4][50/100]	Time 0.225 (0.185)	
Epoch: [4][60/100]	Time 0.132 (0.182)	
Epoch: [4][70/100]	Time 0.154 (0.177)	
Epoch: [4][80/100]	Time 0.178 (0.176)	
Epoch: [4][90/100]	Time 0.177 (0.176)	
Accuracy of Class 0: 0.8490
Accuracy of Class 1: 0.9300
Accuracy of Class 2: 0.5050
Accuracy of Class 3: 0.3780
Accuracy of Class 4: 0.2540
Accuracy of Class 5: 0.0050
Accuracy of Class 6: 0.2490
Accuracy of Class 7: 0.0030
Accuracy of Class 8: 0.0000
Accuracy of Class 9: 0.0000
* Prec @1: 0.3173
Epoch: [5][0/97]	Time 0.673 (0.673)	Loss 0.8584 (0.8584)	Prec @1 0.6172 (0.6172)	
Epoch: [5][10/97]	Time 0.715 (0.691)	Loss 0.5398 (0.6459)	Prec @1 0.8047 (0.7045)	
Epoch: [5][20/97]	Time 0.736 (0.704)	Loss 0.7252 (0.6762)	Prec @1 0.6562 (0.6908)	
Epoch: [5][30/97]	Time 0.727 (0.705)	Loss 0.6209 (0.6650)	Prec @1 0.7188 (0.6915)	
Epoch: [5][40/97]	Time 0.727 (0.701)	Loss 0.8065 (0.6760)	Prec @1 0.6016 (0.6900)	
Epoch: [5][50/97]	Time 0.845 (0.713)	Loss 0.6464 (0.6852)	Prec @1 0.6953 (0.6873)	
Epoch: [5][60/97]	Time 0.717 (0.704)	Loss 0.5089 (0.6784)	Prec @1 0.7969 (0.6912)	
Epoch: [5][70/97]	Time 0.674 (0.705)	Loss 0.6521 (0.6746)	Prec @1 0.7266 (0.6941)	
Epoch: [5][80/97]	Time 0.729 (0.703)	Loss 0.6202 (0.6732)	Prec @1 0.6719 (0.6930)	
Epoch: [5][90/97]	Time 0.683 (0.701)	Loss 0.5016 (0.6721)	Prec @1 0.7266 (0.6932)	
Epoch: [5][0/100]	Time 0.156 (0.156)	
Epoch: [5][10/100]	Time 0.159 (0.158)	
Epoch: [5][20/100]	Time 0.174 (0.164)	
Epoch: [5][30/100]	Time 0.175 (0.166)	
Epoch: [5][40/100]	Time 0.183 (0.166)	
Epoch: [5][50/100]	Time 0.174 (0.166)	
Epoch: [5][60/100]	Time 0.158 (0.167)	
Epoch: [5][70/100]	Time 0.165 (0.167)	
Epoch: [5][80/100]	Time 0.191 (0.166)	
Epoch: [5][90/100]	Time 0.202 (0.166)	
Accuracy of Class 0: 0.8870
Accuracy of Class 1: 0.8140
Accuracy of Class 2: 0.5700
Accuracy of Class 3: 0.6920
Accuracy of Class 4: 0.1440
Accuracy of Class 5: 0.0050
Accuracy of Class 6: 0.1120
Accuracy of Class 7: 0.0880
Accuracy of Class 8: 0.0000
Accuracy of Class 9: 0.0000
* Prec @1: 0.3312
Epoch: [6][0/97]	Time 0.938 (0.938)	Loss 0.5171 (0.5171)	Prec @1 0.7500 (0.7500)	
Epoch: [6][10/97]	Time 0.696 (0.680)	Loss 0.7737 (0.6403)	Prec @1 0.6953 (0.7031)	
Epoch: [6][20/97]	Time 0.705 (0.685)	Loss 0.5828 (0.6442)	Prec @1 0.7109 (0.7065)	
Epoch: [6][30/97]	Time 0.708 (0.687)	Loss 0.5672 (0.6402)	Prec @1 0.7422 (0.7104)	
Epoch: [6][40/97]	Time 0.681 (0.690)	Loss 0.6791 (0.6401)	Prec @1 0.7266 (0.7107)	
Epoch: [6][50/97]	Time 0.717 (0.695)	Loss 0.6956 (0.6432)	Prec @1 0.7109 (0.7074)	
Epoch: [6][60/97]	Time 0.705 (0.697)	Loss 0.7019 (0.6451)	Prec @1 0.7266 (0.7058)	
Epoch: [6][70/97]	Time 0.732 (0.700)	Loss 0.6912 (0.6424)	Prec @1 0.6719 (0.7070)	
Epoch: [6][80/97]	Time 0.625 (0.701)	Loss 0.6182 (0.6447)	Prec @1 0.6875 (0.7059)	
Epoch: [6][90/97]	Time 0.627 (0.703)	Loss 0.5659 (0.6419)	Prec @1 0.7266 (0.7074)	
Epoch: [6][0/100]	Time 0.123 (0.123)	
Epoch: [6][10/100]	Time 0.174 (0.167)	
Epoch: [6][20/100]	Time 0.166 (0.170)	
Epoch: [6][30/100]	Time 0.176 (0.170)	
Epoch: [6][40/100]	Time 0.175 (0.170)	
Epoch: [6][50/100]	Time 0.155 (0.171)	
Epoch: [6][60/100]	Time 0.176 (0.170)	
Epoch: [6][70/100]	Time 0.183 (0.170)	
Epoch: [6][80/100]	Time 0.164 (0.171)	
Epoch: [6][90/100]	Time 0.168 (0.171)	
Accuracy of Class 0: 0.8570
Accuracy of Class 1: 0.8340
Accuracy of Class 2: 0.6250
Accuracy of Class 3: 0.6990
Accuracy of Class 4: 0.1270
Accuracy of Class 5: 0.0360
Accuracy of Class 6: 0.0510
Accuracy of Class 7: 0.0020
Accuracy of Class 8: 0.0000
Accuracy of Class 9: 0.0000
* Prec @1: 0.3231
Epoch: [7][0/97]	Time 0.637 (0.637)	Loss 0.6183 (0.6183)	Prec @1 0.6719 (0.6719)	
Epoch: [7][10/97]	Time 0.739 (0.693)	Loss 0.6019 (0.6168)	Prec @1 0.7422 (0.7166)	
Epoch: [7][20/97]	Time 0.715 (0.700)	Loss 0.7724 (0.6401)	Prec @1 0.6641 (0.7020)	
Epoch: [7][30/97]	Time 0.705 (0.699)	Loss 0.9707 (0.6595)	Prec @1 0.5547 (0.6915)	
Epoch: [7][40/97]	Time 0.691 (0.702)	Loss 0.6185 (0.6505)	Prec @1 0.6797 (0.6932)	
Epoch: [7][50/97]	Time 0.653 (0.704)	Loss 0.5625 (0.6359)	Prec @1 0.7188 (0.7025)	
Epoch: [7][60/97]	Time 0.696 (0.705)	Loss 0.6069 (0.6306)	Prec @1 0.7109 (0.7062)	
Epoch: [7][70/97]	Time 0.696 (0.703)	Loss 0.6900 (0.6325)	Prec @1 0.6953 (0.7071)	
Epoch: [7][80/97]	Time 0.721 (0.700)	Loss 0.6281 (0.6310)	Prec @1 0.7500 (0.7083)	
Epoch: [7][90/97]	Time 0.711 (0.699)	Loss 0.5926 (0.6217)	Prec @1 0.7422 (0.7113)	
Epoch: [7][0/100]	Time 0.139 (0.139)	
Epoch: [7][10/100]	Time 0.188 (0.171)	
Epoch: [7][20/100]	Time 0.176 (0.173)	
Epoch: [7][30/100]	Time 0.168 (0.173)	
Epoch: [7][40/100]	Time 0.165 (0.172)	
Epoch: [7][50/100]	Time 0.157 (0.172)	
Epoch: [7][60/100]	Time 0.142 (0.172)	
Epoch: [7][70/100]	Time 0.206 (0.172)	
Epoch: [7][80/100]	Time 0.250 (0.178)	
Epoch: [7][90/100]	Time 0.182 (0.182)	
Accuracy of Class 0: 0.8160
Accuracy of Class 1: 0.8740
Accuracy of Class 2: 0.4130
Accuracy of Class 3: 0.5710
Accuracy of Class 4: 0.7120
Accuracy of Class 5: 0.1600
Accuracy of Class 6: 0.0100
Accuracy of Class 7: 0.0730
Accuracy of Class 8: 0.0000
Accuracy of Class 9: 0.0010
* Prec @1: 0.3630
Epoch: [8][0/97]	Time 0.561 (0.561)	Loss 0.5388 (0.5388)	Prec @1 0.7812 (0.7812)	
Epoch: [8][10/97]	Time 0.693 (0.663)	Loss 0.7500 (0.6165)	Prec @1 0.6797 (0.7088)	
Epoch: [8][20/97]	Time 0.726 (0.683)	Loss 0.5008 (0.6216)	Prec @1 0.7734 (0.7176)	
Epoch: [8][30/97]	Time 0.671 (0.689)	Loss 0.6220 (0.6184)	Prec @1 0.7266 (0.7170)	
Epoch: [8][40/97]	Time 0.664 (0.691)	Loss 0.4933 (0.6027)	Prec @1 0.7344 (0.7239)	
Epoch: [8][50/97]	Time 0.687 (0.692)	Loss 0.4706 (0.5810)	Prec @1 0.7734 (0.7351)	
Epoch: [8][60/97]	Time 0.549 (0.706)	Loss 0.7174 (0.5865)	Prec @1 0.6797 (0.7319)	
Epoch: [8][70/97]	Time 0.717 (0.701)	Loss 0.5167 (0.5904)	Prec @1 0.7578 (0.7304)	
Epoch: [8][80/97]	Time 0.699 (0.705)	Loss 0.5946 (0.5850)	Prec @1 0.6953 (0.7328)	
Epoch: [8][90/97]	Time 0.710 (0.705)	Loss 0.5126 (0.5856)	Prec @1 0.7500 (0.7314)	
Epoch: [8][0/100]	Time 0.150 (0.150)	
Epoch: [8][10/100]	Time 0.164 (0.162)	
Epoch: [8][20/100]	Time 0.174 (0.165)	
Epoch: [8][30/100]	Time 0.175 (0.169)	
Epoch: [8][40/100]	Time 0.163 (0.169)	
Epoch: [8][50/100]	Time 0.179 (0.169)	
Epoch: [8][60/100]	Time 0.162 (0.169)	
Epoch: [8][70/100]	Time 0.171 (0.170)	
Epoch: [8][80/100]	Time 0.167 (0.170)	
Epoch: [8][90/100]	Time 0.181 (0.170)	
Accuracy of Class 0: 0.8340
Accuracy of Class 1: 0.9430
Accuracy of Class 2: 0.6950
Accuracy of Class 3: 0.5230
Accuracy of Class 4: 0.1280
Accuracy of Class 5: 0.1480
Accuracy of Class 6: 0.2600
Accuracy of Class 7: 0.1370
Accuracy of Class 8: 0.0000
Accuracy of Class 9: 0.0000
* Prec @1: 0.3668
Epoch: [9][0/97]	Time 0.691 (0.691)	Loss 0.5452 (0.5452)	Prec @1 0.7422 (0.7422)	
Epoch: [9][10/97]	Time 0.695 (0.731)	Loss 0.6345 (0.5532)	Prec @1 0.6953 (0.7507)	
Epoch: [9][20/97]	Time 0.705 (0.711)	Loss 0.7510 (0.5699)	Prec @1 0.6875 (0.7388)	
Epoch: [9][30/97]	Time 0.734 (0.708)	Loss 0.6005 (0.5628)	Prec @1 0.6875 (0.7397)	
Epoch: [9][40/97]	Time 0.670 (0.709)	Loss 0.5355 (0.5621)	Prec @1 0.7422 (0.7395)	
Epoch: [9][50/97]	Time 0.678 (0.709)	Loss 0.4638 (0.5528)	Prec @1 0.7656 (0.7414)	
Epoch: [9][60/97]	Time 0.742 (0.711)	Loss 0.4987 (0.5610)	Prec @1 0.7812 (0.7395)	
Epoch: [9][70/97]	Time 0.697 (0.710)	Loss 0.6373 (0.5550)	Prec @1 0.7188 (0.7420)	
Epoch: [9][80/97]	Time 0.721 (0.712)	Loss 0.5263 (0.5575)	Prec @1 0.7266 (0.7405)	
Epoch: [9][90/97]	Time 0.696 (0.714)	Loss 0.4231 (0.5571)	Prec @1 0.7812 (0.7400)	
Epoch: [9][0/100]	Time 0.162 (0.162)	
Epoch: [9][10/100]	Time 0.159 (0.167)	
Epoch: [9][20/100]	Time 0.167 (0.168)	
Epoch: [9][30/100]	Time 0.147 (0.166)	
Epoch: [9][40/100]	Time 0.159 (0.166)	
Epoch: [9][50/100]	Time 0.159 (0.166)	
Epoch: [9][60/100]	Time 0.172 (0.167)	
Epoch: [9][70/100]	Time 0.173 (0.167)	
Epoch: [9][80/100]	Time 0.163 (0.167)	
Epoch: [9][90/100]	Time 0.151 (0.167)	
Accuracy of Class 0: 0.9060
Accuracy of Class 1: 0.9220
Accuracy of Class 2: 0.3840
Accuracy of Class 3: 0.2510
Accuracy of Class 4: 0.6400
Accuracy of Class 5: 0.0620
Accuracy of Class 6: 0.1760
Accuracy of Class 7: 0.1630
Accuracy of Class 8: 0.0000
Accuracy of Class 9: 0.0840
* Prec @1: 0.3588
Epoch: [10][0/97]	Time 0.590 (0.590)	Loss 0.6228 (0.6228)	Prec @1 0.7109 (0.7109)	
Epoch: [10][10/97]	Time 0.676 (0.657)	Loss 0.4875 (0.5213)	Prec @1 0.7969 (0.7571)	
Epoch: [10][20/97]	Time 0.701 (0.673)	Loss 0.5323 (0.5367)	Prec @1 0.7891 (0.7511)	
Epoch: [10][30/97]	Time 0.696 (0.679)	Loss 0.5143 (0.5536)	Prec @1 0.7422 (0.7409)	
Epoch: [10][40/97]	Time 0.714 (0.683)	Loss 0.5509 (0.5472)	Prec @1 0.7500 (0.7443)	
Epoch: [10][50/97]	Time 0.615 (0.695)	Loss 0.4546 (0.5484)	Prec @1 0.7891 (0.7431)	
Epoch: [10][60/97]	Time 0.697 (0.690)	Loss 0.5586 (0.5534)	Prec @1 0.7031 (0.7407)	
Epoch: [10][70/97]	Time 0.692 (0.689)	Loss 0.4538 (0.5509)	Prec @1 0.8203 (0.7426)	
Epoch: [10][80/97]	Time 0.678 (0.688)	Loss 0.5251 (0.5518)	Prec @1 0.7812 (0.7432)	
Epoch: [10][90/97]	Time 0.751 (0.687)	Loss 0.4935 (0.5511)	Prec @1 0.7422 (0.7424)	
Epoch: [10][0/100]	Time 0.135 (0.135)	
Epoch: [10][10/100]	Time 0.129 (0.136)	
Epoch: [10][20/100]	Time 0.169 (0.151)	
Epoch: [10][30/100]	Time 0.158 (0.155)	
Epoch: [10][40/100]	Time 0.173 (0.157)	
Epoch: [10][50/100]	Time 0.168 (0.159)	
Epoch: [10][60/100]	Time 0.175 (0.161)	
Epoch: [10][70/100]	Time 0.173 (0.161)	
Epoch: [10][80/100]	Time 0.159 (0.163)	
Epoch: [10][90/100]	Time 0.159 (0.163)	
Accuracy of Class 0: 0.9200
Accuracy of Class 1: 0.9160
Accuracy of Class 2: 0.3790
Accuracy of Class 3: 0.7430
Accuracy of Class 4: 0.4440
Accuracy of Class 5: 0.0700
Accuracy of Class 6: 0.1650
Accuracy of Class 7: 0.2440
Accuracy of Class 8: 0.0020
Accuracy of Class 9: 0.0000
* Prec @1: 0.3883
Epoch: [11][0/97]	Time 0.631 (0.631)	Loss 0.6164 (0.6164)	Prec @1 0.7500 (0.7500)	
Epoch: [11][10/97]	Time 0.697 (0.660)	Loss 0.7188 (0.5553)	Prec @1 0.6484 (0.7358)	
Epoch: [11][20/97]	Time 0.711 (0.678)	Loss 0.5624 (0.5320)	Prec @1 0.6953 (0.7478)	
Epoch: [11][30/97]	Time 0.683 (0.683)	Loss 0.5912 (0.5362)	Prec @1 0.7188 (0.7513)	
Epoch: [11][40/97]	Time 0.708 (0.687)	Loss 0.5885 (0.5361)	Prec @1 0.7344 (0.7523)	
Epoch: [11][50/97]	Time 0.740 (0.692)	Loss 0.7421 (0.5306)	Prec @1 0.6797 (0.7541)	
Epoch: [11][60/97]	Time 0.750 (0.697)	Loss 0.5043 (0.5313)	Prec @1 0.7578 (0.7524)	
Epoch: [11][70/97]	Time 0.721 (0.699)	Loss 0.6612 (0.5380)	Prec @1 0.6797 (0.7491)	
Epoch: [11][80/97]	Time 0.683 (0.700)	Loss 0.4684 (0.5366)	Prec @1 0.7812 (0.7497)	
Epoch: [11][90/97]	Time 0.734 (0.700)	Loss 0.5419 (0.5371)	Prec @1 0.7188 (0.7497)	
Epoch: [11][0/100]	Time 0.177 (0.177)	
Epoch: [11][10/100]	Time 0.179 (0.168)	
Epoch: [11][20/100]	Time 0.174 (0.171)	
Epoch: [11][30/100]	Time 0.183 (0.171)	
Epoch: [11][40/100]	Time 0.157 (0.170)	
Epoch: [11][50/100]	Time 0.180 (0.171)	
Epoch: [11][60/100]	Time 0.178 (0.171)	
Epoch: [11][70/100]	Time 0.160 (0.171)	
Epoch: [11][80/100]	Time 0.177 (0.172)	
Epoch: [11][90/100]	Time 0.149 (0.172)	
Accuracy of Class 0: 0.8770
Accuracy of Class 1: 0.8090
Accuracy of Class 2: 0.6060
Accuracy of Class 3: 0.7390
Accuracy of Class 4: 0.3360
Accuracy of Class 5: 0.1050
Accuracy of Class 6: 0.0960
Accuracy of Class 7: 0.3020
Accuracy of Class 8: 0.0060
Accuracy of Class 9: 0.0060
* Prec @1: 0.3882
Epoch: [12][0/97]	Time 0.637 (0.637)	Loss 0.3443 (0.3443)	Prec @1 0.8594 (0.8594)	
Epoch: [12][10/97]	Time 0.700 (0.698)	Loss 0.4177 (0.5261)	Prec @1 0.8047 (0.7528)	
Epoch: [12][20/97]	Time 0.517 (0.621)	Loss 0.4697 (0.5112)	Prec @1 0.7891 (0.7626)	
Epoch: [12][30/97]	Time 0.439 (0.574)	Loss 0.4276 (0.5247)	Prec @1 0.7812 (0.7558)	
Epoch: [12][40/97]	Time 0.450 (0.550)	Loss 0.4968 (0.5255)	Prec @1 0.7344 (0.7530)	
Epoch: [12][50/97]	Time 0.663 (0.537)	Loss 0.4840 (0.5217)	Prec @1 0.7344 (0.7544)	
Epoch: [12][60/97]	Time 0.485 (0.531)	Loss 0.5524 (0.5202)	Prec @1 0.7734 (0.7554)	
Epoch: [12][70/97]	Time 0.477 (0.524)	Loss 0.3651 (0.5168)	Prec @1 0.7969 (0.7565)	
Epoch: [12][80/97]	Time 0.563 (0.527)	Loss 0.5740 (0.5156)	Prec @1 0.7344 (0.7571)	
Epoch: [12][90/97]	Time 0.478 (0.524)	Loss 0.4563 (0.5120)	Prec @1 0.7734 (0.7577)	
Epoch: [12][0/100]	Time 0.139 (0.139)	
Epoch: [12][10/100]	Time 0.158 (0.164)	
Epoch: [12][20/100]	Time 0.207 (0.169)	
Epoch: [12][30/100]	Time 0.195 (0.170)	
Epoch: [12][40/100]	Time 0.168 (0.171)	
Epoch: [12][50/100]	Time 0.142 (0.171)	
Epoch: [12][60/100]	Time 0.175 (0.169)	
Epoch: [12][70/100]	Time 0.172 (0.172)	
Epoch: [12][80/100]	Time 0.154 (0.172)	
Epoch: [12][90/100]	Time 0.167 (0.173)	
Accuracy of Class 0: 0.8140
Accuracy of Class 1: 0.8970
Accuracy of Class 2: 0.7230
Accuracy of Class 3: 0.6690
Accuracy of Class 4: 0.4070
Accuracy of Class 5: 0.2160
Accuracy of Class 6: 0.3500
Accuracy of Class 7: 0.0520
Accuracy of Class 8: 0.0190
Accuracy of Class 9: 0.0180
* Prec @1: 0.4165
Epoch: [13][0/97]	Time 0.704 (0.704)	Loss 0.4579 (0.4579)	Prec @1 0.8047 (0.8047)	
Epoch: [13][10/97]	Time 0.676 (0.661)	Loss 0.3958 (0.4708)	Prec @1 0.8047 (0.7713)	
Epoch: [13][20/97]	Time 0.735 (0.672)	Loss 0.5225 (0.4863)	Prec @1 0.7578 (0.7634)	
Epoch: [13][30/97]	Time 0.690 (0.679)	Loss 0.4825 (0.5004)	Prec @1 0.7422 (0.7606)	
Epoch: [13][40/97]	Time 0.742 (0.683)	Loss 0.4558 (0.4985)	Prec @1 0.7812 (0.7639)	
Epoch: [13][50/97]	Time 0.689 (0.686)	Loss 0.5467 (0.4980)	Prec @1 0.7266 (0.7626)	
Epoch: [13][60/97]	Time 0.686 (0.691)	Loss 0.4973 (0.5001)	Prec @1 0.7734 (0.7614)	
Epoch: [13][70/97]	Time 0.732 (0.693)	Loss 0.4121 (0.4934)	Prec @1 0.8047 (0.7656)	
Epoch: [13][80/97]	Time 0.633 (0.698)	Loss 0.4293 (0.4976)	Prec @1 0.7656 (0.7624)	
Epoch: [13][90/97]	Time 0.712 (0.695)	Loss 0.5461 (0.4945)	Prec @1 0.7266 (0.7636)	
Epoch: [13][0/100]	Time 0.171 (0.171)	
Epoch: [13][10/100]	Time 0.167 (0.169)	
Epoch: [13][20/100]	Time 0.174 (0.168)	
Epoch: [13][30/100]	Time 0.162 (0.168)	
Epoch: [13][40/100]	Time 0.162 (0.168)	
Epoch: [13][50/100]	Time 0.159 (0.168)	
Epoch: [13][60/100]	Time 0.186 (0.169)	
Epoch: [13][70/100]	Time 0.167 (0.169)	
Epoch: [13][80/100]	Time 0.165 (0.169)	
Epoch: [13][90/100]	Time 0.179 (0.169)	
Accuracy of Class 0: 0.9480
Accuracy of Class 1: 0.8100
Accuracy of Class 2: 0.4030
Accuracy of Class 3: 0.5830
Accuracy of Class 4: 0.7100
Accuracy of Class 5: 0.0630
Accuracy of Class 6: 0.1450
Accuracy of Class 7: 0.3410
Accuracy of Class 8: 0.0120
Accuracy of Class 9: 0.0220
* Prec @1: 0.4037
Epoch: [14][0/97]	Time 0.744 (0.744)	Loss 0.4666 (0.4666)	Prec @1 0.7734 (0.7734)	
Epoch: [14][10/97]	Time 0.681 (0.693)	Loss 0.4878 (0.4740)	Prec @1 0.7500 (0.7685)	
Epoch: [14][20/97]	Time 0.715 (0.707)	Loss 0.6427 (0.4897)	Prec @1 0.7578 (0.7697)	
Epoch: [14][30/97]	Time 0.619 (0.721)	Loss 0.4717 (0.4902)	Prec @1 0.7500 (0.7689)	
Epoch: [14][40/97]	Time 0.706 (0.711)	Loss 0.4638 (0.4834)	Prec @1 0.8047 (0.7713)	
Epoch: [14][50/97]	Time 0.667 (0.708)	Loss 0.5614 (0.4840)	Prec @1 0.7812 (0.7733)	
Epoch: [14][60/97]	Time 0.713 (0.712)	Loss 0.5683 (0.4800)	Prec @1 0.6719 (0.7752)	
Epoch: [14][70/97]	Time 0.754 (0.725)	Loss 0.3433 (0.4765)	Prec @1 0.7969 (0.7757)	
Epoch: [14][80/97]	Time 0.718 (0.728)	Loss 0.3232 (0.4674)	Prec @1 0.8203 (0.7784)	
Epoch: [14][90/97]	Time 0.891 (0.739)	Loss 0.6140 (0.4699)	Prec @1 0.7266 (0.7776)	
Epoch: [14][0/100]	Time 0.170 (0.170)	
Epoch: [14][10/100]	Time 0.176 (0.169)	
Epoch: [14][20/100]	Time 0.173 (0.170)	
Epoch: [14][30/100]	Time 0.177 (0.170)	
Epoch: [14][40/100]	Time 0.177 (0.169)	
Epoch: [14][50/100]	Time 0.184 (0.171)	
Epoch: [14][60/100]	Time 0.156 (0.170)	
Epoch: [14][70/100]	Time 0.168 (0.170)	
Epoch: [14][80/100]	Time 0.167 (0.170)	
Epoch: [14][90/100]	Time 0.167 (0.169)	
Accuracy of Class 0: 0.9180
Accuracy of Class 1: 0.9460
Accuracy of Class 2: 0.5420
Accuracy of Class 3: 0.4020
Accuracy of Class 4: 0.3430
Accuracy of Class 5: 0.5640
Accuracy of Class 6: 0.3810
Accuracy of Class 7: 0.2460
Accuracy of Class 8: 0.0080
Accuracy of Class 9: 0.0110
* Prec @1: 0.4361
Epoch: [15][0/97]	Time 0.610 (0.610)	Loss 0.4068 (0.4068)	Prec @1 0.8125 (0.8125)	
Epoch: [15][10/97]	Time 0.698 (0.659)	Loss 0.4441 (0.4602)	Prec @1 0.7969 (0.7812)	
Epoch: [15][20/97]	Time 0.679 (0.676)	Loss 0.5063 (0.4649)	Prec @1 0.7812 (0.7839)	
Epoch: [15][30/97]	Time 0.730 (0.682)	Loss 0.3208 (0.4550)	Prec @1 0.8203 (0.7835)	
Epoch: [15][40/97]	Time 0.721 (0.687)	Loss 0.3458 (0.4595)	Prec @1 0.8203 (0.7832)	
Epoch: [15][50/97]	Time 0.682 (0.686)	Loss 0.5275 (0.4602)	Prec @1 0.7656 (0.7822)	
Epoch: [15][60/97]	Time 0.697 (0.687)	Loss 0.4308 (0.4578)	Prec @1 0.7656 (0.7838)	
Epoch: [15][70/97]	Time 0.713 (0.687)	Loss 0.3797 (0.4594)	Prec @1 0.7969 (0.7839)	
Epoch: [15][80/97]	Time 0.791 (0.693)	Loss 0.5026 (0.4603)	Prec @1 0.7500 (0.7838)	
Epoch: [15][90/97]	Time 0.824 (0.695)	Loss 0.4944 (0.4609)	Prec @1 0.7578 (0.7816)	
Epoch: [15][0/100]	Time 0.159 (0.159)	
Epoch: [15][10/100]	Time 0.183 (0.161)	
Epoch: [15][20/100]	Time 0.154 (0.164)	
Epoch: [15][30/100]	Time 0.149 (0.164)	
Epoch: [15][40/100]	Time 0.167 (0.166)	
Epoch: [15][50/100]	Time 0.237 (0.179)	
Epoch: [15][60/100]	Time 0.134 (0.180)	
Epoch: [15][70/100]	Time 0.173 (0.175)	
Epoch: [15][80/100]	Time 0.183 (0.174)	
Epoch: [15][90/100]	Time 0.158 (0.174)	
Accuracy of Class 0: 0.8610
Accuracy of Class 1: 0.9750
Accuracy of Class 2: 0.6980
Accuracy of Class 3: 0.4680
Accuracy of Class 4: 0.1770
Accuracy of Class 5: 0.3660
Accuracy of Class 6: 0.1670
Accuracy of Class 7: 0.1500
Accuracy of Class 8: 0.0940
Accuracy of Class 9: 0.0020
* Prec @1: 0.3958
Epoch: [16][0/97]	Time 0.603 (0.603)	Loss 0.5713 (0.5713)	Prec @1 0.7188 (0.7188)	
Epoch: [16][10/97]	Time 0.690 (0.673)	Loss 0.3931 (0.4510)	Prec @1 0.8438 (0.7898)	
Epoch: [16][20/97]	Time 0.891 (0.716)	Loss 0.3954 (0.4427)	Prec @1 0.7812 (0.7872)	
Epoch: [16][30/97]	Time 0.738 (0.729)	Loss 0.4109 (0.4364)	Prec @1 0.7969 (0.7911)	
Epoch: [16][40/97]	Time 0.761 (0.730)	Loss 0.4221 (0.4467)	Prec @1 0.8047 (0.7894)	
Epoch: [16][50/97]	Time 0.746 (0.723)	Loss 0.3616 (0.4444)	Prec @1 0.7969 (0.7871)	
Epoch: [16][60/97]	Time 0.786 (0.722)	Loss 0.3864 (0.4490)	Prec @1 0.7812 (0.7843)	
Epoch: [16][70/97]	Time 0.674 (0.722)	Loss 0.5610 (0.4476)	Prec @1 0.7344 (0.7850)	
Epoch: [16][80/97]	Time 0.692 (0.720)	Loss 0.3076 (0.4459)	Prec @1 0.8359 (0.7862)	
Epoch: [16][90/97]	Time 0.676 (0.720)	Loss 0.4824 (0.4493)	Prec @1 0.7500 (0.7835)	
Epoch: [16][0/100]	Time 0.140 (0.140)	
Epoch: [16][10/100]	Time 0.164 (0.163)	
Epoch: [16][20/100]	Time 0.178 (0.168)	
Epoch: [16][30/100]	Time 0.164 (0.168)	
Epoch: [16][40/100]	Time 0.142 (0.169)	
Epoch: [16][50/100]	Time 0.180 (0.170)	
Epoch: [16][60/100]	Time 0.172 (0.170)	
Epoch: [16][70/100]	Time 0.158 (0.170)	
Epoch: [16][80/100]	Time 0.186 (0.170)	
Epoch: [16][90/100]	Time 0.178 (0.170)	
Accuracy of Class 0: 0.8610
Accuracy of Class 1: 0.9240
Accuracy of Class 2: 0.7780
Accuracy of Class 3: 0.5480
Accuracy of Class 4: 0.3000
Accuracy of Class 5: 0.3510
Accuracy of Class 6: 0.2170
Accuracy of Class 7: 0.0650
Accuracy of Class 8: 0.0260
Accuracy of Class 9: 0.0990
* Prec @1: 0.4169
Epoch: [17][0/97]	Time 0.667 (0.667)	Loss 0.4034 (0.4034)	Prec @1 0.8281 (0.8281)	
Epoch: [17][10/97]	Time 0.686 (0.685)	Loss 0.4759 (0.4036)	Prec @1 0.7656 (0.8075)	
Epoch: [17][20/97]	Time 0.690 (0.696)	Loss 0.4825 (0.4176)	Prec @1 0.7812 (0.8032)	
Epoch: [17][30/97]	Time 0.660 (0.702)	Loss 0.4515 (0.4299)	Prec @1 0.7578 (0.7954)	
Epoch: [17][40/97]	Time 0.688 (0.702)	Loss 0.4162 (0.4383)	Prec @1 0.7812 (0.7910)	
Epoch: [17][50/97]	Time 0.738 (0.703)	Loss 0.5098 (0.4380)	Prec @1 0.7578 (0.7901)	
Epoch: [17][60/97]	Time 0.731 (0.703)	Loss 0.4432 (0.4333)	Prec @1 0.7969 (0.7902)	
Epoch: [17][70/97]	Time 0.745 (0.704)	Loss 0.3404 (0.4381)	Prec @1 0.8359 (0.7886)	
Epoch: [17][80/97]	Time 0.808 (0.705)	Loss 0.3542 (0.4328)	Prec @1 0.8281 (0.7910)	
Epoch: [17][90/97]	Time 0.644 (0.706)	Loss 0.4819 (0.4304)	Prec @1 0.8047 (0.7926)	
Epoch: [17][0/100]	Time 0.169 (0.169)	
Epoch: [17][10/100]	Time 0.169 (0.170)	
Epoch: [17][20/100]	Time 0.151 (0.170)	
Epoch: [17][30/100]	Time 0.174 (0.170)	
Epoch: [17][40/100]	Time 0.169 (0.170)	
Epoch: [17][50/100]	Time 0.175 (0.170)	
Epoch: [17][60/100]	Time 0.159 (0.171)	
Epoch: [17][70/100]	Time 0.172 (0.169)	
Epoch: [17][80/100]	Time 0.180 (0.169)	
Epoch: [17][90/100]	Time 0.161 (0.169)	
Accuracy of Class 0: 0.8600
Accuracy of Class 1: 0.7520
Accuracy of Class 2: 0.6700
Accuracy of Class 3: 0.5490
Accuracy of Class 4: 0.6140
Accuracy of Class 5: 0.4060
Accuracy of Class 6: 0.0510
Accuracy of Class 7: 0.2420
Accuracy of Class 8: 0.0520
Accuracy of Class 9: 0.0000
* Prec @1: 0.4196
Epoch: [18][0/97]	Time 0.526 (0.526)	Loss 0.4768 (0.4768)	Prec @1 0.7969 (0.7969)	
Epoch: [18][10/97]	Time 0.803 (0.726)	Loss 0.3285 (0.4183)	Prec @1 0.8516 (0.8082)	
Epoch: [18][20/97]	Time 0.730 (0.730)	Loss 0.3017 (0.4205)	Prec @1 0.8438 (0.8006)	
Epoch: [18][30/97]	Time 0.723 (0.730)	Loss 0.3774 (0.4079)	Prec @1 0.8516 (0.8034)	
Epoch: [18][40/97]	Time 0.766 (0.750)	Loss 0.3700 (0.3993)	Prec @1 0.8281 (0.8093)	
Epoch: [18][50/97]	Time 0.750 (0.744)	Loss 0.3962 (0.3992)	Prec @1 0.7969 (0.8091)	
Epoch: [18][60/97]	Time 0.775 (0.737)	Loss 0.3628 (0.3993)	Prec @1 0.8203 (0.8071)	
Epoch: [18][70/97]	Time 0.754 (0.733)	Loss 0.3299 (0.3957)	Prec @1 0.8203 (0.8083)	
Epoch: [18][80/97]	Time 0.726 (0.729)	Loss 0.4057 (0.3931)	Prec @1 0.8047 (0.8111)	
Epoch: [18][90/97]	Time 0.750 (0.726)	Loss 0.3452 (0.3892)	Prec @1 0.8281 (0.8125)	
Epoch: [18][0/100]	Time 0.140 (0.140)	
Epoch: [18][10/100]	Time 0.144 (0.145)	
Epoch: [18][20/100]	Time 0.172 (0.152)	
Epoch: [18][30/100]	Time 0.172 (0.158)	
Epoch: [18][40/100]	Time 0.155 (0.163)	
Epoch: [18][50/100]	Time 0.154 (0.164)	
Epoch: [18][60/100]	Time 0.155 (0.164)	
Epoch: [18][70/100]	Time 0.169 (0.166)	
Epoch: [18][80/100]	Time 0.173 (0.166)	
Epoch: [18][90/100]	Time 0.169 (0.166)	
Accuracy of Class 0: 0.8950
Accuracy of Class 1: 0.9480
Accuracy of Class 2: 0.6790
Accuracy of Class 3: 0.6190
Accuracy of Class 4: 0.5650
Accuracy of Class 5: 0.2940
Accuracy of Class 6: 0.3530
Accuracy of Class 7: 0.3040
Accuracy of Class 8: 0.0840
Accuracy of Class 9: 0.0650
* Prec @1: 0.4806
Epoch: [19][0/97]	Time 0.653 (0.653)	Loss 0.3962 (0.3962)	Prec @1 0.8047 (0.8047)	
Epoch: [19][10/97]	Time 0.714 (0.662)	Loss 0.3493 (0.4034)	Prec @1 0.8438 (0.8132)	
Epoch: [19][20/97]	Time 0.676 (0.687)	Loss 0.3902 (0.3927)	Prec @1 0.7656 (0.8136)	
Epoch: [19][30/97]	Time 0.718 (0.697)	Loss 0.4652 (0.3864)	Prec @1 0.7656 (0.8150)	
Epoch: [19][40/97]	Time 0.711 (0.699)	Loss 0.2805 (0.3752)	Prec @1 0.8672 (0.8216)	
Epoch: [19][50/97]	Time 0.708 (0.703)	Loss 0.3444 (0.3784)	Prec @1 0.8594 (0.8179)	
Epoch: [19][60/97]	Time 0.495 (0.681)	Loss 0.3820 (0.3772)	Prec @1 0.8047 (0.8175)	
Epoch: [19][70/97]	Time 0.454 (0.651)	Loss 0.3865 (0.3742)	Prec @1 0.8125 (0.8195)	
Epoch: [19][80/97]	Time 0.485 (0.628)	Loss 0.3513 (0.3740)	Prec @1 0.7891 (0.8197)	
Epoch: [19][90/97]	Time 0.501 (0.617)	Loss 0.4230 (0.3735)	Prec @1 0.8359 (0.8207)	
Epoch: [19][0/100]	Time 0.085 (0.085)	
Epoch: [19][10/100]	Time 0.102 (0.085)	
Epoch: [19][20/100]	Time 0.108 (0.093)	
Epoch: [19][30/100]	Time 0.110 (0.104)	
Epoch: [19][40/100]	Time 0.132 (0.108)	
Epoch: [19][50/100]	Time 0.127 (0.113)	
Epoch: [19][60/100]	Time 0.102 (0.114)	
Epoch: [19][70/100]	Time 0.112 (0.115)	
Epoch: [19][80/100]	Time 0.124 (0.116)	
Epoch: [19][90/100]	Time 0.137 (0.117)	
Accuracy of Class 0: 0.8920
Accuracy of Class 1: 0.9410
Accuracy of Class 2: 0.6920
Accuracy of Class 3: 0.6440
Accuracy of Class 4: 0.5700
Accuracy of Class 5: 0.3300
Accuracy of Class 6: 0.3700
Accuracy of Class 7: 0.2500
Accuracy of Class 8: 0.1090
Accuracy of Class 9: 0.0460
* Prec @1: 0.4844
Epoch: [20][0/97]	Time 0.363 (0.363)	Loss 0.3882 (0.3882)	Prec @1 0.8359 (0.8359)	
Epoch: [20][10/97]	Time 0.470 (0.465)	Loss 0.3985 (0.3720)	Prec @1 0.8438 (0.8246)	
Epoch: [20][20/97]	Time 0.499 (0.490)	Loss 0.4032 (0.3759)	Prec @1 0.7969 (0.8222)	
Epoch: [20][30/97]	Time 0.474 (0.485)	Loss 0.4319 (0.3683)	Prec @1 0.8359 (0.8254)	
Epoch: [20][40/97]	Time 0.437 (0.479)	Loss 0.3145 (0.3702)	Prec @1 0.8203 (0.8211)	
Epoch: [20][50/97]	Time 0.491 (0.475)	Loss 0.3403 (0.3632)	Prec @1 0.8047 (0.8218)	
Epoch: [20][60/97]	Time 0.436 (0.476)	Loss 0.4151 (0.3658)	Prec @1 0.8203 (0.8216)	
Epoch: [20][70/97]	Time 0.530 (0.474)	Loss 0.3797 (0.3721)	Prec @1 0.8516 (0.8194)	
Epoch: [20][80/97]	Time 0.560 (0.480)	Loss 0.3447 (0.3696)	Prec @1 0.8359 (0.8205)	
Epoch: [20][90/97]	Time 0.425 (0.473)	Loss 0.2978 (0.3675)	Prec @1 0.8516 (0.8199)	
Epoch: [20][0/100]	Time 0.074 (0.074)	
Epoch: [20][10/100]	Time 0.090 (0.081)	
Epoch: [20][20/100]	Time 0.106 (0.092)	
Epoch: [20][30/100]	Time 0.105 (0.097)	
Epoch: [20][40/100]	Time 0.111 (0.103)	
Epoch: [20][50/100]	Time 0.127 (0.106)	
Epoch: [20][60/100]	Time 0.105 (0.107)	
Epoch: [20][70/100]	Time 0.111 (0.108)	
Epoch: [20][80/100]	Time 0.115 (0.109)	
Epoch: [20][90/100]	Time 0.110 (0.109)	
Accuracy of Class 0: 0.8990
Accuracy of Class 1: 0.9490
Accuracy of Class 2: 0.6500
Accuracy of Class 3: 0.6790
Accuracy of Class 4: 0.5570
Accuracy of Class 5: 0.2550
Accuracy of Class 6: 0.3960
Accuracy of Class 7: 0.2120
Accuracy of Class 8: 0.0830
Accuracy of Class 9: 0.0660
* Prec @1: 0.4746
Epoch: [21][0/97]	Time 0.373 (0.373)	Loss 0.3517 (0.3517)	Prec @1 0.8516 (0.8516)	
Epoch: [21][10/97]	Time 0.500 (0.490)	Loss 0.3501 (0.3341)	Prec @1 0.8438 (0.8374)	
Epoch: [21][20/97]	Time 0.453 (0.471)	Loss 0.4719 (0.3592)	Prec @1 0.7969 (0.8196)	
Epoch: [21][30/97]	Time 0.525 (0.471)	Loss 0.4028 (0.3581)	Prec @1 0.8438 (0.8193)	
Epoch: [21][40/97]	Time 0.532 (0.487)	Loss 0.3969 (0.3600)	Prec @1 0.7891 (0.8180)	
Epoch: [21][50/97]	Time 0.408 (0.477)	Loss 0.3942 (0.3603)	Prec @1 0.8047 (0.8168)	
Epoch: [21][60/97]	Time 0.452 (0.474)	Loss 0.3123 (0.3568)	Prec @1 0.8438 (0.8206)	
Epoch: [21][70/97]	Time 0.477 (0.472)	Loss 0.4644 (0.3619)	Prec @1 0.8125 (0.8194)	
Epoch: [21][80/97]	Time 0.679 (0.498)	Loss 0.3182 (0.3628)	Prec @1 0.8438 (0.8205)	
Epoch: [21][90/97]	Time 0.646 (0.521)	Loss 0.3669 (0.3635)	Prec @1 0.7891 (0.8209)	
Epoch: [21][0/100]	Time 0.164 (0.164)	
Epoch: [21][10/100]	Time 0.161 (0.166)	
Epoch: [21][20/100]	Time 0.172 (0.168)	
Epoch: [21][30/100]	Time 0.181 (0.168)	
Epoch: [21][40/100]	Time 0.160 (0.167)	
Epoch: [21][50/100]	Time 0.156 (0.168)	
Epoch: [21][60/100]	Time 0.134 (0.167)	
Epoch: [21][70/100]	Time 0.181 (0.166)	
Epoch: [21][80/100]	Time 0.231 (0.169)	
Epoch: [21][90/100]	Time 0.220 (0.176)	
Accuracy of Class 0: 0.8950
Accuracy of Class 1: 0.9520
Accuracy of Class 2: 0.6830
Accuracy of Class 3: 0.5890
Accuracy of Class 4: 0.5280
Accuracy of Class 5: 0.4070
Accuracy of Class 6: 0.3850
Accuracy of Class 7: 0.3030
Accuracy of Class 8: 0.1110
Accuracy of Class 9: 0.0870
* Prec @1: 0.4940
Epoch: [22][0/97]	Time 0.595 (0.595)	Loss 0.4335 (0.4335)	Prec @1 0.8125 (0.8125)	
Epoch: [22][10/97]	Time 0.719 (0.674)	Loss 0.3846 (0.4145)	Prec @1 0.8047 (0.8075)	
Epoch: [22][20/97]	Time 0.743 (0.694)	Loss 0.4121 (0.3841)	Prec @1 0.8359 (0.8203)	
Epoch: [22][30/97]	Time 0.685 (0.696)	Loss 0.3398 (0.3676)	Prec @1 0.8516 (0.8264)	
Epoch: [22][40/97]	Time 0.707 (0.696)	Loss 0.3034 (0.3599)	Prec @1 0.8281 (0.8289)	
Epoch: [22][50/97]	Time 0.695 (0.702)	Loss 0.2605 (0.3637)	Prec @1 0.8281 (0.8264)	
Epoch: [22][60/97]	Time 0.689 (0.703)	Loss 0.3475 (0.3658)	Prec @1 0.8438 (0.8274)	
Epoch: [22][70/97]	Time 0.705 (0.701)	Loss 0.4208 (0.3628)	Prec @1 0.7734 (0.8275)	
Epoch: [22][80/97]	Time 0.701 (0.705)	Loss 0.3073 (0.3635)	Prec @1 0.8438 (0.8269)	
Epoch: [22][90/97]	Time 0.632 (0.705)	Loss 0.2739 (0.3603)	Prec @1 0.8516 (0.8267)	
Epoch: [22][0/100]	Time 0.171 (0.171)	
Epoch: [22][10/100]	Time 0.185 (0.168)	
Epoch: [22][20/100]	Time 0.156 (0.166)	
Epoch: [22][30/100]	Time 0.174 (0.167)	
Epoch: [22][40/100]	Time 0.158 (0.168)	
Epoch: [22][50/100]	Time 0.170 (0.168)	
Epoch: [22][60/100]	Time 0.174 (0.167)	
Epoch: [22][70/100]	Time 0.158 (0.167)	
Epoch: [22][80/100]	Time 0.164 (0.167)	
Epoch: [22][90/100]	Time 0.191 (0.168)	
Accuracy of Class 0: 0.9230
Accuracy of Class 1: 0.9420
Accuracy of Class 2: 0.6700
Accuracy of Class 3: 0.6110
Accuracy of Class 4: 0.5310
Accuracy of Class 5: 0.3580
Accuracy of Class 6: 0.3390
Accuracy of Class 7: 0.2690
Accuracy of Class 8: 0.0820
Accuracy of Class 9: 0.0720
* Prec @1: 0.4797
Epoch: [23][0/97]	Time 0.635 (0.635)	Loss 0.4345 (0.4345)	Prec @1 0.7578 (0.7578)	
Epoch: [23][10/97]	Time 0.698 (0.658)	Loss 0.3372 (0.3475)	Prec @1 0.8359 (0.8253)	
Epoch: [23][20/97]	Time 0.684 (0.683)	Loss 0.2273 (0.3449)	Prec @1 0.8984 (0.8318)	
Epoch: [23][30/97]	Time 0.744 (0.694)	Loss 0.3022 (0.3400)	Prec @1 0.8281 (0.8296)	
Epoch: [23][40/97]	Time 0.876 (0.707)	Loss 0.2941 (0.3393)	Prec @1 0.8438 (0.8304)	
Epoch: [23][50/97]	Time 0.723 (0.694)	Loss 0.3705 (0.3425)	Prec @1 0.8438 (0.8287)	
Epoch: [23][60/97]	Time 0.666 (0.689)	Loss 0.3522 (0.3464)	Prec @1 0.8203 (0.8290)	
Epoch: [23][70/97]	Time 0.686 (0.689)	Loss 0.4162 (0.3460)	Prec @1 0.7734 (0.8296)	
Epoch: [23][80/97]	Time 0.715 (0.689)	Loss 0.3959 (0.3498)	Prec @1 0.8203 (0.8285)	
Epoch: [23][90/97]	Time 0.724 (0.691)	Loss 0.3693 (0.3497)	Prec @1 0.8438 (0.8292)	
Epoch: [23][0/100]	Time 0.175 (0.175)	
Epoch: [23][10/100]	Time 0.175 (0.164)	
Epoch: [23][20/100]	Time 0.169 (0.166)	
Epoch: [23][30/100]	Time 0.173 (0.167)	
Epoch: [23][40/100]	Time 0.147 (0.166)	
Epoch: [23][50/100]	Time 0.174 (0.166)	
Epoch: [23][60/100]	Time 0.268 (0.173)	
Epoch: [23][70/100]	Time 0.143 (0.179)	
Epoch: [23][80/100]	Time 0.134 (0.174)	
Epoch: [23][90/100]	Time 0.182 (0.171)	
Accuracy of Class 0: 0.9370
Accuracy of Class 1: 0.9200
Accuracy of Class 2: 0.6010
Accuracy of Class 3: 0.6160
Accuracy of Class 4: 0.6120
Accuracy of Class 5: 0.3480
Accuracy of Class 6: 0.3770
Accuracy of Class 7: 0.3290
Accuracy of Class 8: 0.0760
Accuracy of Class 9: 0.1020
* Prec @1: 0.4918
Epoch: [24][0/97]	Time 0.584 (0.584)	Loss 0.3580 (0.3580)	Prec @1 0.8125 (0.8125)	
Epoch: [24][10/97]	Time 0.705 (0.671)	Loss 0.3462 (0.3512)	Prec @1 0.8672 (0.8366)	
Epoch: [24][20/97]	Time 0.703 (0.680)	Loss 0.3371 (0.3533)	Prec @1 0.8125 (0.8330)	
Epoch: [24][30/97]	Time 0.693 (0.684)	Loss 0.3842 (0.3545)	Prec @1 0.8438 (0.8314)	
Epoch: [24][40/97]	Time 0.714 (0.685)	Loss 0.3029 (0.3590)	Prec @1 0.8359 (0.8287)	
Epoch: [24][50/97]	Time 0.687 (0.689)	Loss 0.3145 (0.3652)	Prec @1 0.8359 (0.8267)	
Epoch: [24][60/97]	Time 0.691 (0.698)	Loss 0.4293 (0.3605)	Prec @1 0.7969 (0.8267)	
Epoch: [24][70/97]	Time 0.705 (0.701)	Loss 0.3894 (0.3569)	Prec @1 0.8359 (0.8290)	
Epoch: [24][80/97]	Time 0.693 (0.702)	Loss 0.3507 (0.3576)	Prec @1 0.8125 (0.8273)	
Epoch: [24][90/97]	Time 0.684 (0.702)	Loss 0.3286 (0.3532)	Prec @1 0.8516 (0.8285)	
Epoch: [24][0/100]	Time 0.173 (0.173)	
Epoch: [24][10/100]	Time 0.175 (0.168)	
Epoch: [24][20/100]	Time 0.170 (0.166)	
Epoch: [24][30/100]	Time 0.174 (0.166)	
Epoch: [24][40/100]	Time 0.158 (0.165)	
Epoch: [24][50/100]	Time 0.174 (0.165)	
Epoch: [24][60/100]	Time 0.152 (0.165)	
Epoch: [24][70/100]	Time 0.168 (0.165)	
Epoch: [24][80/100]	Time 0.159 (0.165)	
Epoch: [24][90/100]	Time 0.170 (0.166)	
Accuracy of Class 0: 0.9150
Accuracy of Class 1: 0.9420
Accuracy of Class 2: 0.6550
Accuracy of Class 3: 0.6250
Accuracy of Class 4: 0.5690
Accuracy of Class 5: 0.3370
Accuracy of Class 6: 0.4020
Accuracy of Class 7: 0.2920
Accuracy of Class 8: 0.0980
Accuracy of Class 9: 0.0930
* Prec @1: 0.4928
Epoch: [25][0/97]	Time 0.728 (0.728)	Loss 0.4430 (0.4430)	Prec @1 0.7734 (0.7734)	
Epoch: [25][10/97]	Time 0.687 (0.696)	Loss 0.3325 (0.3452)	Prec @1 0.8125 (0.8224)	
Epoch: [25][20/97]	Time 0.669 (0.701)	Loss 0.4025 (0.3458)	Prec @1 0.8438 (0.8311)	
Epoch: [25][30/97]	Time 0.647 (0.702)	Loss 0.3589 (0.3466)	Prec @1 0.8438 (0.8311)	
Epoch: [25][40/97]	Time 0.701 (0.698)	Loss 0.3795 (0.3494)	Prec @1 0.8125 (0.8308)	
Epoch: [25][50/97]	Time 0.658 (0.701)	Loss 0.3527 (0.3446)	Prec @1 0.8359 (0.8318)	
Epoch: [25][60/97]	Time 0.657 (0.699)	Loss 0.4115 (0.3434)	Prec @1 0.7891 (0.8321)	
Epoch: [25][70/97]	Time 0.770 (0.703)	Loss 0.3905 (0.3448)	Prec @1 0.8047 (0.8312)	
Epoch: [25][80/97]	Time 0.708 (0.704)	Loss 0.2980 (0.3447)	Prec @1 0.8516 (0.8311)	
Epoch: [25][90/97]	Time 0.677 (0.704)	Loss 0.4050 (0.3448)	Prec @1 0.8203 (0.8318)	
Epoch: [25][0/100]	Time 0.121 (0.121)	
Epoch: [25][10/100]	Time 0.140 (0.139)	
Epoch: [25][20/100]	Time 0.165 (0.143)	
Epoch: [25][30/100]	Time 0.166 (0.151)	
Epoch: [25][40/100]	Time 0.166 (0.155)	
Epoch: [25][50/100]	Time 0.158 (0.158)	
Epoch: [25][60/100]	Time 0.175 (0.159)	
Epoch: [25][70/100]	Time 0.157 (0.161)	
Epoch: [25][80/100]	Time 0.187 (0.162)	
Epoch: [25][90/100]	Time 0.168 (0.163)	
Accuracy of Class 0: 0.9120
Accuracy of Class 1: 0.9370
Accuracy of Class 2: 0.6710
Accuracy of Class 3: 0.6320
Accuracy of Class 4: 0.5590
Accuracy of Class 5: 0.3390
Accuracy of Class 6: 0.4110
Accuracy of Class 7: 0.2900
Accuracy of Class 8: 0.0960
Accuracy of Class 9: 0.0870
* Prec @1: 0.4934
Epoch: [26][0/97]	Time 0.578 (0.578)	Loss 0.4767 (0.4767)	Prec @1 0.7891 (0.7891)	
Epoch: [26][10/97]	Time 0.684 (0.664)	Loss 0.3555 (0.3793)	Prec @1 0.8359 (0.8139)	
Epoch: [26][20/97]	Time 0.687 (0.680)	Loss 0.4795 (0.3655)	Prec @1 0.7344 (0.8173)	
Epoch: [26][30/97]	Time 0.684 (0.689)	Loss 0.3017 (0.3634)	Prec @1 0.8359 (0.8183)	
Epoch: [26][40/97]	Time 0.737 (0.691)	Loss 0.3127 (0.3595)	Prec @1 0.8203 (0.8192)	
Epoch: [26][50/97]	Time 0.680 (0.691)	Loss 0.3922 (0.3576)	Prec @1 0.8203 (0.8197)	
Epoch: [26][60/97]	Time 0.699 (0.690)	Loss 0.2673 (0.3545)	Prec @1 0.8906 (0.8220)	
Epoch: [26][70/97]	Time 0.668 (0.690)	Loss 0.2708 (0.3548)	Prec @1 0.8281 (0.8221)	
Epoch: [26][80/97]	Time 0.707 (0.689)	Loss 0.3941 (0.3573)	Prec @1 0.8203 (0.8219)	
Epoch: [26][90/97]	Time 0.703 (0.689)	Loss 0.3354 (0.3535)	Prec @1 0.8594 (0.8237)	
Epoch: [26][0/100]	Time 0.126 (0.126)	
Epoch: [26][10/100]	Time 0.158 (0.157)	
Epoch: [26][20/100]	Time 0.158 (0.163)	
Epoch: [26][30/100]	Time 0.171 (0.163)	
Epoch: [26][40/100]	Time 0.175 (0.164)	
Epoch: [26][50/100]	Time 0.166 (0.164)	
Epoch: [26][60/100]	Time 0.166 (0.165)	
Epoch: [26][70/100]	Time 0.215 (0.166)	
Epoch: [26][80/100]	Time 0.177 (0.168)	
Epoch: [26][90/100]	Time 0.192 (0.169)	
Accuracy of Class 0: 0.9060
Accuracy of Class 1: 0.9520
Accuracy of Class 2: 0.6640
Accuracy of Class 3: 0.6290
Accuracy of Class 4: 0.5760
Accuracy of Class 5: 0.3440
Accuracy of Class 6: 0.4020
Accuracy of Class 7: 0.3040
Accuracy of Class 8: 0.1000
Accuracy of Class 9: 0.0880
* Prec @1: 0.4965
Epoch: [27][0/97]	Time 0.602 (0.602)	Loss 0.4545 (0.4545)	Prec @1 0.7656 (0.7656)	
Epoch: [27][10/97]	Time 0.689 (0.675)	Loss 0.3352 (0.3483)	Prec @1 0.8594 (0.8253)	
Epoch: [27][20/97]	Time 0.738 (0.694)	Loss 0.2704 (0.3499)	Prec @1 0.8594 (0.8285)	
Epoch: [27][30/97]	Time 0.716 (0.702)	Loss 0.3577 (0.3604)	Prec @1 0.8047 (0.8218)	
Epoch: [27][40/97]	Time 0.696 (0.706)	Loss 0.2575 (0.3587)	Prec @1 0.8984 (0.8220)	
Epoch: [27][50/97]	Time 0.693 (0.704)	Loss 0.2785 (0.3538)	Prec @1 0.8594 (0.8240)	
Epoch: [27][60/97]	Time 0.780 (0.707)	Loss 0.4212 (0.3537)	Prec @1 0.7812 (0.8225)	
Epoch: [27][70/97]	Time 0.666 (0.707)	Loss 0.2764 (0.3517)	Prec @1 0.8438 (0.8231)	
Epoch: [27][80/97]	Time 0.689 (0.707)	Loss 0.3509 (0.3508)	Prec @1 0.8516 (0.8234)	
Epoch: [27][90/97]	Time 0.695 (0.705)	Loss 0.3308 (0.3497)	Prec @1 0.8594 (0.8257)	
Epoch: [27][0/100]	Time 0.169 (0.169)	
Epoch: [27][10/100]	Time 0.174 (0.171)	
Epoch: [27][20/100]	Time 0.158 (0.168)	
Epoch: [27][30/100]	Time 0.160 (0.169)	
Epoch: [27][40/100]	Time 0.188 (0.171)	
Epoch: [27][50/100]	Time 0.211 (0.173)	
Epoch: [27][60/100]	Time 0.165 (0.172)	
Epoch: [27][70/100]	Time 0.175 (0.172)	
Epoch: [27][80/100]	Time 0.164 (0.172)	
Epoch: [27][90/100]	Time 0.176 (0.172)	
Accuracy of Class 0: 0.9090
Accuracy of Class 1: 0.9480
Accuracy of Class 2: 0.6660
Accuracy of Class 3: 0.6290
Accuracy of Class 4: 0.5620
Accuracy of Class 5: 0.3530
Accuracy of Class 6: 0.3920
Accuracy of Class 7: 0.2980
Accuracy of Class 8: 0.0940
Accuracy of Class 9: 0.0910
* Prec @1: 0.4942
Epoch: [28][0/97]	Time 0.613 (0.613)	Loss 0.3962 (0.3962)	Prec @1 0.8047 (0.8047)	
Epoch: [28][10/97]	Time 0.747 (0.659)	Loss 0.3029 (0.3416)	Prec @1 0.8438 (0.8395)	
Epoch: [28][20/97]	Time 0.738 (0.684)	Loss 0.3576 (0.3482)	Prec @1 0.8125 (0.8330)	
Epoch: [28][30/97]	Time 0.696 (0.690)	Loss 0.2611 (0.3508)	Prec @1 0.9141 (0.8317)	
Epoch: [28][40/97]	Time 0.667 (0.689)	Loss 0.2333 (0.3471)	Prec @1 0.8828 (0.8348)	
Epoch: [28][50/97]	Time 0.653 (0.690)	Loss 0.3670 (0.3421)	Prec @1 0.8281 (0.8321)	
Epoch: [28][60/97]	Time 0.646 (0.690)	Loss 0.3813 (0.3427)	Prec @1 0.8203 (0.8324)	
Epoch: [28][70/97]	Time 0.844 (0.700)	Loss 0.2608 (0.3442)	Prec @1 0.8750 (0.8321)	
Epoch: [28][80/97]	Time 0.691 (0.705)	Loss 0.3303 (0.3436)	Prec @1 0.8359 (0.8323)	
Epoch: [28][90/97]	Time 0.885 (0.713)	Loss 0.4236 (0.3437)	Prec @1 0.7812 (0.8318)	
Epoch: [28][0/100]	Time 0.138 (0.138)	
Epoch: [28][10/100]	Time 0.167 (0.161)	
Epoch: [28][20/100]	Time 0.169 (0.167)	
Epoch: [28][30/100]	Time 0.183 (0.169)	
Epoch: [28][40/100]	Time 0.182 (0.170)	
Epoch: [28][50/100]	Time 0.186 (0.172)	
Epoch: [28][60/100]	Time 0.189 (0.172)	
Epoch: [28][70/100]	Time 0.150 (0.172)	
Epoch: [28][80/100]	Time 0.190 (0.172)	
Epoch: [28][90/100]	Time 0.176 (0.172)	
Accuracy of Class 0: 0.9060
Accuracy of Class 1: 0.9450
Accuracy of Class 2: 0.6830
Accuracy of Class 3: 0.6230
Accuracy of Class 4: 0.5710
Accuracy of Class 5: 0.3590
Accuracy of Class 6: 0.3970
Accuracy of Class 7: 0.2970
Accuracy of Class 8: 0.0990
Accuracy of Class 9: 0.0950
* Prec @1: 0.4975
Epoch: [29][0/97]	Time 0.703 (0.703)	Loss 0.4208 (0.4208)	Prec @1 0.7891 (0.7891)	
Epoch: [29][10/97]	Time 0.641 (0.709)	Loss 0.3752 (0.3435)	Prec @1 0.7812 (0.8267)	
Epoch: [29][20/97]	Time 0.666 (0.707)	Loss 0.3072 (0.3440)	Prec @1 0.8828 (0.8300)	
Epoch: [29][30/97]	Time 0.742 (0.710)	Loss 0.3892 (0.3450)	Prec @1 0.8281 (0.8286)	
Epoch: [29][40/97]	Time 0.729 (0.714)	Loss 0.2841 (0.3472)	Prec @1 0.8750 (0.8274)	
Epoch: [29][50/97]	Time 0.627 (0.722)	Loss 0.3076 (0.3475)	Prec @1 0.8125 (0.8271)	
Epoch: [29][60/97]	Time 0.730 (0.718)	Loss 0.3595 (0.3461)	Prec @1 0.8281 (0.8279)	
Epoch: [29][70/97]	Time 0.762 (0.720)	Loss 0.2723 (0.3461)	Prec @1 0.8438 (0.8282)	
Epoch: [29][80/97]	Time 0.676 (0.720)	Loss 0.3902 (0.3518)	Prec @1 0.8125 (0.8261)	
Epoch: [29][90/97]	Time 0.772 (0.722)	Loss 0.3867 (0.3498)	Prec @1 0.7969 (0.8270)	
Epoch: [29][0/100]	Time 0.150 (0.150)	
Epoch: [29][10/100]	Time 0.157 (0.159)	
Epoch: [29][20/100]	Time 0.196 (0.170)	
Epoch: [29][30/100]	Time 0.191 (0.176)	
Epoch: [29][40/100]	Time 0.169 (0.175)	
Epoch: [29][50/100]	Time 0.160 (0.174)	
Epoch: [29][60/100]	Time 0.186 (0.174)	
Epoch: [29][70/100]	Time 0.163 (0.172)	
Epoch: [29][80/100]	Time 0.213 (0.174)	
Epoch: [29][90/100]	Time 0.254 (0.183)	
Accuracy of Class 0: 0.9130
Accuracy of Class 1: 0.9440
Accuracy of Class 2: 0.6570
Accuracy of Class 3: 0.6130
Accuracy of Class 4: 0.5760
Accuracy of Class 5: 0.3380
Accuracy of Class 6: 0.4110
Accuracy of Class 7: 0.3030
Accuracy of Class 8: 0.1040
Accuracy of Class 9: 0.1070
* Prec @1: 0.4966
Best Prec @1 Acccuracy: 0.4975
Accuracy of Class 0: 0.9060
Accuracy of Class 1: 0.9450
Accuracy of Class 2: 0.6830
Accuracy of Class 3: 0.6230
Accuracy of Class 4: 0.5710
Accuracy of Class 5: 0.3590
Accuracy of Class 6: 0.3970
Accuracy of Class 7: 0.2970
Accuracy of Class 8: 0.0990
Accuracy of Class 9: 0.0950
