Files already downloaded and verified
ResNet_s(
  (conv1): Conv2d(3, 16, kernel_size=(3, 3), stride=(1, 1), padding=(1, 1), bias=False)
  (bn1): BatchNorm2d(16, eps=1e-05, momentum=0.1, affine=True, track_running_stats=True)
  (layer1): Sequential(
    (0): BasicBlock(
      (conv1): Conv2d(16, 16, kernel_size=(3, 3), stride=(1, 1), padding=(1, 1), bias=False)
      (bn1): BatchNorm2d(16, eps=1e-05, momentum=0.1, affine=True, track_running_stats=True)
      (conv2): Conv2d(16, 16, kernel_size=(3, 3), stride=(1, 1), padding=(1, 1), bias=False)
      (bn2): BatchNorm2d(16, eps=1e-05, momentum=0.1, affine=True, track_running_stats=True)
      (shortcut): Sequential()
    )
    (1): BasicBlock(
      (conv1): Conv2d(16, 16, kernel_size=(3, 3), stride=(1, 1), padding=(1, 1), bias=False)
      (bn1): BatchNorm2d(16, eps=1e-05, momentum=0.1, affine=True, track_running_stats=True)
      (conv2): Conv2d(16, 16, kernel_size=(3, 3), stride=(1, 1), padding=(1, 1), bias=False)
      (bn2): BatchNorm2d(16, eps=1e-05, momentum=0.1, affine=True, track_running_stats=True)
      (shortcut): Sequential()
    )
    (2): BasicBlock(
      (conv1): Conv2d(16, 16, kernel_size=(3, 3), stride=(1, 1), padding=(1, 1), bias=False)
      (bn1): BatchNorm2d(16, eps=1e-05, momentum=0.1, affine=True, track_running_stats=True)
      (conv2): Conv2d(16, 16, kernel_size=(3, 3), stride=(1, 1), padding=(1, 1), bias=False)
      (bn2): BatchNorm2d(16, eps=1e-05, momentum=0.1, affine=True, track_running_stats=True)
      (shortcut): Sequential()
    )
    (3): BasicBlock(
      (conv1): Conv2d(16, 16, kernel_size=(3, 3), stride=(1, 1), padding=(1, 1), bias=False)
      (bn1): BatchNorm2d(16, eps=1e-05, momentum=0.1, affine=True, track_running_stats=True)
      (conv2): Conv2d(16, 16, kernel_size=(3, 3), stride=(1, 1), padding=(1, 1), bias=False)
      (bn2): BatchNorm2d(16, eps=1e-05, momentum=0.1, affine=True, track_running_stats=True)
      (shortcut): Sequential()
    )
    (4): BasicBlock(
      (conv1): Conv2d(16, 16, kernel_size=(3, 3), stride=(1, 1), padding=(1, 1), bias=False)
      (bn1): BatchNorm2d(16, eps=1e-05, momentum=0.1, affine=True, track_running_stats=True)
      (conv2): Conv2d(16, 16, kernel_size=(3, 3), stride=(1, 1), padding=(1, 1), bias=False)
      (bn2): BatchNorm2d(16, eps=1e-05, momentum=0.1, affine=True, track_running_stats=True)
      (shortcut): Sequential()
    )
  )
  (layer2): Sequential(
    (0): BasicBlock(
      (conv1): Conv2d(16, 32, kernel_size=(3, 3), stride=(2, 2), padding=(1, 1), bias=False)
      (bn1): BatchNorm2d(32, eps=1e-05, momentum=0.1, affine=True, track_running_stats=True)
      (conv2): Conv2d(32, 32, kernel_size=(3, 3), stride=(1, 1), padding=(1, 1), bias=False)
      (bn2): BatchNorm2d(32, eps=1e-05, momentum=0.1, affine=True, track_running_stats=True)
      (shortcut): LambdaLayer()
    )
    (1): BasicBlock(
      (conv1): Conv2d(32, 32, kernel_size=(3, 3), stride=(1, 1), padding=(1, 1), bias=False)
      (bn1): BatchNorm2d(32, eps=1e-05, momentum=0.1, affine=True, track_running_stats=True)
      (conv2): Conv2d(32, 32, kernel_size=(3, 3), stride=(1, 1), padding=(1, 1), bias=False)
      (bn2): BatchNorm2d(32, eps=1e-05, momentum=0.1, affine=True, track_running_stats=True)
      (shortcut): Sequential()
    )
    (2): BasicBlock(
      (conv1): Conv2d(32, 32, kernel_size=(3, 3), stride=(1, 1), padding=(1, 1), bias=False)
      (bn1): BatchNorm2d(32, eps=1e-05, momentum=0.1, affine=True, track_running_stats=True)
      (conv2): Conv2d(32, 32, kernel_size=(3, 3), stride=(1, 1), padding=(1, 1), bias=False)
      (bn2): BatchNorm2d(32, eps=1e-05, momentum=0.1, affine=True, track_running_stats=True)
      (shortcut): Sequential()
    )
    (3): BasicBlock(
      (conv1): Conv2d(32, 32, kernel_size=(3, 3), stride=(1, 1), padding=(1, 1), bias=False)
      (bn1): BatchNorm2d(32, eps=1e-05, momentum=0.1, affine=True, track_running_stats=True)
      (conv2): Conv2d(32, 32, kernel_size=(3, 3), stride=(1, 1), padding=(1, 1), bias=False)
      (bn2): BatchNorm2d(32, eps=1e-05, momentum=0.1, affine=True, track_running_stats=True)
      (shortcut): Sequential()
    )
    (4): BasicBlock(
      (conv1): Conv2d(32, 32, kernel_size=(3, 3), stride=(1, 1), padding=(1, 1), bias=False)
      (bn1): BatchNorm2d(32, eps=1e-05, momentum=0.1, affine=True, track_running_stats=True)
      (conv2): Conv2d(32, 32, kernel_size=(3, 3), stride=(1, 1), padding=(1, 1), bias=False)
      (bn2): BatchNorm2d(32, eps=1e-05, momentum=0.1, affine=True, track_running_stats=True)
      (shortcut): Sequential()
    )
  )
  (layer3): Sequential(
    (0): BasicBlock(
      (conv1): Conv2d(32, 64, kernel_size=(3, 3), stride=(2, 2), padding=(1, 1), bias=False)
      (bn1): BatchNorm2d(64, eps=1e-05, momentum=0.1, affine=True, track_running_stats=True)
      (conv2): Conv2d(64, 64, kernel_size=(3, 3), stride=(1, 1), padding=(1, 1), bias=False)
      (bn2): BatchNorm2d(64, eps=1e-05, momentum=0.1, affine=True, track_running_stats=True)
      (shortcut): LambdaLayer()
    )
    (1): BasicBlock(
      (conv1): Conv2d(64, 64, kernel_size=(3, 3), stride=(1, 1), padding=(1, 1), bias=False)
      (bn1): BatchNorm2d(64, eps=1e-05, momentum=0.1, affine=True, track_running_stats=True)
      (conv2): Conv2d(64, 64, kernel_size=(3, 3), stride=(1, 1), padding=(1, 1), bias=False)
      (bn2): BatchNorm2d(64, eps=1e-05, momentum=0.1, affine=True, track_running_stats=True)
      (shortcut): Sequential()
    )
    (2): BasicBlock(
      (conv1): Conv2d(64, 64, kernel_size=(3, 3), stride=(1, 1), padding=(1, 1), bias=False)
      (bn1): BatchNorm2d(64, eps=1e-05, momentum=0.1, affine=True, track_running_stats=True)
      (conv2): Conv2d(64, 64, kernel_size=(3, 3), stride=(1, 1), padding=(1, 1), bias=False)
      (bn2): BatchNorm2d(64, eps=1e-05, momentum=0.1, affine=True, track_running_stats=True)
      (shortcut): Sequential()
    )
    (3): BasicBlock(
      (conv1): Conv2d(64, 64, kernel_size=(3, 3), stride=(1, 1), padding=(1, 1), bias=False)
      (bn1): BatchNorm2d(64, eps=1e-05, momentum=0.1, affine=True, track_running_stats=True)
      (conv2): Conv2d(64, 64, kernel_size=(3, 3), stride=(1, 1), padding=(1, 1), bias=False)
      (bn2): BatchNorm2d(64, eps=1e-05, momentum=0.1, affine=True, track_running_stats=True)
      (shortcut): Sequential()
    )
    (4): BasicBlock(
      (conv1): Conv2d(64, 64, kernel_size=(3, 3), stride=(1, 1), padding=(1, 1), bias=False)
      (bn1): BatchNorm2d(64, eps=1e-05, momentum=0.1, affine=True, track_running_stats=True)
      (conv2): Conv2d(64, 64, kernel_size=(3, 3), stride=(1, 1), padding=(1, 1), bias=False)
      (bn2): BatchNorm2d(64, eps=1e-05, momentum=0.1, affine=True, track_running_stats=True)
      (shortcut): Sequential()
    )
  )
  (linear): Linear(in_features=64, out_features=10, bias=True)
)
Epoch: [0][0/97]	Time 0.451 (0.451)	Loss 5.0994 (5.0994)	Prec @1 0.0078 (0.0078)	
Epoch: [0][10/97]	Time 0.434 (0.441)	Loss 1.7625 (2.4772)	Prec @1 0.4844 (0.3196)	
Epoch: [0][20/97]	Time 0.502 (0.444)	Loss 1.6511 (2.1491)	Prec @1 0.4219 (0.3754)	
Epoch: [0][30/97]	Time 0.432 (0.462)	Loss 1.4814 (1.9494)	Prec @1 0.4922 (0.4171)	
Epoch: [0][40/97]	Time 0.395 (0.450)	Loss 0.9754 (1.7914)	Prec @1 0.6562 (0.4491)	
Epoch: [0][50/97]	Time 0.394 (0.443)	Loss 1.4073 (1.7163)	Prec @1 0.6406 (0.4770)	
Epoch: [0][60/97]	Time 0.486 (0.443)	Loss 1.4818 (1.6612)	Prec @1 0.5547 (0.4904)	
Epoch: [0][70/97]	Time 0.475 (0.451)	Loss 1.3978 (1.6143)	Prec @1 0.5312 (0.4999)	
Epoch: [0][80/97]	Time 0.365 (0.443)	Loss 1.1052 (1.5735)	Prec @1 0.5703 (0.5094)	
Epoch: [0][90/97]	Time 0.456 (0.438)	Loss 1.0806 (1.5325)	Prec @1 0.5938 (0.5183)	
Epoch: [0][0/100]	Time 0.101 (0.101)	
Epoch: [0][10/100]	Time 0.095 (0.098)	
Epoch: [0][20/100]	Time 0.110 (0.101)	
Epoch: [0][30/100]	Time 0.094 (0.101)	
Epoch: [0][40/100]	Time 0.095 (0.101)	
Epoch: [0][50/100]	Time 0.088 (0.102)	
Epoch: [0][60/100]	Time 0.101 (0.102)	
Epoch: [0][70/100]	Time 0.103 (0.103)	
Epoch: [0][80/100]	Time 0.095 (0.103)	
Epoch: [0][90/100]	Time 0.111 (0.103)	
Accuracy of Class 0: 0.9640
Accuracy of Class 1: 0.2240
Accuracy of Class 2: 0.4730
Accuracy of Class 3: 0.1010
Accuracy of Class 4: 0.1070
Accuracy of Class 5: 0.0000
Accuracy of Class 6: 0.0010
Accuracy of Class 7: 0.0000
Accuracy of Class 8: 0.0000
Accuracy of Class 9: 0.0000
* Prec @1: 0.1870
Epoch: [1][0/97]	Time 0.411 (0.411)	Loss 1.1727 (1.1727)	Prec @1 0.6172 (0.6172)	
Epoch: [1][10/97]	Time 0.483 (0.426)	Loss 1.0598 (1.1185)	Prec @1 0.6094 (0.6101)	
Epoch: [1][20/97]	Time 0.666 (0.473)	Loss 1.1118 (1.1479)	Prec @1 0.5859 (0.5978)	
Epoch: [1][30/97]	Time 0.410 (0.466)	Loss 0.9082 (1.1388)	Prec @1 0.6875 (0.6101)	
Epoch: [1][40/97]	Time 0.441 (0.454)	Loss 1.0718 (1.1263)	Prec @1 0.6016 (0.6098)	
Epoch: [1][50/97]	Time 0.458 (0.449)	Loss 1.2058 (1.1080)	Prec @1 0.6016 (0.6173)	
Epoch: [1][60/97]	Time 0.662 (0.459)	Loss 1.1216 (1.1064)	Prec @1 0.5703 (0.6174)	
Epoch: [1][70/97]	Time 0.418 (0.457)	Loss 1.1079 (1.1026)	Prec @1 0.6328 (0.6187)	
Epoch: [1][80/97]	Time 0.425 (0.454)	Loss 1.2095 (1.1080)	Prec @1 0.5625 (0.6177)	
Epoch: [1][90/97]	Time 0.460 (0.456)	Loss 1.0779 (1.1031)	Prec @1 0.6250 (0.6198)	
Epoch: [1][0/100]	Time 0.090 (0.090)	
Epoch: [1][10/100]	Time 0.102 (0.097)	
Epoch: [1][20/100]	Time 0.111 (0.103)	
Epoch: [1][30/100]	Time 0.127 (0.109)	
Epoch: [1][40/100]	Time 0.111 (0.111)	
Epoch: [1][50/100]	Time 0.115 (0.113)	
Epoch: [1][60/100]	Time 0.114 (0.113)	
Epoch: [1][70/100]	Time 0.093 (0.112)	
Epoch: [1][80/100]	Time 0.103 (0.112)	
Epoch: [1][90/100]	Time 0.094 (0.111)	
Accuracy of Class 0: 0.8240
Accuracy of Class 1: 0.8320
Accuracy of Class 2: 0.4220
Accuracy of Class 3: 0.4930
Accuracy of Class 4: 0.2550
Accuracy of Class 5: 0.0000
Accuracy of Class 6: 0.0050
Accuracy of Class 7: 0.0000
Accuracy of Class 8: 0.0000
Accuracy of Class 9: 0.0000
* Prec @1: 0.2831
Epoch: [2][0/97]	Time 0.350 (0.350)	Loss 1.0582 (1.0582)	Prec @1 0.6172 (0.6172)	
Epoch: [2][10/97]	Time 0.449 (0.425)	Loss 0.8869 (1.0380)	Prec @1 0.7031 (0.6293)	
Epoch: [2][20/97]	Time 0.423 (0.432)	Loss 0.9649 (1.0067)	Prec @1 0.6719 (0.6443)	
Epoch: [2][30/97]	Time 0.418 (0.434)	Loss 1.0534 (1.0071)	Prec @1 0.6328 (0.6469)	
Epoch: [2][40/97]	Time 0.407 (0.429)	Loss 0.9886 (1.0040)	Prec @1 0.6719 (0.6496)	
Epoch: [2][50/97]	Time 0.390 (0.423)	Loss 0.8942 (1.0017)	Prec @1 0.6406 (0.6489)	
Epoch: [2][60/97]	Time 0.455 (0.424)	Loss 0.9499 (0.9966)	Prec @1 0.6562 (0.6498)	
Epoch: [2][70/97]	Time 0.396 (0.424)	Loss 0.9742 (1.0028)	Prec @1 0.6641 (0.6494)	
Epoch: [2][80/97]	Time 0.390 (0.422)	Loss 1.0334 (1.0057)	Prec @1 0.6484 (0.6493)	
Epoch: [2][90/97]	Time 0.391 (0.421)	Loss 1.0329 (0.9994)	Prec @1 0.6641 (0.6522)	
Epoch: [2][0/100]	Time 0.072 (0.072)	
Epoch: [2][10/100]	Time 0.094 (0.087)	
Epoch: [2][20/100]	Time 0.096 (0.092)	
Epoch: [2][30/100]	Time 0.095 (0.095)	
Epoch: [2][40/100]	Time 0.110 (0.097)	
Epoch: [2][50/100]	Time 0.110 (0.098)	
Epoch: [2][60/100]	Time 0.114 (0.100)	
Epoch: [2][70/100]	Time 0.095 (0.100)	
Epoch: [2][80/100]	Time 0.095 (0.101)	
Epoch: [2][90/100]	Time 0.110 (0.101)	
Accuracy of Class 0: 0.7670
Accuracy of Class 1: 0.6430
Accuracy of Class 2: 0.6160
Accuracy of Class 3: 0.6600
Accuracy of Class 4: 0.0310
Accuracy of Class 5: 0.0000
Accuracy of Class 6: 0.0000
Accuracy of Class 7: 0.0000
Accuracy of Class 8: 0.0000
Accuracy of Class 9: 0.0000
* Prec @1: 0.2717
Epoch: [3][0/97]	Time 0.356 (0.356)	Loss 0.9521 (0.9521)	Prec @1 0.6953 (0.6953)	
Epoch: [3][10/97]	Time 0.427 (0.403)	Loss 0.8292 (0.9112)	Prec @1 0.6719 (0.6747)	
Epoch: [3][20/97]	Time 0.397 (0.405)	Loss 0.9354 (0.9355)	Prec @1 0.6953 (0.6663)	
Epoch: [3][30/97]	Time 0.407 (0.407)	Loss 0.8755 (0.9468)	Prec @1 0.6953 (0.6626)	
Epoch: [3][40/97]	Time 0.393 (0.410)	Loss 0.9307 (0.9636)	Prec @1 0.7344 (0.6606)	
Epoch: [3][50/97]	Time 0.468 (0.412)	Loss 1.0173 (0.9674)	Prec @1 0.6484 (0.6647)	
Epoch: [3][60/97]	Time 0.395 (0.418)	Loss 1.0248 (0.9654)	Prec @1 0.6406 (0.6648)	
Epoch: [3][70/97]	Time 0.417 (0.416)	Loss 0.8460 (0.9496)	Prec @1 0.6797 (0.6687)	
Epoch: [3][80/97]	Time 0.406 (0.416)	Loss 1.1258 (0.9563)	Prec @1 0.6328 (0.6696)	
Epoch: [3][90/97]	Time 0.424 (0.415)	Loss 1.0161 (0.9618)	Prec @1 0.5859 (0.6660)	
Epoch: [3][0/100]	Time 0.079 (0.079)	
Epoch: [3][10/100]	Time 0.080 (0.088)	
Epoch: [3][20/100]	Time 0.102 (0.094)	
Epoch: [3][30/100]	Time 0.107 (0.096)	
Epoch: [3][40/100]	Time 0.096 (0.098)	
Epoch: [3][50/100]	Time 0.111 (0.099)	
Epoch: [3][60/100]	Time 0.123 (0.100)	
Epoch: [3][70/100]	Time 0.100 (0.100)	
Epoch: [3][80/100]	Time 0.100 (0.100)	
Epoch: [3][90/100]	Time 0.110 (0.101)	
Accuracy of Class 0: 0.8180
Accuracy of Class 1: 0.9360
Accuracy of Class 2: 0.5130
Accuracy of Class 3: 0.5870
Accuracy of Class 4: 0.0570
Accuracy of Class 5: 0.0050
Accuracy of Class 6: 0.1080
Accuracy of Class 7: 0.0000
Accuracy of Class 8: 0.0000
Accuracy of Class 9: 0.0000
* Prec @1: 0.3024
Epoch: [4][0/97]	Time 0.358 (0.358)	Loss 0.9961 (0.9961)	Prec @1 0.6172 (0.6172)	
Epoch: [4][10/97]	Time 0.452 (0.403)	Loss 0.8703 (0.9036)	Prec @1 0.7422 (0.6811)	
Epoch: [4][20/97]	Time 0.411 (0.426)	Loss 0.8555 (0.9036)	Prec @1 0.7109 (0.6879)	
Epoch: [4][30/97]	Time 0.391 (0.419)	Loss 0.8863 (0.9005)	Prec @1 0.6875 (0.6941)	
Epoch: [4][40/97]	Time 0.473 (0.425)	Loss 0.9441 (0.8981)	Prec @1 0.7109 (0.6951)	
Epoch: [4][50/97]	Time 0.485 (0.440)	Loss 0.8079 (0.8978)	Prec @1 0.7109 (0.6938)	
Epoch: [4][60/97]	Time 0.406 (0.426)	Loss 0.9180 (0.9021)	Prec @1 0.6719 (0.6903)	
Epoch: [4][70/97]	Time 0.394 (0.424)	Loss 0.8640 (0.8989)	Prec @1 0.7109 (0.6920)	
Epoch: [4][80/97]	Time 0.393 (0.421)	Loss 0.8242 (0.8930)	Prec @1 0.6953 (0.6954)	
Epoch: [4][90/97]	Time 0.392 (0.420)	Loss 0.9946 (0.8957)	Prec @1 0.6172 (0.6929)	
Epoch: [4][0/100]	Time 0.080 (0.080)	
Epoch: [4][10/100]	Time 0.096 (0.087)	
Epoch: [4][20/100]	Time 0.099 (0.094)	
Epoch: [4][30/100]	Time 0.101 (0.097)	
Epoch: [4][40/100]	Time 0.097 (0.098)	
Epoch: [4][50/100]	Time 0.095 (0.099)	
Epoch: [4][60/100]	Time 0.116 (0.100)	
Epoch: [4][70/100]	Time 0.091 (0.100)	
Epoch: [4][80/100]	Time 0.131 (0.101)	
Epoch: [4][90/100]	Time 0.104 (0.101)	
Accuracy of Class 0: 0.9270
Accuracy of Class 1: 0.7040
Accuracy of Class 2: 0.6030
Accuracy of Class 3: 0.5120
Accuracy of Class 4: 0.1370
Accuracy of Class 5: 0.0020
Accuracy of Class 6: 0.2320
Accuracy of Class 7: 0.0000
Accuracy of Class 8: 0.0000
Accuracy of Class 9: 0.0000
* Prec @1: 0.3117
Epoch: [5][0/97]	Time 0.349 (0.349)	Loss 0.6994 (0.6994)	Prec @1 0.7422 (0.7422)	
Epoch: [5][10/97]	Time 0.428 (0.387)	Loss 0.6717 (0.7780)	Prec @1 0.8125 (0.7315)	
Epoch: [5][20/97]	Time 0.430 (0.397)	Loss 0.9142 (0.8503)	Prec @1 0.6719 (0.7117)	
Epoch: [5][30/97]	Time 0.414 (0.399)	Loss 0.9770 (0.8651)	Prec @1 0.6797 (0.7077)	
Epoch: [5][40/97]	Time 0.405 (0.399)	Loss 0.8414 (0.8767)	Prec @1 0.7422 (0.7029)	
Epoch: [5][50/97]	Time 0.418 (0.401)	Loss 0.7740 (0.8751)	Prec @1 0.7344 (0.7034)	
Epoch: [5][60/97]	Time 0.396 (0.402)	Loss 0.8272 (0.8801)	Prec @1 0.7344 (0.7025)	
Epoch: [5][70/97]	Time 0.405 (0.402)	Loss 1.2154 (0.8830)	Prec @1 0.5938 (0.7014)	
Epoch: [5][80/97]	Time 0.394 (0.403)	Loss 1.0435 (0.8795)	Prec @1 0.6406 (0.7030)	
Epoch: [5][90/97]	Time 0.388 (0.402)	Loss 0.8190 (0.8688)	Prec @1 0.7109 (0.7052)	
Epoch: [5][0/100]	Time 0.093 (0.093)	
Epoch: [5][10/100]	Time 0.107 (0.095)	
Epoch: [5][20/100]	Time 0.153 (0.125)	
Epoch: [5][30/100]	Time 0.111 (0.124)	
Epoch: [5][40/100]	Time 0.066 (0.113)	
Epoch: [5][50/100]	Time 0.106 (0.107)	
Epoch: [5][60/100]	Time 0.108 (0.106)	
Epoch: [5][70/100]	Time 0.121 (0.106)	
Epoch: [5][80/100]	Time 0.118 (0.107)	
Epoch: [5][90/100]	Time 0.113 (0.107)	
Accuracy of Class 0: 0.8020
Accuracy of Class 1: 0.9480
Accuracy of Class 2: 0.5670
Accuracy of Class 3: 0.6740
Accuracy of Class 4: 0.1120
Accuracy of Class 5: 0.0030
Accuracy of Class 6: 0.1900
Accuracy of Class 7: 0.0310
Accuracy of Class 8: 0.0000
Accuracy of Class 9: 0.0000
* Prec @1: 0.3327
Epoch: [6][0/97]	Time 0.347 (0.347)	Loss 0.7451 (0.7451)	Prec @1 0.7422 (0.7422)	
Epoch: [6][10/97]	Time 0.432 (0.410)	Loss 0.6834 (0.8183)	Prec @1 0.7422 (0.7188)	
Epoch: [6][20/97]	Time 0.424 (0.411)	Loss 0.8223 (0.8293)	Prec @1 0.7266 (0.7225)	
Epoch: [6][30/97]	Time 0.424 (0.410)	Loss 0.7361 (0.8233)	Prec @1 0.6797 (0.7180)	
Epoch: [6][40/97]	Time 0.411 (0.409)	Loss 0.9083 (0.8302)	Prec @1 0.6953 (0.7178)	
Epoch: [6][50/97]	Time 0.421 (0.410)	Loss 0.8351 (0.8303)	Prec @1 0.6875 (0.7172)	
Epoch: [6][60/97]	Time 0.410 (0.408)	Loss 0.7240 (0.8260)	Prec @1 0.7734 (0.7173)	
Epoch: [6][70/97]	Time 0.395 (0.407)	Loss 0.8221 (0.8252)	Prec @1 0.6719 (0.7172)	
Epoch: [6][80/97]	Time 0.405 (0.407)	Loss 0.7570 (0.8241)	Prec @1 0.7031 (0.7169)	
Epoch: [6][90/97]	Time 0.383 (0.407)	Loss 0.8328 (0.8233)	Prec @1 0.7500 (0.7174)	
Epoch: [6][0/100]	Time 0.080 (0.080)	
Epoch: [6][10/100]	Time 0.091 (0.094)	
Epoch: [6][20/100]	Time 0.106 (0.099)	
Epoch: [6][30/100]	Time 0.109 (0.102)	
Epoch: [6][40/100]	Time 0.106 (0.102)	
Epoch: [6][50/100]	Time 0.111 (0.103)	
Epoch: [6][60/100]	Time 0.103 (0.102)	
Epoch: [6][70/100]	Time 0.119 (0.103)	
Epoch: [6][80/100]	Time 0.105 (0.105)	
Epoch: [6][90/100]	Time 0.133 (0.106)	
Accuracy of Class 0: 0.9600
Accuracy of Class 1: 0.7500
Accuracy of Class 2: 0.4500
Accuracy of Class 3: 0.4590
Accuracy of Class 4: 0.2970
Accuracy of Class 5: 0.1630
Accuracy of Class 6: 0.3540
Accuracy of Class 7: 0.0790
Accuracy of Class 8: 0.0000
Accuracy of Class 9: 0.0000
* Prec @1: 0.3512
Epoch: [7][0/97]	Time 0.418 (0.418)	Loss 0.8268 (0.8268)	Prec @1 0.7578 (0.7578)	
Epoch: [7][10/97]	Time 0.400 (0.407)	Loss 0.8354 (0.8626)	Prec @1 0.7031 (0.7038)	
Epoch: [7][20/97]	Time 0.423 (0.409)	Loss 0.8907 (0.8592)	Prec @1 0.7109 (0.7076)	
Epoch: [7][30/97]	Time 0.391 (0.409)	Loss 0.7214 (0.8461)	Prec @1 0.7656 (0.7155)	
Epoch: [7][40/97]	Time 0.403 (0.406)	Loss 0.6916 (0.8243)	Prec @1 0.7344 (0.7203)	
Epoch: [7][50/97]	Time 0.422 (0.407)	Loss 0.7020 (0.8258)	Prec @1 0.7422 (0.7161)	
Epoch: [7][60/97]	Time 0.405 (0.406)	Loss 1.0205 (0.8236)	Prec @1 0.6484 (0.7202)	
Epoch: [7][70/97]	Time 0.408 (0.405)	Loss 0.7705 (0.8159)	Prec @1 0.7266 (0.7228)	
Epoch: [7][80/97]	Time 0.407 (0.411)	Loss 0.7410 (0.8123)	Prec @1 0.7656 (0.7239)	
Epoch: [7][90/97]	Time 0.455 (0.416)	Loss 0.6753 (0.8084)	Prec @1 0.7891 (0.7254)	
Epoch: [7][0/100]	Time 0.082 (0.082)	
Epoch: [7][10/100]	Time 0.101 (0.092)	
Epoch: [7][20/100]	Time 0.095 (0.094)	
Epoch: [7][30/100]	Time 0.099 (0.098)	
Epoch: [7][40/100]	Time 0.110 (0.100)	
Epoch: [7][50/100]	Time 0.095 (0.100)	
Epoch: [7][60/100]	Time 0.118 (0.103)	
Epoch: [7][70/100]	Time 0.111 (0.107)	
Epoch: [7][80/100]	Time 0.112 (0.108)	
Epoch: [7][90/100]	Time 0.123 (0.110)	
Accuracy of Class 0: 0.8510
Accuracy of Class 1: 0.9610
Accuracy of Class 2: 0.5230
Accuracy of Class 3: 0.6810
Accuracy of Class 4: 0.1900
Accuracy of Class 5: 0.0780
Accuracy of Class 6: 0.3350
Accuracy of Class 7: 0.1960
Accuracy of Class 8: 0.0000
Accuracy of Class 9: 0.0000
* Prec @1: 0.3815
Epoch: [8][0/97]	Time 0.368 (0.368)	Loss 0.8056 (0.8056)	Prec @1 0.7422 (0.7422)	
Epoch: [8][10/97]	Time 0.426 (0.394)	Loss 0.8528 (0.7752)	Prec @1 0.7422 (0.7408)	
Epoch: [8][20/97]	Time 0.405 (0.400)	Loss 0.6844 (0.7547)	Prec @1 0.7734 (0.7418)	
Epoch: [8][30/97]	Time 0.453 (0.410)	Loss 0.7523 (0.7659)	Prec @1 0.7422 (0.7407)	
Epoch: [8][40/97]	Time 0.655 (0.437)	Loss 0.8487 (0.7745)	Prec @1 0.6953 (0.7369)	
Epoch: [8][50/97]	Time 0.400 (0.424)	Loss 0.7567 (0.7792)	Prec @1 0.7656 (0.7376)	
Epoch: [8][60/97]	Time 0.424 (0.422)	Loss 0.8207 (0.7816)	Prec @1 0.7344 (0.7373)	
Epoch: [8][70/97]	Time 0.414 (0.421)	Loss 0.6602 (0.7827)	Prec @1 0.7500 (0.7348)	
Epoch: [8][80/97]	Time 0.408 (0.419)	Loss 0.8010 (0.7771)	Prec @1 0.7031 (0.7365)	
Epoch: [8][90/97]	Time 0.391 (0.417)	Loss 0.7497 (0.7756)	Prec @1 0.7578 (0.7369)	
Epoch: [8][0/100]	Time 0.090 (0.090)	
Epoch: [8][10/100]	Time 0.089 (0.090)	
Epoch: [8][20/100]	Time 0.095 (0.094)	
Epoch: [8][30/100]	Time 0.111 (0.098)	
Epoch: [8][40/100]	Time 0.097 (0.099)	
Epoch: [8][50/100]	Time 0.089 (0.100)	
Epoch: [8][60/100]	Time 0.111 (0.100)	
Epoch: [8][70/100]	Time 0.101 (0.100)	
Epoch: [8][80/100]	Time 0.106 (0.101)	
Epoch: [8][90/100]	Time 0.105 (0.101)	
Accuracy of Class 0: 0.9310
Accuracy of Class 1: 0.9530
Accuracy of Class 2: 0.4550
Accuracy of Class 3: 0.2710
Accuracy of Class 4: 0.4640
Accuracy of Class 5: 0.2140
Accuracy of Class 6: 0.1340
Accuracy of Class 7: 0.1180
Accuracy of Class 8: 0.0000
Accuracy of Class 9: 0.0000
* Prec @1: 0.3540
Epoch: [9][0/97]	Time 0.389 (0.389)	Loss 0.7397 (0.7397)	Prec @1 0.7578 (0.7578)	
Epoch: [9][10/97]	Time 0.390 (0.393)	Loss 0.7432 (0.7284)	Prec @1 0.7500 (0.7564)	
Epoch: [9][20/97]	Time 0.410 (0.399)	Loss 0.7807 (0.7732)	Prec @1 0.7266 (0.7377)	
Epoch: [9][30/97]	Time 0.399 (0.405)	Loss 0.8628 (0.7756)	Prec @1 0.7344 (0.7379)	
Epoch: [9][40/97]	Time 0.380 (0.403)	Loss 0.8071 (0.7685)	Prec @1 0.7344 (0.7424)	
Epoch: [9][50/97]	Time 0.403 (0.404)	Loss 0.6052 (0.7633)	Prec @1 0.7578 (0.7413)	
Epoch: [9][60/97]	Time 0.389 (0.404)	Loss 0.7334 (0.7608)	Prec @1 0.7812 (0.7404)	
Epoch: [9][70/97]	Time 0.393 (0.403)	Loss 0.6678 (0.7573)	Prec @1 0.7188 (0.7405)	
Epoch: [9][80/97]	Time 0.380 (0.404)	Loss 0.7253 (0.7557)	Prec @1 0.7500 (0.7405)	
Epoch: [9][90/97]	Time 0.401 (0.404)	Loss 0.7315 (0.7574)	Prec @1 0.7188 (0.7406)	
Epoch: [9][0/100]	Time 0.077 (0.077)	
Epoch: [9][10/100]	Time 0.094 (0.088)	
Epoch: [9][20/100]	Time 0.104 (0.092)	
Epoch: [9][30/100]	Time 0.106 (0.094)	
Epoch: [9][40/100]	Time 0.112 (0.098)	
Epoch: [9][50/100]	Time 0.114 (0.100)	
Epoch: [9][60/100]	Time 0.117 (0.104)	
Epoch: [9][70/100]	Time 0.118 (0.106)	
Epoch: [9][80/100]	Time 0.121 (0.108)	
Epoch: [9][90/100]	Time 0.122 (0.110)	
Accuracy of Class 0: 0.9050
Accuracy of Class 1: 0.8540
Accuracy of Class 2: 0.6860
Accuracy of Class 3: 0.3580
Accuracy of Class 4: 0.4560
Accuracy of Class 5: 0.1520
Accuracy of Class 6: 0.3320
Accuracy of Class 7: 0.1050
Accuracy of Class 8: 0.0000
Accuracy of Class 9: 0.0000
* Prec @1: 0.3848
Epoch: [10][0/97]	Time 0.340 (0.340)	Loss 0.8784 (0.8784)	Prec @1 0.7031 (0.7031)	
Epoch: [10][10/97]	Time 0.406 (0.392)	Loss 0.6970 (0.7110)	Prec @1 0.7344 (0.7500)	
Epoch: [10][20/97]	Time 0.426 (0.400)	Loss 0.7839 (0.7131)	Prec @1 0.7344 (0.7560)	
Epoch: [10][30/97]	Time 0.469 (0.421)	Loss 0.7276 (0.7127)	Prec @1 0.7344 (0.7563)	
Epoch: [10][40/97]	Time 0.294 (0.431)	Loss 0.7994 (0.7365)	Prec @1 0.7500 (0.7462)	
Epoch: [10][50/97]	Time 0.409 (0.422)	Loss 0.6463 (0.7286)	Prec @1 0.7969 (0.7498)	
Epoch: [10][60/97]	Time 0.454 (0.420)	Loss 0.6671 (0.7252)	Prec @1 0.7656 (0.7501)	
Epoch: [10][70/97]	Time 0.424 (0.421)	Loss 0.8436 (0.7265)	Prec @1 0.7031 (0.7500)	
Epoch: [10][80/97]	Time 0.415 (0.419)	Loss 0.7027 (0.7256)	Prec @1 0.7422 (0.7512)	
Epoch: [10][90/97]	Time 0.406 (0.419)	Loss 0.7196 (0.7258)	Prec @1 0.7578 (0.7520)	
Epoch: [10][0/100]	Time 0.084 (0.084)	
Epoch: [10][10/100]	Time 0.079 (0.085)	
Epoch: [10][20/100]	Time 0.100 (0.094)	
Epoch: [10][30/100]	Time 0.124 (0.099)	
Epoch: [10][40/100]	Time 0.133 (0.106)	
Epoch: [10][50/100]	Time 0.153 (0.114)	
Epoch: [10][60/100]	Time 0.124 (0.119)	
Epoch: [10][70/100]	Time 0.126 (0.119)	
Epoch: [10][80/100]	Time 0.163 (0.123)	
Epoch: [10][90/100]	Time 0.120 (0.125)	
Accuracy of Class 0: 0.8490
Accuracy of Class 1: 0.9420
Accuracy of Class 2: 0.7010
Accuracy of Class 3: 0.2560
Accuracy of Class 4: 0.2840
Accuracy of Class 5: 0.3290
Accuracy of Class 6: 0.5770
Accuracy of Class 7: 0.2970
Accuracy of Class 8: 0.0000
Accuracy of Class 9: 0.0000
* Prec @1: 0.4235
Epoch: [11][0/97]	Time 0.326 (0.326)	Loss 0.5818 (0.5818)	Prec @1 0.7656 (0.7656)	
Epoch: [11][10/97]	Time 0.404 (0.379)	Loss 0.7248 (0.6890)	Prec @1 0.7656 (0.7678)	
Epoch: [11][20/97]	Time 0.391 (0.393)	Loss 0.6649 (0.7025)	Prec @1 0.7891 (0.7630)	
Epoch: [11][30/97]	Time 0.394 (0.397)	Loss 0.8142 (0.7135)	Prec @1 0.7188 (0.7581)	
Epoch: [11][40/97]	Time 0.404 (0.400)	Loss 0.7255 (0.7161)	Prec @1 0.7422 (0.7555)	
Epoch: [11][50/97]	Time 0.395 (0.401)	Loss 0.5905 (0.7081)	Prec @1 0.7812 (0.7584)	
Epoch: [11][60/97]	Time 0.407 (0.402)	Loss 0.7147 (0.7176)	Prec @1 0.7891 (0.7542)	
Epoch: [11][70/97]	Time 0.406 (0.402)	Loss 0.6175 (0.7133)	Prec @1 0.8047 (0.7568)	
Epoch: [11][80/97]	Time 0.396 (0.403)	Loss 0.7798 (0.7098)	Prec @1 0.7344 (0.7575)	
Epoch: [11][90/97]	Time 0.395 (0.403)	Loss 0.7510 (0.7128)	Prec @1 0.7578 (0.7558)	
Epoch: [11][0/100]	Time 0.090 (0.090)	
Epoch: [11][10/100]	Time 0.097 (0.089)	
Epoch: [11][20/100]	Time 0.105 (0.095)	
Epoch: [11][30/100]	Time 0.095 (0.096)	
Epoch: [11][40/100]	Time 0.122 (0.099)	
Epoch: [11][50/100]	Time 0.112 (0.101)	
Epoch: [11][60/100]	Time 0.108 (0.101)	
Epoch: [11][70/100]	Time 0.110 (0.102)	
Epoch: [11][80/100]	Time 0.095 (0.101)	
Epoch: [11][90/100]	Time 0.095 (0.102)	
Accuracy of Class 0: 0.8960
Accuracy of Class 1: 0.8850
Accuracy of Class 2: 0.3810
Accuracy of Class 3: 0.7480
Accuracy of Class 4: 0.6950
Accuracy of Class 5: 0.1090
Accuracy of Class 6: 0.1710
Accuracy of Class 7: 0.0350
Accuracy of Class 8: 0.0000
Accuracy of Class 9: 0.0000
* Prec @1: 0.3920
Epoch: [12][0/97]	Time 0.365 (0.365)	Loss 0.7236 (0.7236)	Prec @1 0.7500 (0.7500)	
Epoch: [12][10/97]	Time 0.423 (0.412)	Loss 0.6466 (0.6738)	Prec @1 0.7578 (0.7621)	
Epoch: [12][20/97]	Time 0.472 (0.410)	Loss 0.7552 (0.6660)	Prec @1 0.7109 (0.7690)	
Epoch: [12][30/97]	Time 0.418 (0.417)	Loss 0.7164 (0.6802)	Prec @1 0.7266 (0.7666)	
Epoch: [12][40/97]	Time 0.464 (0.426)	Loss 0.5306 (0.6786)	Prec @1 0.8281 (0.7687)	
Epoch: [12][50/97]	Time 0.397 (0.429)	Loss 0.7345 (0.6897)	Prec @1 0.7656 (0.7642)	
Epoch: [12][60/97]	Time 0.394 (0.424)	Loss 0.7939 (0.6859)	Prec @1 0.7422 (0.7661)	
Epoch: [12][70/97]	Time 0.395 (0.420)	Loss 0.7437 (0.6818)	Prec @1 0.7812 (0.7686)	
Epoch: [12][80/97]	Time 0.416 (0.419)	Loss 0.7210 (0.6798)	Prec @1 0.7344 (0.7686)	
Epoch: [12][90/97]	Time 0.400 (0.418)	Loss 0.6469 (0.6780)	Prec @1 0.7891 (0.7698)	
Epoch: [12][0/100]	Time 0.067 (0.067)	
Epoch: [12][10/100]	Time 0.095 (0.087)	
Epoch: [12][20/100]	Time 0.090 (0.092)	
Epoch: [12][30/100]	Time 0.102 (0.097)	
Epoch: [12][40/100]	Time 0.119 (0.099)	
Epoch: [12][50/100]	Time 0.111 (0.101)	
Epoch: [12][60/100]	Time 0.115 (0.102)	
Epoch: [12][70/100]	Time 0.095 (0.102)	
Epoch: [12][80/100]	Time 0.095 (0.102)	
Epoch: [12][90/100]	Time 0.103 (0.102)	
Accuracy of Class 0: 0.9260
Accuracy of Class 1: 0.8060
Accuracy of Class 2: 0.6660
Accuracy of Class 3: 0.6360
Accuracy of Class 4: 0.5090
Accuracy of Class 5: 0.0510
Accuracy of Class 6: 0.0770
Accuracy of Class 7: 0.1080
Accuracy of Class 8: 0.0000
Accuracy of Class 9: 0.0120
* Prec @1: 0.3791
Epoch: [13][0/97]	Time 0.379 (0.379)	Loss 0.7008 (0.7008)	Prec @1 0.7500 (0.7500)	
Epoch: [13][10/97]	Time 0.417 (0.414)	Loss 0.7262 (0.6261)	Prec @1 0.6953 (0.7827)	
Epoch: [13][20/97]	Time 0.390 (0.410)	Loss 0.7110 (0.6478)	Prec @1 0.7734 (0.7716)	
Epoch: [13][30/97]	Time 0.406 (0.407)	Loss 0.5934 (0.6604)	Prec @1 0.8125 (0.7692)	
Epoch: [13][40/97]	Time 0.402 (0.406)	Loss 0.5815 (0.6573)	Prec @1 0.7656 (0.7696)	
Epoch: [13][50/97]	Time 0.427 (0.405)	Loss 0.8158 (0.6544)	Prec @1 0.7422 (0.7730)	
Epoch: [13][60/97]	Time 0.406 (0.406)	Loss 0.5557 (0.6528)	Prec @1 0.8359 (0.7760)	
Epoch: [13][70/97]	Time 0.396 (0.406)	Loss 0.7125 (0.6552)	Prec @1 0.7500 (0.7753)	
Epoch: [13][80/97]	Time 0.395 (0.406)	Loss 0.6445 (0.6520)	Prec @1 0.7891 (0.7771)	
Epoch: [13][90/97]	Time 0.389 (0.405)	Loss 0.6683 (0.6505)	Prec @1 0.7656 (0.7770)	
Epoch: [13][0/100]	Time 0.063 (0.063)	
Epoch: [13][10/100]	Time 0.100 (0.087)	
Epoch: [13][20/100]	Time 0.100 (0.092)	
Epoch: [13][30/100]	Time 0.101 (0.095)	
Epoch: [13][40/100]	Time 0.106 (0.097)	
Epoch: [13][50/100]	Time 0.103 (0.098)	
Epoch: [13][60/100]	Time 0.131 (0.099)	
Epoch: [13][70/100]	Time 0.106 (0.100)	
Epoch: [13][80/100]	Time 0.097 (0.100)	
Epoch: [13][90/100]	Time 0.110 (0.100)	
Accuracy of Class 0: 0.9620
Accuracy of Class 1: 0.8790
Accuracy of Class 2: 0.6470
Accuracy of Class 3: 0.4490
Accuracy of Class 4: 0.4600
Accuracy of Class 5: 0.1920
Accuracy of Class 6: 0.1910
Accuracy of Class 7: 0.1630
Accuracy of Class 8: 0.0090
Accuracy of Class 9: 0.0020
* Prec @1: 0.3954
Epoch: [14][0/97]	Time 0.359 (0.359)	Loss 0.5976 (0.5976)	Prec @1 0.7734 (0.7734)	
Epoch: [14][10/97]	Time 0.406 (0.388)	Loss 0.6580 (0.6443)	Prec @1 0.7578 (0.7770)	
Epoch: [14][20/97]	Time 0.504 (0.407)	Loss 0.5311 (0.6470)	Prec @1 0.8359 (0.7794)	
Epoch: [14][30/97]	Time 0.613 (0.437)	Loss 0.7011 (0.6386)	Prec @1 0.7578 (0.7777)	
Epoch: [14][40/97]	Time 0.394 (0.422)	Loss 0.7924 (0.6302)	Prec @1 0.7188 (0.7801)	
Epoch: [14][50/97]	Time 0.420 (0.418)	Loss 0.5557 (0.6310)	Prec @1 0.7969 (0.7800)	
Epoch: [14][60/97]	Time 0.393 (0.416)	Loss 0.6365 (0.6311)	Prec @1 0.8047 (0.7825)	
Epoch: [14][70/97]	Time 0.396 (0.415)	Loss 0.5964 (0.6305)	Prec @1 0.7891 (0.7833)	
Epoch: [14][80/97]	Time 0.402 (0.413)	Loss 0.6174 (0.6300)	Prec @1 0.8125 (0.7855)	
Epoch: [14][90/97]	Time 0.391 (0.413)	Loss 0.5873 (0.6338)	Prec @1 0.8281 (0.7849)	
Epoch: [14][0/100]	Time 0.075 (0.075)	
Epoch: [14][10/100]	Time 0.097 (0.088)	
Epoch: [14][20/100]	Time 0.110 (0.092)	
Epoch: [14][30/100]	Time 0.103 (0.095)	
Epoch: [14][40/100]	Time 0.088 (0.101)	
Epoch: [14][50/100]	Time 0.107 (0.101)	
Epoch: [14][60/100]	Time 0.095 (0.101)	
Epoch: [14][70/100]	Time 0.111 (0.101)	
Epoch: [14][80/100]	Time 0.095 (0.102)	
Epoch: [14][90/100]	Time 0.109 (0.102)	
Accuracy of Class 0: 0.8720
Accuracy of Class 1: 0.9670
Accuracy of Class 2: 0.3140
Accuracy of Class 3: 0.7750
Accuracy of Class 4: 0.6280
Accuracy of Class 5: 0.1760
Accuracy of Class 6: 0.1460
Accuracy of Class 7: 0.3660
Accuracy of Class 8: 0.0040
Accuracy of Class 9: 0.0810
* Prec @1: 0.4329
Epoch: [15][0/97]	Time 0.359 (0.359)	Loss 0.6839 (0.6839)	Prec @1 0.7891 (0.7891)	
Epoch: [15][10/97]	Time 0.410 (0.385)	Loss 0.6626 (0.5804)	Prec @1 0.7656 (0.8026)	
Epoch: [15][20/97]	Time 0.376 (0.393)	Loss 0.5267 (0.5892)	Prec @1 0.8125 (0.7965)	
Epoch: [15][30/97]	Time 0.406 (0.397)	Loss 0.6588 (0.6001)	Prec @1 0.7422 (0.7936)	
Epoch: [15][40/97]	Time 0.403 (0.399)	Loss 0.5210 (0.6023)	Prec @1 0.8125 (0.7908)	
Epoch: [15][50/97]	Time 0.408 (0.400)	Loss 0.8677 (0.6197)	Prec @1 0.6875 (0.7858)	
Epoch: [15][60/97]	Time 0.457 (0.405)	Loss 0.5595 (0.6200)	Prec @1 0.8125 (0.7860)	
Epoch: [15][70/97]	Time 0.420 (0.408)	Loss 0.6159 (0.6264)	Prec @1 0.7734 (0.7827)	
Epoch: [15][80/97]	Time 0.406 (0.407)	Loss 0.6002 (0.6281)	Prec @1 0.7734 (0.7831)	
Epoch: [15][90/97]	Time 0.407 (0.407)	Loss 0.6478 (0.6297)	Prec @1 0.7812 (0.7825)	
Epoch: [15][0/100]	Time 0.071 (0.071)	
Epoch: [15][10/100]	Time 0.078 (0.079)	
Epoch: [15][20/100]	Time 0.079 (0.085)	
Epoch: [15][30/100]	Time 0.099 (0.090)	
Epoch: [15][40/100]	Time 0.095 (0.093)	
Epoch: [15][50/100]	Time 0.110 (0.096)	
Epoch: [15][60/100]	Time 0.112 (0.098)	
Epoch: [15][70/100]	Time 0.095 (0.098)	
Epoch: [15][80/100]	Time 0.111 (0.100)	
Epoch: [15][90/100]	Time 0.100 (0.100)	
Accuracy of Class 0: 0.9330
Accuracy of Class 1: 0.9580
Accuracy of Class 2: 0.7030
Accuracy of Class 3: 0.4390
Accuracy of Class 4: 0.4080
Accuracy of Class 5: 0.0530
Accuracy of Class 6: 0.3790
Accuracy of Class 7: 0.2610
Accuracy of Class 8: 0.0140
Accuracy of Class 9: 0.0000
* Prec @1: 0.4148
Epoch: [16][0/97]	Time 0.373 (0.373)	Loss 0.4881 (0.4881)	Prec @1 0.8516 (0.8516)	
Epoch: [16][10/97]	Time 0.424 (0.399)	Loss 0.6284 (0.5897)	Prec @1 0.7734 (0.8104)	
Epoch: [16][20/97]	Time 0.406 (0.407)	Loss 0.5609 (0.5780)	Prec @1 0.7812 (0.8039)	
Epoch: [16][30/97]	Time 0.426 (0.407)	Loss 0.5071 (0.5786)	Prec @1 0.8125 (0.8059)	
Epoch: [16][40/97]	Time 0.385 (0.408)	Loss 0.6532 (0.5777)	Prec @1 0.7734 (0.8062)	
Epoch: [16][50/97]	Time 0.411 (0.406)	Loss 0.5315 (0.5858)	Prec @1 0.7812 (0.8019)	
Epoch: [16][60/97]	Time 0.397 (0.405)	Loss 0.8052 (0.5978)	Prec @1 0.7344 (0.7980)	
Epoch: [16][70/97]	Time 0.393 (0.404)	Loss 0.6296 (0.5942)	Prec @1 0.7578 (0.7968)	
Epoch: [16][80/97]	Time 0.422 (0.404)	Loss 0.6483 (0.5992)	Prec @1 0.7734 (0.7940)	
Epoch: [16][90/97]	Time 0.400 (0.404)	Loss 0.5006 (0.5971)	Prec @1 0.8281 (0.7962)	
Epoch: [16][0/100]	Time 0.087 (0.087)	
Epoch: [16][10/100]	Time 0.095 (0.086)	
Epoch: [16][20/100]	Time 0.094 (0.092)	
Epoch: [16][30/100]	Time 0.095 (0.096)	
Epoch: [16][40/100]	Time 0.117 (0.100)	
Epoch: [16][50/100]	Time 0.117 (0.105)	
Epoch: [16][60/100]	Time 0.112 (0.107)	
Epoch: [16][70/100]	Time 0.126 (0.109)	
Epoch: [16][80/100]	Time 0.111 (0.109)	
Epoch: [16][90/100]	Time 0.111 (0.109)	
Accuracy of Class 0: 0.9270
Accuracy of Class 1: 0.9360
Accuracy of Class 2: 0.7750
Accuracy of Class 3: 0.4820
Accuracy of Class 4: 0.3840
Accuracy of Class 5: 0.1920
Accuracy of Class 6: 0.2450
Accuracy of Class 7: 0.3110
Accuracy of Class 8: 0.0170
Accuracy of Class 9: 0.0190
* Prec @1: 0.4288
Epoch: [17][0/97]	Time 0.358 (0.358)	Loss 0.5711 (0.5711)	Prec @1 0.8203 (0.8203)	
Epoch: [17][10/97]	Time 0.425 (0.391)	Loss 0.7970 (0.6117)	Prec @1 0.7500 (0.7990)	
Epoch: [17][20/97]	Time 0.426 (0.398)	Loss 0.5699 (0.5905)	Prec @1 0.7891 (0.8002)	
Epoch: [17][30/97]	Time 0.350 (0.396)	Loss 0.5981 (0.6037)	Prec @1 0.7969 (0.7959)	
Epoch: [17][40/97]	Time 0.445 (0.397)	Loss 0.6174 (0.5933)	Prec @1 0.7891 (0.7967)	
Epoch: [17][50/97]	Time 0.425 (0.408)	Loss 0.4360 (0.5827)	Prec @1 0.8359 (0.7967)	
Epoch: [17][60/97]	Time 0.423 (0.408)	Loss 0.6349 (0.5869)	Prec @1 0.7969 (0.7964)	
Epoch: [17][70/97]	Time 0.416 (0.409)	Loss 0.5142 (0.5834)	Prec @1 0.8125 (0.7978)	
Epoch: [17][80/97]	Time 0.399 (0.408)	Loss 0.4532 (0.5856)	Prec @1 0.8516 (0.7972)	
Epoch: [17][90/97]	Time 0.406 (0.408)	Loss 0.8068 (0.5880)	Prec @1 0.7344 (0.7963)	
Epoch: [17][0/100]	Time 0.068 (0.068)	
Epoch: [17][10/100]	Time 0.122 (0.088)	
Epoch: [17][20/100]	Time 0.095 (0.093)	
Epoch: [17][30/100]	Time 0.098 (0.096)	
Epoch: [17][40/100]	Time 0.091 (0.098)	
Epoch: [17][50/100]	Time 0.111 (0.099)	
Epoch: [17][60/100]	Time 0.107 (0.100)	
Epoch: [17][70/100]	Time 0.108 (0.100)	
Epoch: [17][80/100]	Time 0.102 (0.101)	
Epoch: [17][90/100]	Time 0.095 (0.101)	
Accuracy of Class 0: 0.8770
Accuracy of Class 1: 0.9650
Accuracy of Class 2: 0.8080
Accuracy of Class 3: 0.4200
Accuracy of Class 4: 0.3740
Accuracy of Class 5: 0.2050
Accuracy of Class 6: 0.3020
Accuracy of Class 7: 0.2170
Accuracy of Class 8: 0.0520
Accuracy of Class 9: 0.0000
* Prec @1: 0.4220
Epoch: [18][0/97]	Time 0.365 (0.365)	Loss 0.5120 (0.5120)	Prec @1 0.8203 (0.8203)	
Epoch: [18][10/97]	Time 0.398 (0.393)	Loss 0.6959 (0.5724)	Prec @1 0.7734 (0.8054)	
Epoch: [18][20/97]	Time 0.411 (0.403)	Loss 0.5040 (0.5498)	Prec @1 0.8594 (0.8173)	
Epoch: [18][30/97]	Time 0.388 (0.404)	Loss 0.5216 (0.5517)	Prec @1 0.8359 (0.8128)	
Epoch: [18][40/97]	Time 0.410 (0.403)	Loss 0.5862 (0.5526)	Prec @1 0.8047 (0.8129)	
Epoch: [18][50/97]	Time 0.422 (0.403)	Loss 0.4289 (0.5397)	Prec @1 0.8359 (0.8165)	
Epoch: [18][60/97]	Time 0.397 (0.403)	Loss 0.4203 (0.5318)	Prec @1 0.8516 (0.8206)	
Epoch: [18][70/97]	Time 0.396 (0.403)	Loss 0.5626 (0.5310)	Prec @1 0.8125 (0.8219)	
Epoch: [18][80/97]	Time 0.391 (0.404)	Loss 0.4643 (0.5341)	Prec @1 0.8359 (0.8213)	
Epoch: [18][90/97]	Time 0.407 (0.404)	Loss 0.6605 (0.5322)	Prec @1 0.7344 (0.8209)	
Epoch: [18][0/100]	Time 0.083 (0.083)	
Epoch: [18][10/100]	Time 0.082 (0.085)	
Epoch: [18][20/100]	Time 0.095 (0.091)	
Epoch: [18][30/100]	Time 0.089 (0.093)	
Epoch: [18][40/100]	Time 0.095 (0.097)	
Epoch: [18][50/100]	Time 0.105 (0.098)	
Epoch: [18][60/100]	Time 0.111 (0.099)	
Epoch: [18][70/100]	Time 0.111 (0.099)	
Epoch: [18][80/100]	Time 0.115 (0.100)	
Epoch: [18][90/100]	Time 0.108 (0.100)	
Accuracy of Class 0: 0.9350
Accuracy of Class 1: 0.9610
Accuracy of Class 2: 0.6390
Accuracy of Class 3: 0.6460
Accuracy of Class 4: 0.5500
Accuracy of Class 5: 0.2610
Accuracy of Class 6: 0.5030
Accuracy of Class 7: 0.3590
Accuracy of Class 8: 0.0560
Accuracy of Class 9: 0.0760
* Prec @1: 0.4986
Epoch: [19][0/97]	Time 0.372 (0.372)	Loss 0.5349 (0.5349)	Prec @1 0.8281 (0.8281)	
Epoch: [19][10/97]	Time 0.391 (0.393)	Loss 0.4686 (0.4807)	Prec @1 0.8359 (0.8345)	
Epoch: [19][20/97]	Time 0.391 (0.398)	Loss 0.4680 (0.4741)	Prec @1 0.8125 (0.8385)	
Epoch: [19][30/97]	Time 0.422 (0.400)	Loss 0.4699 (0.4971)	Prec @1 0.8203 (0.8309)	
Epoch: [19][40/97]	Time 0.393 (0.401)	Loss 0.4521 (0.4924)	Prec @1 0.8359 (0.8348)	
Epoch: [19][50/97]	Time 0.408 (0.401)	Loss 0.4458 (0.4916)	Prec @1 0.8750 (0.8338)	
Epoch: [19][60/97]	Time 0.407 (0.402)	Loss 0.5755 (0.5000)	Prec @1 0.7812 (0.8300)	
Epoch: [19][70/97]	Time 0.407 (0.403)	Loss 0.5535 (0.5084)	Prec @1 0.8125 (0.8268)	
Epoch: [19][80/97]	Time 0.389 (0.403)	Loss 0.6117 (0.5099)	Prec @1 0.8125 (0.8256)	
Epoch: [19][90/97]	Time 0.396 (0.400)	Loss 0.5222 (0.5091)	Prec @1 0.8125 (0.8256)	
Epoch: [19][0/100]	Time 0.080 (0.080)	
Epoch: [19][10/100]	Time 0.095 (0.087)	
Epoch: [19][20/100]	Time 0.099 (0.092)	
Epoch: [19][30/100]	Time 0.119 (0.096)	
Epoch: [19][40/100]	Time 0.118 (0.101)	
Epoch: [19][50/100]	Time 0.108 (0.105)	
Epoch: [19][60/100]	Time 0.111 (0.108)	
Epoch: [19][70/100]	Time 0.129 (0.109)	
Epoch: [19][80/100]	Time 0.111 (0.109)	
Epoch: [19][90/100]	Time 0.138 (0.109)	
Accuracy of Class 0: 0.9440
Accuracy of Class 1: 0.9580
Accuracy of Class 2: 0.6460
Accuracy of Class 3: 0.5900
Accuracy of Class 4: 0.5650
Accuracy of Class 5: 0.3220
Accuracy of Class 6: 0.5090
Accuracy of Class 7: 0.3370
Accuracy of Class 8: 0.0410
Accuracy of Class 9: 0.0460
* Prec @1: 0.4958
Epoch: [20][0/97]	Time 0.353 (0.353)	Loss 0.6372 (0.6372)	Prec @1 0.7578 (0.7578)	
Epoch: [20][10/97]	Time 0.454 (0.394)	Loss 0.4928 (0.5159)	Prec @1 0.8516 (0.8232)	
Epoch: [20][20/97]	Time 0.406 (0.399)	Loss 0.4855 (0.4950)	Prec @1 0.8281 (0.8337)	
Epoch: [20][30/97]	Time 0.450 (0.417)	Loss 0.5970 (0.4970)	Prec @1 0.8125 (0.8314)	
Epoch: [20][40/97]	Time 0.286 (0.432)	Loss 0.4488 (0.4979)	Prec @1 0.8750 (0.8302)	
Epoch: [20][50/97]	Time 0.409 (0.420)	Loss 0.4491 (0.4957)	Prec @1 0.8438 (0.8303)	
Epoch: [20][60/97]	Time 0.406 (0.419)	Loss 0.6179 (0.4913)	Prec @1 0.7812 (0.8321)	
Epoch: [20][70/97]	Time 0.398 (0.418)	Loss 0.5162 (0.4932)	Prec @1 0.8359 (0.8311)	
Epoch: [20][80/97]	Time 0.391 (0.417)	Loss 0.4124 (0.4918)	Prec @1 0.8438 (0.8324)	
Epoch: [20][90/97]	Time 0.426 (0.416)	Loss 0.4535 (0.4944)	Prec @1 0.8828 (0.8299)	
Epoch: [20][0/100]	Time 0.063 (0.063)	
Epoch: [20][10/100]	Time 0.103 (0.087)	
Epoch: [20][20/100]	Time 0.110 (0.093)	
Epoch: [20][30/100]	Time 0.111 (0.098)	
Epoch: [20][40/100]	Time 0.112 (0.106)	
Epoch: [20][50/100]	Time 0.122 (0.109)	
Epoch: [20][60/100]	Time 0.127 (0.110)	
Epoch: [20][70/100]	Time 0.155 (0.114)	
Epoch: [20][80/100]	Time 0.068 (0.118)	
Epoch: [20][90/100]	Time 0.079 (0.114)	
Accuracy of Class 0: 0.9360
Accuracy of Class 1: 0.9600
Accuracy of Class 2: 0.6810
Accuracy of Class 3: 0.6250
Accuracy of Class 4: 0.5600
Accuracy of Class 5: 0.2410
Accuracy of Class 6: 0.4220
Accuracy of Class 7: 0.3100
Accuracy of Class 8: 0.0400
Accuracy of Class 9: 0.0400
* Prec @1: 0.4815
Epoch: [21][0/97]	Time 0.364 (0.364)	Loss 0.4912 (0.4912)	Prec @1 0.8672 (0.8672)	
Epoch: [21][10/97]	Time 0.465 (0.416)	Loss 0.4604 (0.5051)	Prec @1 0.8281 (0.8253)	
Epoch: [21][20/97]	Time 0.410 (0.411)	Loss 0.5425 (0.4948)	Prec @1 0.8281 (0.8289)	
Epoch: [21][30/97]	Time 0.410 (0.409)	Loss 0.6325 (0.4874)	Prec @1 0.7969 (0.8342)	
Epoch: [21][40/97]	Time 0.407 (0.409)	Loss 0.4138 (0.4850)	Prec @1 0.8672 (0.8333)	
Epoch: [21][50/97]	Time 0.423 (0.408)	Loss 0.6257 (0.4893)	Prec @1 0.8125 (0.8315)	
Epoch: [21][60/97]	Time 0.403 (0.408)	Loss 0.3563 (0.4849)	Prec @1 0.8984 (0.8350)	
Epoch: [21][70/97]	Time 0.387 (0.407)	Loss 0.4788 (0.4887)	Prec @1 0.8203 (0.8334)	
Epoch: [21][80/97]	Time 0.411 (0.406)	Loss 0.5847 (0.4911)	Prec @1 0.8047 (0.8323)	
Epoch: [21][90/97]	Time 0.393 (0.406)	Loss 0.5003 (0.4932)	Prec @1 0.8281 (0.8322)	
Epoch: [21][0/100]	Time 0.071 (0.071)	
Epoch: [21][10/100]	Time 0.090 (0.087)	
Epoch: [21][20/100]	Time 0.095 (0.093)	
Epoch: [21][30/100]	Time 0.095 (0.096)	
Epoch: [21][40/100]	Time 0.095 (0.098)	
Epoch: [21][50/100]	Time 0.096 (0.098)	
Epoch: [21][60/100]	Time 0.125 (0.101)	
Epoch: [21][70/100]	Time 0.142 (0.104)	
Epoch: [21][80/100]	Time 0.111 (0.105)	
Epoch: [21][90/100]	Time 0.117 (0.107)	
Accuracy of Class 0: 0.9430
Accuracy of Class 1: 0.9510
Accuracy of Class 2: 0.6710
Accuracy of Class 3: 0.6300
Accuracy of Class 4: 0.5700
Accuracy of Class 5: 0.2640
Accuracy of Class 6: 0.4160
Accuracy of Class 7: 0.3470
Accuracy of Class 8: 0.0530
Accuracy of Class 9: 0.0570
* Prec @1: 0.4902
Epoch: [22][0/97]	Time 0.380 (0.380)	Loss 0.3544 (0.3544)	Prec @1 0.8750 (0.8750)	
Epoch: [22][10/97]	Time 0.411 (0.417)	Loss 0.4911 (0.4627)	Prec @1 0.8281 (0.8388)	
Epoch: [22][20/97]	Time 0.462 (0.425)	Loss 0.5230 (0.4908)	Prec @1 0.8516 (0.8344)	
Epoch: [22][30/97]	Time 0.395 (0.417)	Loss 0.4057 (0.4733)	Prec @1 0.8438 (0.8387)	
Epoch: [22][40/97]	Time 0.396 (0.415)	Loss 0.5969 (0.4756)	Prec @1 0.7969 (0.8363)	
Epoch: [22][50/97]	Time 0.399 (0.412)	Loss 0.5936 (0.4860)	Prec @1 0.7500 (0.8332)	
Epoch: [22][60/97]	Time 0.486 (0.413)	Loss 0.6065 (0.4858)	Prec @1 0.7812 (0.8313)	
Epoch: [22][70/97]	Time 0.413 (0.414)	Loss 0.5344 (0.4824)	Prec @1 0.8203 (0.8330)	
Epoch: [22][80/97]	Time 0.428 (0.420)	Loss 0.4562 (0.4836)	Prec @1 0.8594 (0.8318)	
Epoch: [22][90/97]	Time 0.376 (0.418)	Loss 0.3381 (0.4811)	Prec @1 0.8906 (0.8330)	
Epoch: [22][0/100]	Time 0.076 (0.076)	
Epoch: [22][10/100]	Time 0.095 (0.085)	
Epoch: [22][20/100]	Time 0.096 (0.091)	
Epoch: [22][30/100]	Time 0.101 (0.095)	
Epoch: [22][40/100]	Time 0.107 (0.097)	
Epoch: [22][50/100]	Time 0.104 (0.098)	
Epoch: [22][60/100]	Time 0.107 (0.100)	
Epoch: [22][70/100]	Time 0.142 (0.103)	
Epoch: [22][80/100]	Time 0.099 (0.105)	
Epoch: [22][90/100]	Time 0.115 (0.106)	
Accuracy of Class 0: 0.9320
Accuracy of Class 1: 0.9530
Accuracy of Class 2: 0.6470
Accuracy of Class 3: 0.6530
Accuracy of Class 4: 0.5910
Accuracy of Class 5: 0.3190
Accuracy of Class 6: 0.4500
Accuracy of Class 7: 0.3180
Accuracy of Class 8: 0.0420
Accuracy of Class 9: 0.0410
* Prec @1: 0.4946
Epoch: [23][0/97]	Time 0.338 (0.338)	Loss 0.4910 (0.4910)	Prec @1 0.8281 (0.8281)	
Epoch: [23][10/97]	Time 0.391 (0.389)	Loss 0.5087 (0.4974)	Prec @1 0.8203 (0.8324)	
Epoch: [23][20/97]	Time 0.400 (0.403)	Loss 0.4385 (0.4749)	Prec @1 0.8438 (0.8378)	
Epoch: [23][30/97]	Time 0.400 (0.404)	Loss 0.3741 (0.4731)	Prec @1 0.8672 (0.8390)	
Epoch: [23][40/97]	Time 0.408 (0.404)	Loss 0.5087 (0.4687)	Prec @1 0.8203 (0.8417)	
Epoch: [23][50/97]	Time 0.397 (0.405)	Loss 0.5338 (0.4735)	Prec @1 0.7969 (0.8393)	
Epoch: [23][60/97]	Time 0.393 (0.405)	Loss 0.5349 (0.4809)	Prec @1 0.8203 (0.8381)	
Epoch: [23][70/97]	Time 0.422 (0.405)	Loss 0.3719 (0.4820)	Prec @1 0.8672 (0.8382)	
Epoch: [23][80/97]	Time 0.404 (0.405)	Loss 0.6087 (0.4849)	Prec @1 0.8047 (0.8368)	
Epoch: [23][90/97]	Time 0.485 (0.407)	Loss 0.4070 (0.4832)	Prec @1 0.8672 (0.8367)	
Epoch: [23][0/100]	Time 0.075 (0.075)	
Epoch: [23][10/100]	Time 0.104 (0.088)	
Epoch: [23][20/100]	Time 0.122 (0.094)	
Epoch: [23][30/100]	Time 0.110 (0.096)	
Epoch: [23][40/100]	Time 0.131 (0.102)	
Epoch: [23][50/100]	Time 0.096 (0.103)	
Epoch: [23][60/100]	Time 0.111 (0.103)	
Epoch: [23][70/100]	Time 0.087 (0.103)	
Epoch: [23][80/100]	Time 0.120 (0.104)	
Epoch: [23][90/100]	Time 0.111 (0.104)	
Accuracy of Class 0: 0.9310
Accuracy of Class 1: 0.9560
Accuracy of Class 2: 0.6840
Accuracy of Class 3: 0.6310
Accuracy of Class 4: 0.5370
Accuracy of Class 5: 0.3070
Accuracy of Class 6: 0.4870
Accuracy of Class 7: 0.3290
Accuracy of Class 8: 0.0590
Accuracy of Class 9: 0.0440
* Prec @1: 0.4965
Epoch: [24][0/97]	Time 0.434 (0.434)	Loss 0.4772 (0.4772)	Prec @1 0.8750 (0.8750)	
Epoch: [24][10/97]	Time 0.409 (0.482)	Loss 0.5217 (0.5168)	Prec @1 0.8438 (0.8274)	
Epoch: [24][20/97]	Time 0.465 (0.443)	Loss 0.4263 (0.4995)	Prec @1 0.8359 (0.8311)	
Epoch: [24][30/97]	Time 0.408 (0.445)	Loss 0.3572 (0.4877)	Prec @1 0.9062 (0.8352)	
Epoch: [24][40/97]	Time 0.398 (0.435)	Loss 0.4291 (0.4855)	Prec @1 0.8516 (0.8363)	
Epoch: [24][50/97]	Time 0.396 (0.429)	Loss 0.5101 (0.4773)	Prec @1 0.8516 (0.8390)	
Epoch: [24][60/97]	Time 0.406 (0.425)	Loss 0.5010 (0.4757)	Prec @1 0.8359 (0.8389)	
Epoch: [24][70/97]	Time 0.391 (0.422)	Loss 0.4874 (0.4788)	Prec @1 0.8516 (0.8375)	
Epoch: [24][80/97]	Time 0.405 (0.419)	Loss 0.5132 (0.4785)	Prec @1 0.7969 (0.8370)	
Epoch: [24][90/97]	Time 0.422 (0.418)	Loss 0.4904 (0.4765)	Prec @1 0.8516 (0.8371)	
Epoch: [24][0/100]	Time 0.084 (0.084)	
Epoch: [24][10/100]	Time 0.096 (0.086)	
Epoch: [24][20/100]	Time 0.099 (0.092)	
Epoch: [24][30/100]	Time 0.105 (0.095)	
Epoch: [24][40/100]	Time 0.102 (0.097)	
Epoch: [24][50/100]	Time 0.102 (0.098)	
Epoch: [24][60/100]	Time 0.100 (0.099)	
Epoch: [24][70/100]	Time 0.111 (0.100)	
Epoch: [24][80/100]	Time 0.102 (0.101)	
Epoch: [24][90/100]	Time 0.111 (0.101)	
Accuracy of Class 0: 0.9170
Accuracy of Class 1: 0.9580
Accuracy of Class 2: 0.6830
Accuracy of Class 3: 0.6320
Accuracy of Class 4: 0.5630
Accuracy of Class 5: 0.3230
Accuracy of Class 6: 0.4810
Accuracy of Class 7: 0.3420
Accuracy of Class 8: 0.0600
Accuracy of Class 9: 0.0440
* Prec @1: 0.5003
Epoch: [25][0/97]	Time 0.346 (0.346)	Loss 0.4905 (0.4905)	Prec @1 0.8125 (0.8125)	
Epoch: [25][10/97]	Time 0.392 (0.389)	Loss 0.4037 (0.4417)	Prec @1 0.8359 (0.8295)	
Epoch: [25][20/97]	Time 0.407 (0.402)	Loss 0.4341 (0.4759)	Prec @1 0.8438 (0.8285)	
Epoch: [25][30/97]	Time 0.408 (0.403)	Loss 0.5029 (0.4802)	Prec @1 0.8203 (0.8294)	
Epoch: [25][40/97]	Time 0.382 (0.405)	Loss 0.4688 (0.4761)	Prec @1 0.8516 (0.8352)	
Epoch: [25][50/97]	Time 0.422 (0.406)	Loss 0.4919 (0.4854)	Prec @1 0.8281 (0.8323)	
Epoch: [25][60/97]	Time 0.407 (0.406)	Loss 0.4138 (0.4763)	Prec @1 0.8516 (0.8356)	
Epoch: [25][70/97]	Time 0.392 (0.407)	Loss 0.5030 (0.4752)	Prec @1 0.8359 (0.8355)	
Epoch: [25][80/97]	Time 0.406 (0.407)	Loss 0.4776 (0.4740)	Prec @1 0.8594 (0.8360)	
Epoch: [25][90/97]	Time 0.484 (0.409)	Loss 0.4034 (0.4731)	Prec @1 0.8594 (0.8364)	
Epoch: [25][0/100]	Time 0.093 (0.093)	
Epoch: [25][10/100]	Time 0.094 (0.094)	
Epoch: [25][20/100]	Time 0.110 (0.097)	
Epoch: [25][30/100]	Time 0.110 (0.099)	
Epoch: [25][40/100]	Time 0.094 (0.100)	
Epoch: [25][50/100]	Time 0.095 (0.101)	
Epoch: [25][60/100]	Time 0.103 (0.101)	
Epoch: [25][70/100]	Time 0.116 (0.102)	
Epoch: [25][80/100]	Time 0.109 (0.102)	
Epoch: [25][90/100]	Time 0.124 (0.103)	
Accuracy of Class 0: 0.9360
Accuracy of Class 1: 0.9590
Accuracy of Class 2: 0.6830
Accuracy of Class 3: 0.6210
Accuracy of Class 4: 0.5330
Accuracy of Class 5: 0.2950
Accuracy of Class 6: 0.4820
Accuracy of Class 7: 0.3260
Accuracy of Class 8: 0.0530
Accuracy of Class 9: 0.0400
* Prec @1: 0.4928
Epoch: [26][0/97]	Time 0.389 (0.389)	Loss 0.4938 (0.4938)	Prec @1 0.8125 (0.8125)	
Epoch: [26][10/97]	Time 0.438 (0.420)	Loss 0.5386 (0.4703)	Prec @1 0.8281 (0.8317)	
Epoch: [26][20/97]	Time 0.405 (0.421)	Loss 0.5152 (0.4868)	Prec @1 0.7969 (0.8274)	
Epoch: [26][30/97]	Time 0.407 (0.416)	Loss 0.5208 (0.4897)	Prec @1 0.8203 (0.8246)	
Epoch: [26][40/97]	Time 0.411 (0.413)	Loss 0.5221 (0.4791)	Prec @1 0.8125 (0.8316)	
Epoch: [26][50/97]	Time 0.391 (0.412)	Loss 0.5064 (0.4811)	Prec @1 0.8125 (0.8336)	
Epoch: [26][60/97]	Time 0.407 (0.411)	Loss 0.3876 (0.4712)	Prec @1 0.8516 (0.8372)	
Epoch: [26][70/97]	Time 0.390 (0.410)	Loss 0.5058 (0.4699)	Prec @1 0.8359 (0.8378)	
Epoch: [26][80/97]	Time 0.381 (0.409)	Loss 0.3472 (0.4694)	Prec @1 0.8359 (0.8380)	
Epoch: [26][90/97]	Time 0.432 (0.409)	Loss 0.4979 (0.4674)	Prec @1 0.8281 (0.8395)	
Epoch: [26][0/100]	Time 0.078 (0.078)	
Epoch: [26][10/100]	Time 0.096 (0.087)	
Epoch: [26][20/100]	Time 0.110 (0.095)	
Epoch: [26][30/100]	Time 0.122 (0.102)	
Epoch: [26][40/100]	Time 0.112 (0.106)	
Epoch: [26][50/100]	Time 0.111 (0.108)	
Epoch: [26][60/100]	Time 0.104 (0.109)	
Epoch: [26][70/100]	Time 0.107 (0.109)	
Epoch: [26][80/100]	Time 0.103 (0.108)	
Epoch: [26][90/100]	Time 0.091 (0.108)	
Accuracy of Class 0: 0.9370
Accuracy of Class 1: 0.9590
Accuracy of Class 2: 0.6730
Accuracy of Class 3: 0.6360
Accuracy of Class 4: 0.5410
Accuracy of Class 5: 0.3250
Accuracy of Class 6: 0.4610
Accuracy of Class 7: 0.3500
Accuracy of Class 8: 0.0500
Accuracy of Class 9: 0.0490
* Prec @1: 0.4981
Epoch: [27][0/97]	Time 0.360 (0.360)	Loss 0.5759 (0.5759)	Prec @1 0.8359 (0.8359)	
Epoch: [27][10/97]	Time 0.404 (0.394)	Loss 0.4347 (0.4852)	Prec @1 0.8281 (0.8338)	
Epoch: [27][20/97]	Time 0.407 (0.399)	Loss 0.4168 (0.4683)	Prec @1 0.8828 (0.8356)	
Epoch: [27][30/97]	Time 0.392 (0.401)	Loss 0.3518 (0.4619)	Prec @1 0.8750 (0.8359)	
Epoch: [27][40/97]	Time 0.411 (0.402)	Loss 0.5097 (0.4662)	Prec @1 0.8047 (0.8335)	
Epoch: [27][50/97]	Time 0.440 (0.402)	Loss 0.5899 (0.4747)	Prec @1 0.8125 (0.8327)	
Epoch: [27][60/97]	Time 0.389 (0.402)	Loss 0.4650 (0.4786)	Prec @1 0.7891 (0.8316)	
Epoch: [27][70/97]	Time 0.438 (0.403)	Loss 0.4208 (0.4703)	Prec @1 0.8281 (0.8346)	
Epoch: [27][80/97]	Time 0.390 (0.402)	Loss 0.5625 (0.4698)	Prec @1 0.8203 (0.8349)	
Epoch: [27][90/97]	Time 0.417 (0.402)	Loss 0.3483 (0.4688)	Prec @1 0.8750 (0.8353)	
Epoch: [27][0/100]	Time 0.093 (0.093)	
Epoch: [27][10/100]	Time 0.108 (0.102)	
Epoch: [27][20/100]	Time 0.110 (0.107)	
Epoch: [27][30/100]	Time 0.095 (0.108)	
Epoch: [27][40/100]	Time 0.108 (0.107)	
Epoch: [27][50/100]	Time 0.111 (0.107)	
Epoch: [27][60/100]	Time 0.095 (0.106)	
Epoch: [27][70/100]	Time 0.095 (0.105)	
Epoch: [27][80/100]	Time 0.111 (0.106)	
Epoch: [27][90/100]	Time 0.106 (0.106)	
Accuracy of Class 0: 0.9330
Accuracy of Class 1: 0.9520
Accuracy of Class 2: 0.6650
Accuracy of Class 3: 0.6490
Accuracy of Class 4: 0.5500
Accuracy of Class 5: 0.3220
Accuracy of Class 6: 0.4670
Accuracy of Class 7: 0.3470
Accuracy of Class 8: 0.0520
Accuracy of Class 9: 0.0530
* Prec @1: 0.4990
Epoch: [28][0/97]	Time 0.345 (0.345)	Loss 0.3406 (0.3406)	Prec @1 0.9062 (0.9062)	
Epoch: [28][10/97]	Time 0.484 (0.422)	Loss 0.5250 (0.4440)	Prec @1 0.8125 (0.8459)	
Epoch: [28][20/97]	Time 0.483 (0.464)	Loss 0.3271 (0.4409)	Prec @1 0.8828 (0.8423)	
Epoch: [28][30/97]	Time 0.411 (0.430)	Loss 0.4561 (0.4551)	Prec @1 0.8359 (0.8385)	
Epoch: [28][40/97]	Time 0.393 (0.425)	Loss 0.4758 (0.4613)	Prec @1 0.8516 (0.8359)	
Epoch: [28][50/97]	Time 0.421 (0.423)	Loss 0.7850 (0.4686)	Prec @1 0.7500 (0.8347)	
Epoch: [28][60/97]	Time 0.406 (0.420)	Loss 0.5083 (0.4681)	Prec @1 0.8203 (0.8359)	
Epoch: [28][70/97]	Time 0.405 (0.418)	Loss 0.3814 (0.4705)	Prec @1 0.8906 (0.8352)	
Epoch: [28][80/97]	Time 0.401 (0.417)	Loss 0.3756 (0.4652)	Prec @1 0.8672 (0.8376)	
Epoch: [28][90/97]	Time 0.408 (0.416)	Loss 0.4848 (0.4655)	Prec @1 0.8203 (0.8376)	
Epoch: [28][0/100]	Time 0.080 (0.080)	
Epoch: [28][10/100]	Time 0.097 (0.093)	
Epoch: [28][20/100]	Time 0.095 (0.095)	
Epoch: [28][30/100]	Time 0.098 (0.097)	
Epoch: [28][40/100]	Time 0.099 (0.100)	
Epoch: [28][50/100]	Time 0.095 (0.100)	
Epoch: [28][60/100]	Time 0.095 (0.101)	
Epoch: [28][70/100]	Time 0.095 (0.101)	
Epoch: [28][80/100]	Time 0.106 (0.102)	
Epoch: [28][90/100]	Time 0.093 (0.101)	
Accuracy of Class 0: 0.9360
Accuracy of Class 1: 0.9590
Accuracy of Class 2: 0.6680
Accuracy of Class 3: 0.6450
Accuracy of Class 4: 0.5550
Accuracy of Class 5: 0.3090
Accuracy of Class 6: 0.4720
Accuracy of Class 7: 0.3400
Accuracy of Class 8: 0.0590
Accuracy of Class 9: 0.0500
* Prec @1: 0.4993
Epoch: [29][0/97]	Time 0.351 (0.351)	Loss 0.3830 (0.3830)	Prec @1 0.8906 (0.8906)	
Epoch: [29][10/97]	Time 0.392 (0.392)	Loss 0.5167 (0.4924)	Prec @1 0.8047 (0.8246)	
Epoch: [29][20/97]	Time 0.390 (0.398)	Loss 0.4983 (0.4953)	Prec @1 0.8203 (0.8263)	
Epoch: [29][30/97]	Time 0.436 (0.403)	Loss 0.2941 (0.4790)	Prec @1 0.9219 (0.8344)	
Epoch: [29][40/97]	Time 0.429 (0.404)	Loss 0.5974 (0.4783)	Prec @1 0.7891 (0.8352)	
Epoch: [29][50/97]	Time 0.391 (0.405)	Loss 0.4380 (0.4798)	Prec @1 0.8281 (0.8358)	
Epoch: [29][60/97]	Time 0.406 (0.405)	Loss 0.4467 (0.4785)	Prec @1 0.8516 (0.8380)	
Epoch: [29][70/97]	Time 0.408 (0.409)	Loss 0.3780 (0.4756)	Prec @1 0.8438 (0.8370)	
Epoch: [29][80/97]	Time 0.423 (0.408)	Loss 0.4029 (0.4719)	Prec @1 0.8516 (0.8383)	
Epoch: [29][90/97]	Time 0.393 (0.407)	Loss 0.4332 (0.4724)	Prec @1 0.8672 (0.8382)	
Epoch: [29][0/100]	Time 0.092 (0.092)	
Epoch: [29][10/100]	Time 0.137 (0.148)	
Epoch: [29][20/100]	Time 0.096 (0.133)	
Epoch: [29][30/100]	Time 0.074 (0.117)	
Epoch: [29][40/100]	Time 0.078 (0.107)	
Epoch: [29][50/100]	Time 0.100 (0.105)	
Epoch: [29][60/100]	Time 0.106 (0.105)	
Epoch: [29][70/100]	Time 0.115 (0.105)	
Epoch: [29][80/100]	Time 0.105 (0.105)	
Epoch: [29][90/100]	Time 0.110 (0.105)	
Accuracy of Class 0: 0.9300
Accuracy of Class 1: 0.9590
Accuracy of Class 2: 0.6820
Accuracy of Class 3: 0.6290
Accuracy of Class 4: 0.5440
Accuracy of Class 5: 0.3140
Accuracy of Class 6: 0.4620
Accuracy of Class 7: 0.3460
Accuracy of Class 8: 0.0590
Accuracy of Class 9: 0.0470
* Prec @1: 0.4972
Best Prec @1 Acccuracy: 0.5003
Accuracy of Class 0: 0.9170
Accuracy of Class 1: 0.9580
Accuracy of Class 2: 0.6830
Accuracy of Class 3: 0.6320
Accuracy of Class 4: 0.5630
Accuracy of Class 5: 0.3230
Accuracy of Class 6: 0.4810
Accuracy of Class 7: 0.3420
Accuracy of Class 8: 0.0600
Accuracy of Class 9: 0.0440
