Files already downloaded and verified
ResNet_s(
  (conv1): Conv2d(3, 16, kernel_size=(3, 3), stride=(1, 1), padding=(1, 1), bias=False)
  (bn1): BatchNorm2d(16, eps=1e-05, momentum=0.1, affine=True, track_running_stats=True)
  (layer1): Sequential(
    (0): BasicBlock(
      (conv1): Conv2d(16, 16, kernel_size=(3, 3), stride=(1, 1), padding=(1, 1), bias=False)
      (bn1): BatchNorm2d(16, eps=1e-05, momentum=0.1, affine=True, track_running_stats=True)
      (conv2): Conv2d(16, 16, kernel_size=(3, 3), stride=(1, 1), padding=(1, 1), bias=False)
      (bn2): BatchNorm2d(16, eps=1e-05, momentum=0.1, affine=True, track_running_stats=True)
      (shortcut): Sequential()
    )
    (1): BasicBlock(
      (conv1): Conv2d(16, 16, kernel_size=(3, 3), stride=(1, 1), padding=(1, 1), bias=False)
      (bn1): BatchNorm2d(16, eps=1e-05, momentum=0.1, affine=True, track_running_stats=True)
      (conv2): Conv2d(16, 16, kernel_size=(3, 3), stride=(1, 1), padding=(1, 1), bias=False)
      (bn2): BatchNorm2d(16, eps=1e-05, momentum=0.1, affine=True, track_running_stats=True)
      (shortcut): Sequential()
    )
    (2): BasicBlock(
      (conv1): Conv2d(16, 16, kernel_size=(3, 3), stride=(1, 1), padding=(1, 1), bias=False)
      (bn1): BatchNorm2d(16, eps=1e-05, momentum=0.1, affine=True, track_running_stats=True)
      (conv2): Conv2d(16, 16, kernel_size=(3, 3), stride=(1, 1), padding=(1, 1), bias=False)
      (bn2): BatchNorm2d(16, eps=1e-05, momentum=0.1, affine=True, track_running_stats=True)
      (shortcut): Sequential()
    )
    (3): BasicBlock(
      (conv1): Conv2d(16, 16, kernel_size=(3, 3), stride=(1, 1), padding=(1, 1), bias=False)
      (bn1): BatchNorm2d(16, eps=1e-05, momentum=0.1, affine=True, track_running_stats=True)
      (conv2): Conv2d(16, 16, kernel_size=(3, 3), stride=(1, 1), padding=(1, 1), bias=False)
      (bn2): BatchNorm2d(16, eps=1e-05, momentum=0.1, affine=True, track_running_stats=True)
      (shortcut): Sequential()
    )
    (4): BasicBlock(
      (conv1): Conv2d(16, 16, kernel_size=(3, 3), stride=(1, 1), padding=(1, 1), bias=False)
      (bn1): BatchNorm2d(16, eps=1e-05, momentum=0.1, affine=True, track_running_stats=True)
      (conv2): Conv2d(16, 16, kernel_size=(3, 3), stride=(1, 1), padding=(1, 1), bias=False)
      (bn2): BatchNorm2d(16, eps=1e-05, momentum=0.1, affine=True, track_running_stats=True)
      (shortcut): Sequential()
    )
  )
  (layer2): Sequential(
    (0): BasicBlock(
      (conv1): Conv2d(16, 32, kernel_size=(3, 3), stride=(2, 2), padding=(1, 1), bias=False)
      (bn1): BatchNorm2d(32, eps=1e-05, momentum=0.1, affine=True, track_running_stats=True)
      (conv2): Conv2d(32, 32, kernel_size=(3, 3), stride=(1, 1), padding=(1, 1), bias=False)
      (bn2): BatchNorm2d(32, eps=1e-05, momentum=0.1, affine=True, track_running_stats=True)
      (shortcut): LambdaLayer()
    )
    (1): BasicBlock(
      (conv1): Conv2d(32, 32, kernel_size=(3, 3), stride=(1, 1), padding=(1, 1), bias=False)
      (bn1): BatchNorm2d(32, eps=1e-05, momentum=0.1, affine=True, track_running_stats=True)
      (conv2): Conv2d(32, 32, kernel_size=(3, 3), stride=(1, 1), padding=(1, 1), bias=False)
      (bn2): BatchNorm2d(32, eps=1e-05, momentum=0.1, affine=True, track_running_stats=True)
      (shortcut): Sequential()
    )
    (2): BasicBlock(
      (conv1): Conv2d(32, 32, kernel_size=(3, 3), stride=(1, 1), padding=(1, 1), bias=False)
      (bn1): BatchNorm2d(32, eps=1e-05, momentum=0.1, affine=True, track_running_stats=True)
      (conv2): Conv2d(32, 32, kernel_size=(3, 3), stride=(1, 1), padding=(1, 1), bias=False)
      (bn2): BatchNorm2d(32, eps=1e-05, momentum=0.1, affine=True, track_running_stats=True)
      (shortcut): Sequential()
    )
    (3): BasicBlock(
      (conv1): Conv2d(32, 32, kernel_size=(3, 3), stride=(1, 1), padding=(1, 1), bias=False)
      (bn1): BatchNorm2d(32, eps=1e-05, momentum=0.1, affine=True, track_running_stats=True)
      (conv2): Conv2d(32, 32, kernel_size=(3, 3), stride=(1, 1), padding=(1, 1), bias=False)
      (bn2): BatchNorm2d(32, eps=1e-05, momentum=0.1, affine=True, track_running_stats=True)
      (shortcut): Sequential()
    )
    (4): BasicBlock(
      (conv1): Conv2d(32, 32, kernel_size=(3, 3), stride=(1, 1), padding=(1, 1), bias=False)
      (bn1): BatchNorm2d(32, eps=1e-05, momentum=0.1, affine=True, track_running_stats=True)
      (conv2): Conv2d(32, 32, kernel_size=(3, 3), stride=(1, 1), padding=(1, 1), bias=False)
      (bn2): BatchNorm2d(32, eps=1e-05, momentum=0.1, affine=True, track_running_stats=True)
      (shortcut): Sequential()
    )
  )
  (layer3): Sequential(
    (0): BasicBlock(
      (conv1): Conv2d(32, 64, kernel_size=(3, 3), stride=(2, 2), padding=(1, 1), bias=False)
      (bn1): BatchNorm2d(64, eps=1e-05, momentum=0.1, affine=True, track_running_stats=True)
      (conv2): Conv2d(64, 64, kernel_size=(3, 3), stride=(1, 1), padding=(1, 1), bias=False)
      (bn2): BatchNorm2d(64, eps=1e-05, momentum=0.1, affine=True, track_running_stats=True)
      (shortcut): LambdaLayer()
    )
    (1): BasicBlock(
      (conv1): Conv2d(64, 64, kernel_size=(3, 3), stride=(1, 1), padding=(1, 1), bias=False)
      (bn1): BatchNorm2d(64, eps=1e-05, momentum=0.1, affine=True, track_running_stats=True)
      (conv2): Conv2d(64, 64, kernel_size=(3, 3), stride=(1, 1), padding=(1, 1), bias=False)
      (bn2): BatchNorm2d(64, eps=1e-05, momentum=0.1, affine=True, track_running_stats=True)
      (shortcut): Sequential()
    )
    (2): BasicBlock(
      (conv1): Conv2d(64, 64, kernel_size=(3, 3), stride=(1, 1), padding=(1, 1), bias=False)
      (bn1): BatchNorm2d(64, eps=1e-05, momentum=0.1, affine=True, track_running_stats=True)
      (conv2): Conv2d(64, 64, kernel_size=(3, 3), stride=(1, 1), padding=(1, 1), bias=False)
      (bn2): BatchNorm2d(64, eps=1e-05, momentum=0.1, affine=True, track_running_stats=True)
      (shortcut): Sequential()
    )
    (3): BasicBlock(
      (conv1): Conv2d(64, 64, kernel_size=(3, 3), stride=(1, 1), padding=(1, 1), bias=False)
      (bn1): BatchNorm2d(64, eps=1e-05, momentum=0.1, affine=True, track_running_stats=True)
      (conv2): Conv2d(64, 64, kernel_size=(3, 3), stride=(1, 1), padding=(1, 1), bias=False)
      (bn2): BatchNorm2d(64, eps=1e-05, momentum=0.1, affine=True, track_running_stats=True)
      (shortcut): Sequential()
    )
    (4): BasicBlock(
      (conv1): Conv2d(64, 64, kernel_size=(3, 3), stride=(1, 1), padding=(1, 1), bias=False)
      (bn1): BatchNorm2d(64, eps=1e-05, momentum=0.1, affine=True, track_running_stats=True)
      (conv2): Conv2d(64, 64, kernel_size=(3, 3), stride=(1, 1), padding=(1, 1), bias=False)
      (bn2): BatchNorm2d(64, eps=1e-05, momentum=0.1, affine=True, track_running_stats=True)
      (shortcut): Sequential()
    )
  )
  (linear): Linear(in_features=64, out_features=10, bias=True)
)
Epoch: [0][0/97]	Time 0.521 (0.521)	Loss 0.6190 (0.6190)	Prec @1 0.0156 (0.0156)	
Epoch: [0][10/97]	Time 0.418 (0.465)	Loss 0.3436 (0.4873)	Prec @1 0.2969 (0.1271)	
Epoch: [0][20/97]	Time 1.012 (0.571)	Loss 0.3878 (0.4170)	Prec @1 0.1875 (0.1927)	
Epoch: [0][30/97]	Time 0.686 (0.639)	Loss 0.5779 (0.4018)	Prec @1 0.2109 (0.1749)	
Epoch: [0][40/97]	Time 0.590 (0.657)	Loss 0.2837 (0.3810)	Prec @1 0.2344 (0.1905)	
Epoch: [0][50/97]	Time 0.572 (0.638)	Loss 0.2801 (0.3733)	Prec @1 0.2344 (0.2034)	
Epoch: [0][60/97]	Time 0.576 (0.639)	Loss 0.3249 (0.3627)	Prec @1 0.2734 (0.2149)	
Epoch: [0][70/97]	Time 0.652 (0.675)	Loss 0.3263 (0.3568)	Prec @1 0.3672 (0.2313)	
Epoch: [0][80/97]	Time 0.591 (0.687)	Loss 0.3121 (0.3542)	Prec @1 0.1172 (0.2323)	
Epoch: [0][90/97]	Time 0.855 (0.692)	Loss 0.4528 (0.3514)	Prec @1 0.2812 (0.2289)	
Epoch: [0][0/100]	Time 0.150 (0.150)	
Epoch: [0][10/100]	Time 0.136 (0.147)	
Epoch: [0][20/100]	Time 0.136 (0.146)	
Epoch: [0][30/100]	Time 0.150 (0.146)	
Epoch: [0][40/100]	Time 0.162 (0.147)	
Epoch: [0][50/100]	Time 0.150 (0.150)	
Epoch: [0][60/100]	Time 0.142 (0.150)	
Epoch: [0][70/100]	Time 0.138 (0.150)	
Epoch: [0][80/100]	Time 0.133 (0.151)	
Epoch: [0][90/100]	Time 0.176 (0.150)	
Accuracy of Class 0: 0.3340
Accuracy of Class 1: 0.3410
Accuracy of Class 2: 0.4100
Accuracy of Class 3: 0.0370
Accuracy of Class 4: 0.1490
Accuracy of Class 5: 0.0330
Accuracy of Class 6: 0.3710
Accuracy of Class 7: 0.2770
Accuracy of Class 8: 0.0540
Accuracy of Class 9: 0.3540
* Prec @1: 0.2360
Epoch: [1][0/97]	Time 0.530 (0.530)	Loss 0.2275 (0.2275)	Prec @1 0.1641 (0.1641)	
Epoch: [1][10/97]	Time 0.508 (0.557)	Loss 0.2019 (0.2895)	Prec @1 0.4609 (0.3438)	
Epoch: [1][20/97]	Time 0.571 (0.571)	Loss 0.3106 (0.3042)	Prec @1 0.1953 (0.2667)	
Epoch: [1][30/97]	Time 0.684 (0.607)	Loss 0.2108 (0.3093)	Prec @1 0.3438 (0.2709)	
Epoch: [1][40/97]	Time 0.549 (0.605)	Loss 0.3380 (0.2992)	Prec @1 0.5156 (0.3020)	
Epoch: [1][50/97]	Time 0.715 (0.609)	Loss 0.2521 (0.2984)	Prec @1 0.1719 (0.2995)	
Epoch: [1][60/97]	Time 0.577 (0.606)	Loss 0.2620 (0.2986)	Prec @1 0.4375 (0.3051)	
Epoch: [1][70/97]	Time 0.502 (0.597)	Loss 0.1742 (0.2905)	Prec @1 0.5234 (0.3242)	
Epoch: [1][80/97]	Time 0.624 (0.589)	Loss 0.2387 (0.2905)	Prec @1 0.3672 (0.3264)	
Epoch: [1][90/97]	Time 0.640 (0.596)	Loss 0.2647 (0.2896)	Prec @1 0.2891 (0.3201)	
Epoch: [1][0/100]	Time 0.136 (0.136)	
Epoch: [1][10/100]	Time 0.160 (0.157)	
Epoch: [1][20/100]	Time 0.147 (0.158)	
Epoch: [1][30/100]	Time 0.150 (0.165)	
Epoch: [1][40/100]	Time 0.217 (0.160)	
Epoch: [1][50/100]	Time 0.113 (0.169)	
Epoch: [1][60/100]	Time 0.153 (0.164)	
Epoch: [1][70/100]	Time 0.131 (0.161)	
Epoch: [1][80/100]	Time 0.164 (0.159)	
Epoch: [1][90/100]	Time 0.205 (0.159)	
Accuracy of Class 0: 0.5460
Accuracy of Class 1: 0.5680
Accuracy of Class 2: 0.2600
Accuracy of Class 3: 0.2130
Accuracy of Class 4: 0.4930
Accuracy of Class 5: 0.0940
Accuracy of Class 6: 0.2560
Accuracy of Class 7: 0.2310
Accuracy of Class 8: 0.0730
Accuracy of Class 9: 0.2980
* Prec @1: 0.3032
Epoch: [2][0/97]	Time 0.592 (0.592)	Loss 0.4313 (0.4313)	Prec @1 0.4062 (0.4062)	
Epoch: [2][10/97]	Time 0.496 (0.550)	Loss 0.1755 (0.2817)	Prec @1 0.3672 (0.3572)	
Epoch: [2][20/97]	Time 0.472 (0.559)	Loss 0.1996 (0.2771)	Prec @1 0.3047 (0.3341)	
Epoch: [2][30/97]	Time 0.675 (0.571)	Loss 0.2376 (0.2707)	Prec @1 0.4922 (0.3453)	
Epoch: [2][40/97]	Time 0.727 (0.598)	Loss 0.2863 (0.2711)	Prec @1 0.3516 (0.3552)	
Epoch: [2][50/97]	Time 0.601 (0.600)	Loss 0.2804 (0.2708)	Prec @1 0.3984 (0.3594)	
Epoch: [2][60/97]	Time 0.534 (0.606)	Loss 0.3059 (0.2650)	Prec @1 0.3359 (0.3618)	
Epoch: [2][70/97]	Time 0.491 (0.597)	Loss 0.4453 (0.2657)	Prec @1 0.4375 (0.3717)	
Epoch: [2][80/97]	Time 0.501 (0.593)	Loss 0.2890 (0.2629)	Prec @1 0.1953 (0.3640)	
Epoch: [2][90/97]	Time 0.548 (0.596)	Loss 0.2076 (0.2624)	Prec @1 0.4219 (0.3573)	
Epoch: [2][0/100]	Time 0.127 (0.127)	
Epoch: [2][10/100]	Time 0.131 (0.125)	
Epoch: [2][20/100]	Time 0.115 (0.128)	
Epoch: [2][30/100]	Time 0.150 (0.137)	
Epoch: [2][40/100]	Time 0.184 (0.146)	
Epoch: [2][50/100]	Time 0.140 (0.149)	
Epoch: [2][60/100]	Time 0.159 (0.149)	
Epoch: [2][70/100]	Time 0.165 (0.149)	
Epoch: [2][80/100]	Time 0.152 (0.151)	
Epoch: [2][90/100]	Time 0.139 (0.150)	
Accuracy of Class 0: 0.4590
Accuracy of Class 1: 0.4840
Accuracy of Class 2: 0.3080
Accuracy of Class 3: 0.1430
Accuracy of Class 4: 0.4560
Accuracy of Class 5: 0.3220
Accuracy of Class 6: 0.2130
Accuracy of Class 7: 0.1810
Accuracy of Class 8: 0.5730
Accuracy of Class 9: 0.0000
* Prec @1: 0.3139
Epoch: [3][0/97]	Time 0.573 (0.573)	Loss 0.2536 (0.2536)	Prec @1 0.3203 (0.3203)	
Epoch: [3][10/97]	Time 0.497 (0.614)	Loss 0.3634 (0.2648)	Prec @1 0.3750 (0.3736)	
Epoch: [3][20/97]	Time 0.584 (0.611)	Loss 0.2690 (0.2704)	Prec @1 0.3047 (0.3322)	
Epoch: [3][30/97]	Time 0.665 (0.610)	Loss 0.3201 (0.2620)	Prec @1 0.4375 (0.3571)	
Epoch: [3][40/97]	Time 0.753 (0.633)	Loss 0.2934 (0.2535)	Prec @1 0.4844 (0.3780)	
Epoch: [3][50/97]	Time 0.871 (0.637)	Loss 0.1967 (0.2480)	Prec @1 0.5078 (0.3937)	
Epoch: [3][60/97]	Time 0.493 (0.632)	Loss 0.3244 (0.2496)	Prec @1 0.4922 (0.4101)	
Epoch: [3][70/97]	Time 0.627 (0.632)	Loss 0.2320 (0.2485)	Prec @1 0.4219 (0.4090)	
Epoch: [3][80/97]	Time 0.532 (0.640)	Loss 0.2480 (0.2474)	Prec @1 0.4844 (0.4118)	
Epoch: [3][90/97]	Time 0.708 (0.632)	Loss 0.2760 (0.2502)	Prec @1 0.3438 (0.4080)	
Epoch: [3][0/100]	Time 0.131 (0.131)	
Epoch: [3][10/100]	Time 0.109 (0.116)	
Epoch: [3][20/100]	Time 0.233 (0.143)	
Epoch: [3][30/100]	Time 0.240 (0.164)	
Epoch: [3][40/100]	Time 0.168 (0.166)	
Epoch: [3][50/100]	Time 0.121 (0.165)	
Epoch: [3][60/100]	Time 0.187 (0.162)	
Epoch: [3][70/100]	Time 0.176 (0.162)	
Epoch: [3][80/100]	Time 0.142 (0.161)	
Epoch: [3][90/100]	Time 0.149 (0.158)	
Accuracy of Class 0: 0.1260
Accuracy of Class 1: 0.1750
Accuracy of Class 2: 0.0440
Accuracy of Class 3: 0.0930
Accuracy of Class 4: 0.2980
Accuracy of Class 5: 0.3440
Accuracy of Class 6: 0.6260
Accuracy of Class 7: 0.1920
Accuracy of Class 8: 0.7600
Accuracy of Class 9: 0.5230
* Prec @1: 0.3181
Epoch: [4][0/97]	Time 0.753 (0.753)	Loss 0.2762 (0.2762)	Prec @1 0.2109 (0.2109)	
Epoch: [4][10/97]	Time 0.565 (0.648)	Loss 0.2460 (0.2458)	Prec @1 0.4766 (0.3679)	
Epoch: [4][20/97]	Time 0.646 (0.645)	Loss 0.1796 (0.2555)	Prec @1 0.3047 (0.3996)	
Epoch: [4][30/97]	Time 0.636 (0.643)	Loss 0.1940 (0.2484)	Prec @1 0.4141 (0.3828)	
Epoch: [4][40/97]	Time 0.607 (0.630)	Loss 0.3136 (0.2541)	Prec @1 0.3516 (0.3908)	
Epoch: [4][50/97]	Time 0.495 (0.610)	Loss 0.2683 (0.2537)	Prec @1 0.3672 (0.3883)	
Epoch: [4][60/97]	Time 0.639 (0.612)	Loss 0.1710 (0.2566)	Prec @1 0.2734 (0.3831)	
Epoch: [4][70/97]	Time 0.551 (0.610)	Loss 0.2345 (0.2561)	Prec @1 0.3594 (0.3697)	
Epoch: [4][80/97]	Time 0.541 (0.611)	Loss 0.1784 (0.2516)	Prec @1 0.4297 (0.3794)	
Epoch: [4][90/97]	Time 0.503 (0.609)	Loss 0.2649 (0.2512)	Prec @1 0.3828 (0.3847)	
Epoch: [4][0/100]	Time 0.115 (0.115)	
Epoch: [4][10/100]	Time 0.125 (0.127)	
Epoch: [4][20/100]	Time 0.160 (0.134)	
Epoch: [4][30/100]	Time 0.125 (0.135)	
Epoch: [4][40/100]	Time 0.141 (0.137)	
Epoch: [4][50/100]	Time 0.149 (0.139)	
Epoch: [4][60/100]	Time 0.178 (0.140)	
Epoch: [4][70/100]	Time 0.149 (0.140)	
Epoch: [4][80/100]	Time 0.149 (0.141)	
Epoch: [4][90/100]	Time 0.133 (0.141)	
Accuracy of Class 0: 0.5270
Accuracy of Class 1: 0.4040
Accuracy of Class 2: 0.0930
Accuracy of Class 3: 0.1930
Accuracy of Class 4: 0.5280
Accuracy of Class 5: 0.3590
Accuracy of Class 6: 0.1990
Accuracy of Class 7: 0.3970
Accuracy of Class 8: 0.2190
Accuracy of Class 9: 0.6590
* Prec @1: 0.3578
Epoch: [5][0/97]	Time 0.569 (0.569)	Loss 0.2516 (0.2516)	Prec @1 0.3125 (0.3125)	
Epoch: [5][10/97]	Time 0.680 (0.604)	Loss 0.1771 (0.2299)	Prec @1 0.4844 (0.4276)	
Epoch: [5][20/97]	Time 0.585 (0.604)	Loss 0.2107 (0.2367)	Prec @1 0.2969 (0.4282)	
Epoch: [5][30/97]	Time 0.599 (0.618)	Loss 0.2318 (0.2390)	Prec @1 0.4531 (0.4118)	
Epoch: [5][40/97]	Time 0.601 (0.618)	Loss 0.2439 (0.2362)	Prec @1 0.4297 (0.4204)	
Epoch: [5][50/97]	Time 0.745 (0.629)	Loss 0.1792 (0.2365)	Prec @1 0.3828 (0.4210)	
Epoch: [5][60/97]	Time 0.500 (0.621)	Loss 0.2657 (0.2349)	Prec @1 0.4688 (0.4343)	
Epoch: [5][70/97]	Time 0.778 (0.623)	Loss 0.2832 (0.2346)	Prec @1 0.3359 (0.4340)	
Epoch: [5][80/97]	Time 0.471 (0.630)	Loss 0.2125 (0.2332)	Prec @1 0.4688 (0.4326)	
Epoch: [5][90/97]	Time 0.569 (0.628)	Loss 0.2416 (0.2360)	Prec @1 0.3125 (0.4331)	
Epoch: [5][0/100]	Time 0.141 (0.141)	
Epoch: [5][10/100]	Time 0.130 (0.113)	
Epoch: [5][20/100]	Time 0.144 (0.118)	
Epoch: [5][30/100]	Time 0.153 (0.127)	
Epoch: [5][40/100]	Time 0.130 (0.131)	
Epoch: [5][50/100]	Time 0.149 (0.133)	
Epoch: [5][60/100]	Time 0.155 (0.135)	
Epoch: [5][70/100]	Time 0.128 (0.137)	
Epoch: [5][80/100]	Time 0.134 (0.138)	
Epoch: [5][90/100]	Time 0.145 (0.138)	
Accuracy of Class 0: 0.5100
Accuracy of Class 1: 0.6450
Accuracy of Class 2: 0.1540
Accuracy of Class 3: 0.2070
Accuracy of Class 4: 0.3460
Accuracy of Class 5: 0.2460
Accuracy of Class 6: 0.4310
Accuracy of Class 7: 0.4010
Accuracy of Class 8: 0.5570
Accuracy of Class 9: 0.3570
* Prec @1: 0.3854
Epoch: [6][0/97]	Time 0.507 (0.507)	Loss 0.2158 (0.2158)	Prec @1 0.3594 (0.3594)	
Epoch: [6][10/97]	Time 0.651 (0.574)	Loss 0.2461 (0.2217)	Prec @1 0.5547 (0.4609)	
Epoch: [6][20/97]	Time 0.593 (0.597)	Loss 0.4105 (0.2263)	Prec @1 0.5469 (0.4769)	
Epoch: [6][30/97]	Time 0.576 (0.599)	Loss 0.2421 (0.2343)	Prec @1 0.2812 (0.4405)	
Epoch: [6][40/97]	Time 0.639 (0.603)	Loss 0.1437 (0.2257)	Prec @1 0.5312 (0.4303)	
Epoch: [6][50/97]	Time 0.567 (0.617)	Loss 0.1856 (0.2279)	Prec @1 0.3906 (0.4410)	
Epoch: [6][60/97]	Time 0.548 (0.626)	Loss 0.2875 (0.2322)	Prec @1 0.5469 (0.4385)	
Epoch: [6][70/97]	Time 0.714 (0.630)	Loss 0.2882 (0.2291)	Prec @1 0.3359 (0.4335)	
Epoch: [6][80/97]	Time 0.482 (0.637)	Loss 0.1935 (0.2295)	Prec @1 0.5078 (0.4308)	
Epoch: [6][90/97]	Time 0.653 (0.635)	Loss 0.1763 (0.2285)	Prec @1 0.3359 (0.4302)	
Epoch: [6][0/100]	Time 0.162 (0.162)	
Epoch: [6][10/100]	Time 0.145 (0.136)	
Epoch: [6][20/100]	Time 0.165 (0.141)	
Epoch: [6][30/100]	Time 0.161 (0.146)	
Epoch: [6][40/100]	Time 0.133 (0.143)	
Epoch: [6][50/100]	Time 0.137 (0.142)	
Epoch: [6][60/100]	Time 0.144 (0.141)	
Epoch: [6][70/100]	Time 0.189 (0.143)	
Epoch: [6][80/100]	Time 0.162 (0.147)	
Epoch: [6][90/100]	Time 0.158 (0.149)	
Accuracy of Class 0: 0.3600
Accuracy of Class 1: 0.3030
Accuracy of Class 2: 0.3510
Accuracy of Class 3: 0.2350
Accuracy of Class 4: 0.1640
Accuracy of Class 5: 0.3890
Accuracy of Class 6: 0.4240
Accuracy of Class 7: 0.4520
Accuracy of Class 8: 0.6120
Accuracy of Class 9: 0.6260
* Prec @1: 0.3916
Epoch: [7][0/97]	Time 0.489 (0.489)	Loss 0.2080 (0.2080)	Prec @1 0.3828 (0.3828)	
Epoch: [7][10/97]	Time 0.670 (0.592)	Loss 0.2205 (0.2350)	Prec @1 0.4453 (0.4119)	
Epoch: [7][20/97]	Time 0.651 (0.627)	Loss 0.2080 (0.2223)	Prec @1 0.4766 (0.4557)	
Epoch: [7][30/97]	Time 0.733 (0.651)	Loss 0.2414 (0.2303)	Prec @1 0.3750 (0.4468)	
Epoch: [7][40/97]	Time 0.625 (0.656)	Loss 0.2139 (0.2300)	Prec @1 0.4219 (0.4259)	
Epoch: [7][50/97]	Time 0.582 (0.656)	Loss 0.2457 (0.2266)	Prec @1 0.4453 (0.4338)	
Epoch: [7][60/97]	Time 0.658 (0.646)	Loss 0.2212 (0.2259)	Prec @1 0.4062 (0.4324)	
Epoch: [7][70/97]	Time 0.606 (0.647)	Loss 0.2153 (0.2275)	Prec @1 0.3047 (0.4234)	
Epoch: [7][80/97]	Time 0.584 (0.649)	Loss 0.1641 (0.2241)	Prec @1 0.4844 (0.4194)	
Epoch: [7][90/97]	Time 0.790 (0.649)	Loss 0.2040 (0.2259)	Prec @1 0.4375 (0.4282)	
Epoch: [7][0/100]	Time 0.163 (0.163)	
Epoch: [7][10/100]	Time 0.171 (0.152)	
Epoch: [7][20/100]	Time 0.173 (0.153)	
Epoch: [7][30/100]	Time 0.142 (0.152)	
Epoch: [7][40/100]	Time 0.158 (0.154)	
Epoch: [7][50/100]	Time 0.166 (0.157)	
Epoch: [7][60/100]	Time 0.154 (0.159)	
Epoch: [7][70/100]	Time 0.140 (0.157)	
Epoch: [7][80/100]	Time 0.142 (0.155)	
Epoch: [7][90/100]	Time 0.139 (0.153)	
Accuracy of Class 0: 0.6790
Accuracy of Class 1: 0.3400
Accuracy of Class 2: 0.2520
Accuracy of Class 3: 0.3310
Accuracy of Class 4: 0.1730
Accuracy of Class 5: 0.3600
Accuracy of Class 6: 0.5210
Accuracy of Class 7: 0.4170
Accuracy of Class 8: 0.4510
Accuracy of Class 9: 0.4160
* Prec @1: 0.3940
Epoch: [8][0/97]	Time 0.616 (0.616)	Loss 0.2256 (0.2256)	Prec @1 0.4922 (0.4922)	
Epoch: [8][10/97]	Time 0.532 (0.648)	Loss 0.2338 (0.2440)	Prec @1 0.3516 (0.4368)	
Epoch: [8][20/97]	Time 0.756 (0.680)	Loss 0.1623 (0.2401)	Prec @1 0.4609 (0.4327)	
Epoch: [8][30/97]	Time 0.652 (0.691)	Loss 0.1653 (0.2273)	Prec @1 0.4375 (0.4264)	
Epoch: [8][40/97]	Time 0.745 (0.705)	Loss 0.1881 (0.2260)	Prec @1 0.4766 (0.4339)	
Epoch: [8][50/97]	Time 0.717 (0.701)	Loss 0.1532 (0.2230)	Prec @1 0.4375 (0.4406)	
Epoch: [8][60/97]	Time 0.754 (0.696)	Loss 0.2017 (0.2167)	Prec @1 0.5469 (0.4526)	
Epoch: [8][70/97]	Time 0.768 (0.710)	Loss 0.1695 (0.2164)	Prec @1 0.4062 (0.4559)	
Epoch: [8][80/97]	Time 0.641 (0.701)	Loss 0.2570 (0.2150)	Prec @1 0.5234 (0.4540)	
Epoch: [8][90/97]	Time 0.749 (0.696)	Loss 0.1668 (0.2130)	Prec @1 0.5234 (0.4646)	
Epoch: [8][0/100]	Time 0.137 (0.137)	
Epoch: [8][10/100]	Time 0.153 (0.157)	
Epoch: [8][20/100]	Time 0.153 (0.165)	
Epoch: [8][30/100]	Time 0.164 (0.160)	
Epoch: [8][40/100]	Time 0.176 (0.161)	
Epoch: [8][50/100]	Time 0.153 (0.161)	
Epoch: [8][60/100]	Time 0.253 (0.172)	
Epoch: [8][70/100]	Time 0.216 (0.181)	
Epoch: [8][80/100]	Time 0.229 (0.187)	
Epoch: [8][90/100]	Time 0.214 (0.190)	
Accuracy of Class 0: 0.6570
Accuracy of Class 1: 0.7940
Accuracy of Class 2: 0.4180
Accuracy of Class 3: 0.1250
Accuracy of Class 4: 0.0850
Accuracy of Class 5: 0.4170
Accuracy of Class 6: 0.6350
Accuracy of Class 7: 0.4720
Accuracy of Class 8: 0.3520
Accuracy of Class 9: 0.1630
* Prec @1: 0.4118
Epoch: [9][0/97]	Time 0.628 (0.628)	Loss 0.1663 (0.1663)	Prec @1 0.5234 (0.5234)	
Epoch: [9][10/97]	Time 0.565 (0.701)	Loss 0.2418 (0.1895)	Prec @1 0.5156 (0.5107)	
Epoch: [9][20/97]	Time 0.656 (0.706)	Loss 0.2910 (0.1989)	Prec @1 0.4609 (0.5197)	
Epoch: [9][30/97]	Time 0.628 (0.694)	Loss 0.2671 (0.2041)	Prec @1 0.2656 (0.4468)	
Epoch: [9][40/97]	Time 0.663 (0.687)	Loss 0.1897 (0.1987)	Prec @1 0.5547 (0.4518)	
Epoch: [9][50/97]	Time 0.840 (0.709)	Loss 0.1974 (0.2054)	Prec @1 0.4844 (0.4701)	
Epoch: [9][60/97]	Time 0.645 (0.728)	Loss 0.1318 (0.2038)	Prec @1 0.4141 (0.4638)	
Epoch: [9][70/97]	Time 0.620 (0.718)	Loss 0.2345 (0.2085)	Prec @1 0.3672 (0.4590)	
Epoch: [9][80/97]	Time 0.660 (0.710)	Loss 0.2965 (0.2125)	Prec @1 0.4688 (0.4583)	
Epoch: [9][90/97]	Time 0.678 (0.707)	Loss 0.1922 (0.2150)	Prec @1 0.4688 (0.4567)	
Epoch: [9][0/100]	Time 0.124 (0.124)	
Epoch: [9][10/100]	Time 0.163 (0.145)	
Epoch: [9][20/100]	Time 0.176 (0.151)	
Epoch: [9][30/100]	Time 0.161 (0.155)	
Epoch: [9][40/100]	Time 0.149 (0.158)	
Epoch: [9][50/100]	Time 0.158 (0.157)	
Epoch: [9][60/100]	Time 0.151 (0.157)	
Epoch: [9][70/100]	Time 0.154 (0.158)	
Epoch: [9][80/100]	Time 0.179 (0.159)	
Epoch: [9][90/100]	Time 0.167 (0.159)	
Accuracy of Class 0: 0.5390
Accuracy of Class 1: 0.3270
Accuracy of Class 2: 0.2820
Accuracy of Class 3: 0.4520
Accuracy of Class 4: 0.1350
Accuracy of Class 5: 0.2030
Accuracy of Class 6: 0.5740
Accuracy of Class 7: 0.5650
Accuracy of Class 8: 0.2640
Accuracy of Class 9: 0.7400
* Prec @1: 0.4081
Epoch: [10][0/97]	Time 0.559 (0.559)	Loss 0.1868 (0.1868)	Prec @1 0.4766 (0.4766)	
Epoch: [10][10/97]	Time 0.721 (0.672)	Loss 0.1497 (0.2119)	Prec @1 0.4531 (0.4524)	
Epoch: [10][20/97]	Time 0.903 (0.696)	Loss 0.2193 (0.2085)	Prec @1 0.5312 (0.4740)	
Epoch: [10][30/97]	Time 0.752 (0.711)	Loss 0.2571 (0.2079)	Prec @1 0.5000 (0.4884)	
Epoch: [10][40/97]	Time 0.763 (0.714)	Loss 0.1862 (0.2104)	Prec @1 0.3281 (0.4594)	
Epoch: [10][50/97]	Time 0.805 (0.716)	Loss 0.2362 (0.2144)	Prec @1 0.4922 (0.4542)	
Epoch: [10][60/97]	Time 0.709 (0.719)	Loss 0.1910 (0.2102)	Prec @1 0.4922 (0.4607)	
Epoch: [10][70/97]	Time 0.876 (0.715)	Loss 0.2011 (0.2121)	Prec @1 0.4844 (0.4551)	
Epoch: [10][80/97]	Time 0.695 (0.715)	Loss 0.1737 (0.2139)	Prec @1 0.4609 (0.4572)	
Epoch: [10][90/97]	Time 0.635 (0.718)	Loss 0.2180 (0.2128)	Prec @1 0.4609 (0.4600)	
Epoch: [10][0/100]	Time 0.118 (0.118)	
Epoch: [10][10/100]	Time 0.140 (0.136)	
Epoch: [10][20/100]	Time 0.161 (0.147)	
Epoch: [10][30/100]	Time 0.164 (0.159)	
Epoch: [10][40/100]	Time 0.172 (0.164)	
Epoch: [10][50/100]	Time 0.172 (0.167)	
Epoch: [10][60/100]	Time 0.201 (0.171)	
Epoch: [10][70/100]	Time 0.152 (0.171)	
Epoch: [10][80/100]	Time 0.144 (0.170)	
Epoch: [10][90/100]	Time 0.173 (0.169)	
Accuracy of Class 0: 0.4670
Accuracy of Class 1: 0.4740
Accuracy of Class 2: 0.1560
Accuracy of Class 3: 0.2220
Accuracy of Class 4: 0.4270
Accuracy of Class 5: 0.6090
Accuracy of Class 6: 0.5590
Accuracy of Class 7: 0.4080
Accuracy of Class 8: 0.5860
Accuracy of Class 9: 0.3440
* Prec @1: 0.4252
Epoch: [11][0/97]	Time 0.647 (0.647)	Loss 0.2145 (0.2145)	Prec @1 0.4375 (0.4375)	
Epoch: [11][10/97]	Time 0.764 (0.707)	Loss 0.1700 (0.2160)	Prec @1 0.5000 (0.4659)	
Epoch: [11][20/97]	Time 0.755 (0.717)	Loss 0.2318 (0.2158)	Prec @1 0.5156 (0.4810)	
Epoch: [11][30/97]	Time 0.710 (0.720)	Loss 0.2150 (0.2119)	Prec @1 0.4375 (0.4745)	
Epoch: [11][40/97]	Time 0.780 (0.724)	Loss 0.2071 (0.2048)	Prec @1 0.5391 (0.4827)	
Epoch: [11][50/97]	Time 0.590 (0.713)	Loss 0.1621 (0.2072)	Prec @1 0.4062 (0.4847)	
Epoch: [11][60/97]	Time 0.787 (0.707)	Loss 0.1853 (0.2023)	Prec @1 0.4844 (0.4769)	
Epoch: [11][70/97]	Time 0.760 (0.714)	Loss 0.2655 (0.2052)	Prec @1 0.4219 (0.4804)	
Epoch: [11][80/97]	Time 0.586 (0.706)	Loss 0.1627 (0.2032)	Prec @1 0.4062 (0.4674)	
Epoch: [11][90/97]	Time 0.911 (0.717)	Loss 0.1653 (0.2014)	Prec @1 0.6016 (0.4748)	
Epoch: [11][0/100]	Time 0.122 (0.122)	
Epoch: [11][10/100]	Time 0.145 (0.142)	
Epoch: [11][20/100]	Time 0.174 (0.156)	
Epoch: [11][30/100]	Time 0.201 (0.173)	
Epoch: [11][40/100]	Time 0.244 (0.181)	
Epoch: [11][50/100]	Time 0.188 (0.192)	
Epoch: [11][60/100]	Time 0.170 (0.200)	
Epoch: [11][70/100]	Time 0.142 (0.194)	
Epoch: [11][80/100]	Time 0.145 (0.189)	
Epoch: [11][90/100]	Time 0.144 (0.186)	
Accuracy of Class 0: 0.6610
Accuracy of Class 1: 0.3950
Accuracy of Class 2: 0.5580
Accuracy of Class 3: 0.4220
Accuracy of Class 4: 0.0420
Accuracy of Class 5: 0.2520
Accuracy of Class 6: 0.3110
Accuracy of Class 7: 0.4180
Accuracy of Class 8: 0.4550
Accuracy of Class 9: 0.6070
* Prec @1: 0.4121
Epoch: [12][0/97]	Time 0.610 (0.610)	Loss 0.1375 (0.1375)	Prec @1 0.4688 (0.4688)	
Epoch: [12][10/97]	Time 0.790 (0.704)	Loss 0.1416 (0.1751)	Prec @1 0.4922 (0.4822)	
Epoch: [12][20/97]	Time 0.782 (0.703)	Loss 0.1495 (0.1894)	Prec @1 0.4922 (0.5048)	
Epoch: [12][30/97]	Time 0.555 (0.689)	Loss 0.1375 (0.1920)	Prec @1 0.3984 (0.4773)	
Epoch: [12][40/97]	Time 0.743 (0.681)	Loss 0.2329 (0.1914)	Prec @1 0.5078 (0.4748)	
Epoch: [12][50/97]	Time 0.619 (0.692)	Loss 0.2423 (0.1962)	Prec @1 0.4297 (0.4822)	
Epoch: [12][60/97]	Time 0.730 (0.694)	Loss 0.3303 (0.1989)	Prec @1 0.4609 (0.4735)	
Epoch: [12][70/97]	Time 0.997 (0.711)	Loss 0.1736 (0.2025)	Prec @1 0.4141 (0.4705)	
Epoch: [12][80/97]	Time 0.897 (0.712)	Loss 0.2329 (0.2025)	Prec @1 0.4766 (0.4736)	
Epoch: [12][90/97]	Time 0.853 (0.710)	Loss 0.1801 (0.2021)	Prec @1 0.5000 (0.4718)	
Epoch: [12][0/100]	Time 0.203 (0.203)	
Epoch: [12][10/100]	Time 0.165 (0.173)	
Epoch: [12][20/100]	Time 0.142 (0.161)	
Epoch: [12][30/100]	Time 0.138 (0.157)	
Epoch: [12][40/100]	Time 0.163 (0.154)	
Epoch: [12][50/100]	Time 0.148 (0.154)	
Epoch: [12][60/100]	Time 0.147 (0.153)	
Epoch: [12][70/100]	Time 0.148 (0.152)	
Epoch: [12][80/100]	Time 0.139 (0.151)	
Epoch: [12][90/100]	Time 0.149 (0.150)	
Accuracy of Class 0: 0.6860
Accuracy of Class 1: 0.5700
Accuracy of Class 2: 0.3580
Accuracy of Class 3: 0.4300
Accuracy of Class 4: 0.4000
Accuracy of Class 5: 0.3640
Accuracy of Class 6: 0.2690
Accuracy of Class 7: 0.4670
Accuracy of Class 8: 0.4670
Accuracy of Class 9: 0.3200
* Prec @1: 0.4331
Epoch: [13][0/97]	Time 0.573 (0.573)	Loss 0.1792 (0.1792)	Prec @1 0.5312 (0.5312)	
Epoch: [13][10/97]	Time 0.620 (0.713)	Loss 0.2326 (0.1906)	Prec @1 0.3984 (0.5270)	
Epoch: [13][20/97]	Time 0.604 (0.717)	Loss 0.1808 (0.1948)	Prec @1 0.4141 (0.4967)	
Epoch: [13][30/97]	Time 0.647 (0.719)	Loss 0.1672 (0.1933)	Prec @1 0.3672 (0.4924)	
Epoch: [13][40/97]	Time 0.972 (0.721)	Loss 0.1883 (0.1944)	Prec @1 0.5312 (0.4886)	
Epoch: [13][50/97]	Time 0.950 (0.748)	Loss 0.2431 (0.1941)	Prec @1 0.6094 (0.5021)	
Epoch: [13][60/97]	Time 0.685 (0.753)	Loss 0.1848 (0.1961)	Prec @1 0.3828 (0.4977)	
Epoch: [13][70/97]	Time 0.745 (0.753)	Loss 0.2192 (0.1976)	Prec @1 0.5156 (0.4869)	
Epoch: [13][80/97]	Time 0.574 (0.746)	Loss 0.1837 (0.1957)	Prec @1 0.5938 (0.4941)	
Epoch: [13][90/97]	Time 0.718 (0.742)	Loss 0.1993 (0.1963)	Prec @1 0.4453 (0.4973)	
Epoch: [13][0/100]	Time 0.180 (0.180)	
Epoch: [13][10/100]	Time 0.261 (0.176)	
Epoch: [13][20/100]	Time 0.157 (0.179)	
Epoch: [13][30/100]	Time 0.162 (0.173)	
Epoch: [13][40/100]	Time 0.159 (0.169)	
Epoch: [13][50/100]	Time 0.147 (0.166)	
Epoch: [13][60/100]	Time 0.147 (0.165)	
Epoch: [13][70/100]	Time 0.143 (0.162)	
Epoch: [13][80/100]	Time 0.151 (0.160)	
Epoch: [13][90/100]	Time 0.146 (0.159)	
Accuracy of Class 0: 0.4490
Accuracy of Class 1: 0.2440
Accuracy of Class 2: 0.2490
Accuracy of Class 3: 0.2550
Accuracy of Class 4: 0.3820
Accuracy of Class 5: 0.5260
Accuracy of Class 6: 0.6150
Accuracy of Class 7: 0.4370
Accuracy of Class 8: 0.5960
Accuracy of Class 9: 0.6150
* Prec @1: 0.4368
Epoch: [14][0/97]	Time 0.699 (0.699)	Loss 0.1662 (0.1662)	Prec @1 0.5078 (0.5078)	
Epoch: [14][10/97]	Time 0.692 (0.672)	Loss 0.2260 (0.1870)	Prec @1 0.5703 (0.5128)	
Epoch: [14][20/97]	Time 0.682 (0.715)	Loss 0.1500 (0.1848)	Prec @1 0.5078 (0.5089)	
Epoch: [14][30/97]	Time 0.812 (0.706)	Loss 0.2439 (0.1886)	Prec @1 0.4609 (0.5169)	
Epoch: [14][40/97]	Time 0.548 (0.701)	Loss 0.1846 (0.1909)	Prec @1 0.4062 (0.5010)	
Epoch: [14][50/97]	Time 0.582 (0.694)	Loss 0.1938 (0.1899)	Prec @1 0.4531 (0.4911)	
Epoch: [14][60/97]	Time 0.692 (0.702)	Loss 0.1725 (0.1894)	Prec @1 0.5469 (0.4953)	
Epoch: [14][70/97]	Time 0.638 (0.697)	Loss 0.1683 (0.1879)	Prec @1 0.4688 (0.4938)	
Epoch: [14][80/97]	Time 0.785 (0.693)	Loss 0.1697 (0.1868)	Prec @1 0.4531 (0.4878)	
Epoch: [14][90/97]	Time 1.002 (0.694)	Loss 0.2200 (0.1868)	Prec @1 0.5234 (0.4962)	
Epoch: [14][0/100]	Time 0.165 (0.165)	
Epoch: [14][10/100]	Time 0.139 (0.149)	
Epoch: [14][20/100]	Time 0.176 (0.161)	
Epoch: [14][30/100]	Time 0.137 (0.164)	
Epoch: [14][40/100]	Time 0.157 (0.159)	
Epoch: [14][50/100]	Time 0.241 (0.169)	
Epoch: [14][60/100]	Time 0.198 (0.179)	
Epoch: [14][70/100]	Time 0.100 (0.176)	
Epoch: [14][80/100]	Time 0.178 (0.174)	
Epoch: [14][90/100]	Time 0.157 (0.173)	
Accuracy of Class 0: 0.6780
Accuracy of Class 1: 0.1850
Accuracy of Class 2: 0.4620
Accuracy of Class 3: 0.3890
Accuracy of Class 4: 0.2530
Accuracy of Class 5: 0.4210
Accuracy of Class 6: 0.3980
Accuracy of Class 7: 0.4240
Accuracy of Class 8: 0.1910
Accuracy of Class 9: 0.7850
* Prec @1: 0.4186
Epoch: [15][0/97]	Time 0.619 (0.619)	Loss 0.1956 (0.1956)	Prec @1 0.4453 (0.4453)	
Epoch: [15][10/97]	Time 0.713 (0.683)	Loss 0.2445 (0.1863)	Prec @1 0.4531 (0.4787)	
Epoch: [15][20/97]	Time 0.758 (0.703)	Loss 0.1351 (0.1910)	Prec @1 0.4375 (0.4888)	
Epoch: [15][30/97]	Time 0.680 (0.721)	Loss 0.3036 (0.1911)	Prec @1 0.4219 (0.4834)	
Epoch: [15][40/97]	Time 0.938 (0.729)	Loss 0.1577 (0.1925)	Prec @1 0.4297 (0.4926)	
Epoch: [15][50/97]	Time 0.687 (0.724)	Loss 0.1927 (0.1894)	Prec @1 0.4609 (0.4796)	
Epoch: [15][60/97]	Time 0.791 (0.720)	Loss 0.1504 (0.1891)	Prec @1 0.5469 (0.4889)	
Epoch: [15][70/97]	Time 0.659 (0.725)	Loss 0.1669 (0.1909)	Prec @1 0.3984 (0.4818)	
Epoch: [15][80/97]	Time 0.583 (0.722)	Loss 0.1725 (0.1904)	Prec @1 0.5391 (0.4810)	
Epoch: [15][90/97]	Time 0.988 (0.734)	Loss 0.2037 (0.1911)	Prec @1 0.4531 (0.4803)	
Epoch: [15][0/100]	Time 0.144 (0.144)	
Epoch: [15][10/100]	Time 0.173 (0.144)	
Epoch: [15][20/100]	Time 0.146 (0.155)	
Epoch: [15][30/100]	Time 0.169 (0.156)	
Epoch: [15][40/100]	Time 0.155 (0.156)	
Epoch: [15][50/100]	Time 0.153 (0.161)	
Epoch: [15][60/100]	Time 0.163 (0.162)	
Epoch: [15][70/100]	Time 0.174 (0.162)	
Epoch: [15][80/100]	Time 0.189 (0.165)	
Epoch: [15][90/100]	Time 0.176 (0.168)	
Accuracy of Class 0: 0.7450
Accuracy of Class 1: 0.6810
Accuracy of Class 2: 0.3470
Accuracy of Class 3: 0.3060
Accuracy of Class 4: 0.3450
Accuracy of Class 5: 0.5170
Accuracy of Class 6: 0.4450
Accuracy of Class 7: 0.4890
Accuracy of Class 8: 0.4160
Accuracy of Class 9: 0.1830
* Prec @1: 0.4474
Epoch: [16][0/97]	Time 0.609 (0.609)	Loss 0.1906 (0.1906)	Prec @1 0.5078 (0.5078)	
Epoch: [16][10/97]	Time 0.399 (0.607)	Loss 0.1662 (0.1960)	Prec @1 0.4688 (0.5334)	
Epoch: [16][20/97]	Time 0.793 (0.612)	Loss 0.1520 (0.2008)	Prec @1 0.3750 (0.4970)	
Epoch: [16][30/97]	Time 0.824 (0.697)	Loss 0.1241 (0.1987)	Prec @1 0.5547 (0.4776)	
Epoch: [16][40/97]	Time 0.759 (0.716)	Loss 0.1627 (0.1946)	Prec @1 0.5625 (0.5008)	
Epoch: [16][50/97]	Time 0.782 (0.714)	Loss 0.1782 (0.1903)	Prec @1 0.5000 (0.5127)	
Epoch: [16][60/97]	Time 0.715 (0.721)	Loss 0.2596 (0.1879)	Prec @1 0.5312 (0.5173)	
Epoch: [16][70/97]	Time 0.692 (0.708)	Loss 0.1466 (0.1863)	Prec @1 0.3594 (0.5024)	
Epoch: [16][80/97]	Time 0.727 (0.703)	Loss 0.1761 (0.1844)	Prec @1 0.4922 (0.4994)	
Epoch: [16][90/97]	Time 0.728 (0.713)	Loss 0.1925 (0.1832)	Prec @1 0.6328 (0.5074)	
Epoch: [16][0/100]	Time 0.118 (0.118)	
Epoch: [16][10/100]	Time 0.180 (0.146)	
Epoch: [16][20/100]	Time 0.196 (0.160)	
Epoch: [16][30/100]	Time 0.202 (0.170)	
Epoch: [16][40/100]	Time 0.164 (0.173)	
Epoch: [16][50/100]	Time 0.181 (0.172)	
Epoch: [16][60/100]	Time 0.158 (0.171)	
Epoch: [16][70/100]	Time 0.156 (0.169)	
Epoch: [16][80/100]	Time 0.187 (0.169)	
Epoch: [16][90/100]	Time 0.179 (0.172)	
Accuracy of Class 0: 0.7000
Accuracy of Class 1: 0.3970
Accuracy of Class 2: 0.2060
Accuracy of Class 3: 0.2330
Accuracy of Class 4: 0.4730
Accuracy of Class 5: 0.6520
Accuracy of Class 6: 0.4750
Accuracy of Class 7: 0.4700
Accuracy of Class 8: 0.3470
Accuracy of Class 9: 0.5280
* Prec @1: 0.4481
Epoch: [17][0/97]	Time 0.644 (0.644)	Loss 0.1762 (0.1762)	Prec @1 0.5625 (0.5625)	
Epoch: [17][10/97]	Time 0.712 (0.666)	Loss 0.1488 (0.1700)	Prec @1 0.4766 (0.5163)	
Epoch: [17][20/97]	Time 0.817 (0.716)	Loss 0.1806 (0.1732)	Prec @1 0.3906 (0.4933)	
Epoch: [17][30/97]	Time 0.712 (0.735)	Loss 0.1439 (0.1767)	Prec @1 0.5781 (0.4824)	
Epoch: [17][40/97]	Time 0.637 (0.727)	Loss 0.2527 (0.1785)	Prec @1 0.5859 (0.5030)	
Epoch: [17][50/97]	Time 0.740 (0.720)	Loss 0.2094 (0.1763)	Prec @1 0.5156 (0.5083)	
Epoch: [17][60/97]	Time 0.649 (0.719)	Loss 0.1799 (0.1766)	Prec @1 0.6484 (0.5154)	
Epoch: [17][70/97]	Time 0.764 (0.717)	Loss 0.1624 (0.1767)	Prec @1 0.5625 (0.5221)	
Epoch: [17][80/97]	Time 0.697 (0.718)	Loss 0.1521 (0.1750)	Prec @1 0.4297 (0.5214)	
Epoch: [17][90/97]	Time 0.614 (0.712)	Loss 0.2757 (0.1773)	Prec @1 0.4922 (0.5215)	
Epoch: [17][0/100]	Time 0.142 (0.142)	
Epoch: [17][10/100]	Time 0.125 (0.114)	
Epoch: [17][20/100]	Time 0.174 (0.137)	
Epoch: [17][30/100]	Time 0.179 (0.146)	
Epoch: [17][40/100]	Time 0.168 (0.151)	
Epoch: [17][50/100]	Time 0.161 (0.156)	
Epoch: [17][60/100]	Time 0.148 (0.158)	
Epoch: [17][70/100]	Time 0.224 (0.160)	
Epoch: [17][80/100]	Time 0.187 (0.166)	
Epoch: [17][90/100]	Time 0.221 (0.168)	
Accuracy of Class 0: 0.3980
Accuracy of Class 1: 0.7150
Accuracy of Class 2: 0.3210
Accuracy of Class 3: 0.2780
Accuracy of Class 4: 0.4570
Accuracy of Class 5: 0.5270
Accuracy of Class 6: 0.4250
Accuracy of Class 7: 0.4590
Accuracy of Class 8: 0.5510
Accuracy of Class 9: 0.5020
* Prec @1: 0.4633
Epoch: [18][0/97]	Time 0.496 (0.496)	Loss 0.1308 (0.1308)	Prec @1 0.3750 (0.3750)	
Epoch: [18][10/97]	Time 0.779 (0.687)	Loss 0.1459 (0.1938)	Prec @1 0.5469 (0.4474)	
Epoch: [18][20/97]	Time 0.650 (0.699)	Loss 0.1729 (0.1842)	Prec @1 0.5000 (0.4736)	
Epoch: [18][30/97]	Time 0.610 (0.692)	Loss 0.1592 (0.1768)	Prec @1 0.5000 (0.4942)	
Epoch: [18][40/97]	Time 0.913 (0.715)	Loss 0.1262 (0.1742)	Prec @1 0.5625 (0.5034)	
Epoch: [18][50/97]	Time 0.903 (0.726)	Loss 0.0960 (0.1715)	Prec @1 0.5781 (0.5112)	
Epoch: [18][60/97]	Time 0.711 (0.718)	Loss 0.1378 (0.1701)	Prec @1 0.4766 (0.5137)	
Epoch: [18][70/97]	Time 0.663 (0.720)	Loss 0.1684 (0.1700)	Prec @1 0.5156 (0.5160)	
Epoch: [18][80/97]	Time 0.577 (0.712)	Loss 0.1158 (0.1673)	Prec @1 0.5469 (0.5177)	
Epoch: [18][90/97]	Time 0.708 (0.711)	Loss 0.1673 (0.1680)	Prec @1 0.5938 (0.5213)	
Epoch: [18][0/100]	Time 0.185 (0.185)	
Epoch: [18][10/100]	Time 0.174 (0.172)	
Epoch: [18][20/100]	Time 0.136 (0.167)	
Epoch: [18][30/100]	Time 0.174 (0.166)	
Epoch: [18][40/100]	Time 0.192 (0.171)	
Epoch: [18][50/100]	Time 0.174 (0.172)	
Epoch: [18][60/100]	Time 0.175 (0.171)	
Epoch: [18][70/100]	Time 0.152 (0.171)	
Epoch: [18][80/100]	Time 0.149 (0.169)	
Epoch: [18][90/100]	Time 0.161 (0.169)	
Accuracy of Class 0: 0.7140
Accuracy of Class 1: 0.5990
Accuracy of Class 2: 0.3420
Accuracy of Class 3: 0.3420
Accuracy of Class 4: 0.3670
Accuracy of Class 5: 0.4690
Accuracy of Class 6: 0.5750
Accuracy of Class 7: 0.5290
Accuracy of Class 8: 0.4610
Accuracy of Class 9: 0.5050
* Prec @1: 0.4903
Epoch: [19][0/97]	Time 0.637 (0.637)	Loss 0.2952 (0.2952)	Prec @1 0.5625 (0.5625)	
Epoch: [19][10/97]	Time 0.743 (0.633)	Loss 0.1356 (0.1616)	Prec @1 0.5156 (0.5710)	
Epoch: [19][20/97]	Time 0.547 (0.668)	Loss 0.1663 (0.1684)	Prec @1 0.5625 (0.5618)	
Epoch: [19][30/97]	Time 0.890 (0.712)	Loss 0.1365 (0.1593)	Prec @1 0.5938 (0.5678)	
Epoch: [19][40/97]	Time 0.737 (0.707)	Loss 0.1503 (0.1588)	Prec @1 0.5312 (0.5606)	
Epoch: [19][50/97]	Time 0.693 (0.704)	Loss 0.1885 (0.1601)	Prec @1 0.5703 (0.5610)	
Epoch: [19][60/97]	Time 0.596 (0.698)	Loss 0.1288 (0.1611)	Prec @1 0.5625 (0.5601)	
Epoch: [19][70/97]	Time 0.717 (0.698)	Loss 0.1698 (0.1589)	Prec @1 0.5469 (0.5553)	
Epoch: [19][80/97]	Time 0.652 (0.700)	Loss 0.1164 (0.1597)	Prec @1 0.5547 (0.5555)	
Epoch: [19][90/97]	Time 0.629 (0.695)	Loss 0.1412 (0.1611)	Prec @1 0.5938 (0.5564)	
Epoch: [19][0/100]	Time 0.142 (0.142)	
Epoch: [19][10/100]	Time 0.145 (0.152)	
Epoch: [19][20/100]	Time 0.136 (0.156)	
Epoch: [19][30/100]	Time 0.160 (0.157)	
Epoch: [19][40/100]	Time 0.160 (0.157)	
Epoch: [19][50/100]	Time 0.164 (0.159)	
Epoch: [19][60/100]	Time 0.184 (0.161)	
Epoch: [19][70/100]	Time 0.153 (0.162)	
Epoch: [19][80/100]	Time 0.156 (0.161)	
Epoch: [19][90/100]	Time 0.153 (0.161)	
Accuracy of Class 0: 0.6910
Accuracy of Class 1: 0.6590
Accuracy of Class 2: 0.3540
Accuracy of Class 3: 0.3080
Accuracy of Class 4: 0.3670
Accuracy of Class 5: 0.4890
Accuracy of Class 6: 0.5900
Accuracy of Class 7: 0.5330
Accuracy of Class 8: 0.4750
Accuracy of Class 9: 0.4750
* Prec @1: 0.4941
Epoch: [20][0/97]	Time 0.543 (0.543)	Loss 0.1234 (0.1234)	Prec @1 0.6328 (0.6328)	
Epoch: [20][10/97]	Time 0.629 (0.621)	Loss 0.1481 (0.1458)	Prec @1 0.6641 (0.5803)	
Epoch: [20][20/97]	Time 0.660 (0.648)	Loss 0.1293 (0.1565)	Prec @1 0.5547 (0.5662)	
Epoch: [20][30/97]	Time 0.609 (0.677)	Loss 0.1375 (0.1625)	Prec @1 0.5859 (0.5721)	
Epoch: [20][40/97]	Time 0.770 (0.669)	Loss 0.1693 (0.1632)	Prec @1 0.5234 (0.5623)	
Epoch: [20][50/97]	Time 0.532 (0.662)	Loss 0.1305 (0.1617)	Prec @1 0.5234 (0.5584)	
Epoch: [20][60/97]	Time 0.675 (0.658)	Loss 0.1611 (0.1618)	Prec @1 0.5859 (0.5584)	
Epoch: [20][70/97]	Time 0.627 (0.668)	Loss 0.1626 (0.1602)	Prec @1 0.5469 (0.5584)	
Epoch: [20][80/97]	Time 0.928 (0.682)	Loss 0.1217 (0.1578)	Prec @1 0.5859 (0.5596)	
Epoch: [20][90/97]	Time 0.711 (0.681)	Loss 0.2125 (0.1574)	Prec @1 0.4922 (0.5586)	
Epoch: [20][0/100]	Time 0.141 (0.141)	
Epoch: [20][10/100]	Time 0.140 (0.157)	
Epoch: [20][20/100]	Time 0.248 (0.181)	
Epoch: [20][30/100]	Time 0.180 (0.195)	
Epoch: [20][40/100]	Time 0.123 (0.182)	
Epoch: [20][50/100]	Time 0.176 (0.180)	
Epoch: [20][60/100]	Time 0.154 (0.177)	
Epoch: [20][70/100]	Time 0.185 (0.175)	
Epoch: [20][80/100]	Time 0.163 (0.173)	
Epoch: [20][90/100]	Time 0.177 (0.174)	
Accuracy of Class 0: 0.6800
Accuracy of Class 1: 0.5670
Accuracy of Class 2: 0.3930
Accuracy of Class 3: 0.3300
Accuracy of Class 4: 0.3550
Accuracy of Class 5: 0.5060
Accuracy of Class 6: 0.5480
Accuracy of Class 7: 0.5160
Accuracy of Class 8: 0.5120
Accuracy of Class 9: 0.5340
* Prec @1: 0.4941
Epoch: [21][0/97]	Time 0.478 (0.478)	Loss 0.1185 (0.1185)	Prec @1 0.5312 (0.5312)	
Epoch: [21][10/97]	Time 0.728 (0.678)	Loss 0.1174 (0.1484)	Prec @1 0.5781 (0.5547)	
Epoch: [21][20/97]	Time 0.627 (0.677)	Loss 0.1783 (0.1474)	Prec @1 0.6797 (0.5759)	
Epoch: [21][30/97]	Time 0.732 (0.696)	Loss 0.1468 (0.1443)	Prec @1 0.5859 (0.5776)	
Epoch: [21][40/97]	Time 0.614 (0.695)	Loss 0.1414 (0.1443)	Prec @1 0.5859 (0.5796)	
Epoch: [21][50/97]	Time 0.698 (0.710)	Loss 0.1384 (0.1505)	Prec @1 0.5078 (0.5815)	
Epoch: [21][60/97]	Time 0.846 (0.715)	Loss 0.1935 (0.1540)	Prec @1 0.5391 (0.5790)	
Epoch: [21][70/97]	Time 0.790 (0.721)	Loss 0.1708 (0.1535)	Prec @1 0.4688 (0.5748)	
Epoch: [21][80/97]	Time 0.868 (0.723)	Loss 0.0989 (0.1529)	Prec @1 0.5781 (0.5749)	
Epoch: [21][90/97]	Time 0.802 (0.719)	Loss 0.1266 (0.1531)	Prec @1 0.6094 (0.5731)	
Epoch: [21][0/100]	Time 0.143 (0.143)	
Epoch: [21][10/100]	Time 0.182 (0.173)	
Epoch: [21][20/100]	Time 0.182 (0.174)	
Epoch: [21][30/100]	Time 0.184 (0.173)	
Epoch: [21][40/100]	Time 0.186 (0.193)	
Epoch: [21][50/100]	Time 0.222 (0.191)	
Epoch: [21][60/100]	Time 0.196 (0.189)	
Epoch: [21][70/100]	Time 0.189 (0.187)	
Epoch: [21][80/100]	Time 0.160 (0.186)	
Epoch: [21][90/100]	Time 0.164 (0.185)	
Accuracy of Class 0: 0.7020
Accuracy of Class 1: 0.6080
Accuracy of Class 2: 0.3760
Accuracy of Class 3: 0.2960
Accuracy of Class 4: 0.4260
Accuracy of Class 5: 0.5030
Accuracy of Class 6: 0.5480
Accuracy of Class 7: 0.5240
Accuracy of Class 8: 0.4330
Accuracy of Class 9: 0.4980
* Prec @1: 0.4914
Epoch: [22][0/97]	Time 0.635 (0.635)	Loss 0.1505 (0.1505)	Prec @1 0.5469 (0.5469)	
Epoch: [22][10/97]	Time 0.655 (0.708)	Loss 0.1430 (0.1516)	Prec @1 0.5938 (0.5689)	
Epoch: [22][20/97]	Time 0.612 (0.659)	Loss 0.1252 (0.1659)	Prec @1 0.5625 (0.5632)	
Epoch: [22][30/97]	Time 0.591 (0.646)	Loss 0.1886 (0.1585)	Prec @1 0.5312 (0.5653)	
Epoch: [22][40/97]	Time 0.784 (0.652)	Loss 0.1478 (0.1556)	Prec @1 0.5859 (0.5676)	
Epoch: [22][50/97]	Time 0.701 (0.663)	Loss 0.1132 (0.1524)	Prec @1 0.5625 (0.5657)	
Epoch: [22][60/97]	Time 0.720 (0.666)	Loss 0.1776 (0.1542)	Prec @1 0.5703 (0.5675)	
Epoch: [22][70/97]	Time 0.637 (0.668)	Loss 0.1291 (0.1528)	Prec @1 0.6562 (0.5699)	
Epoch: [22][80/97]	Time 0.665 (0.678)	Loss 0.1570 (0.1530)	Prec @1 0.5859 (0.5697)	
Epoch: [22][90/97]	Time 0.677 (0.690)	Loss 0.1668 (0.1536)	Prec @1 0.5625 (0.5695)	
Epoch: [22][0/100]	Time 0.107 (0.107)	
Epoch: [22][10/100]	Time 0.148 (0.127)	
Epoch: [22][20/100]	Time 0.180 (0.144)	
Epoch: [22][30/100]	Time 0.163 (0.148)	
Epoch: [22][40/100]	Time 0.157 (0.151)	
Epoch: [22][50/100]	Time 0.200 (0.153)	
Epoch: [22][60/100]	Time 0.167 (0.155)	
Epoch: [22][70/100]	Time 0.381 (0.160)	
Epoch: [22][80/100]	Time 0.136 (0.169)	
Epoch: [22][90/100]	Time 0.150 (0.166)	
Accuracy of Class 0: 0.6990
Accuracy of Class 1: 0.6250
Accuracy of Class 2: 0.3720
Accuracy of Class 3: 0.3770
Accuracy of Class 4: 0.4190
Accuracy of Class 5: 0.4510
Accuracy of Class 6: 0.5450
Accuracy of Class 7: 0.5270
Accuracy of Class 8: 0.4860
Accuracy of Class 9: 0.4480
* Prec @1: 0.4949
Epoch: [23][0/97]	Time 0.538 (0.538)	Loss 0.1207 (0.1207)	Prec @1 0.5312 (0.5312)	
Epoch: [23][10/97]	Time 0.597 (0.649)	Loss 0.1263 (0.1595)	Prec @1 0.5938 (0.6143)	
Epoch: [23][20/97]	Time 0.528 (0.624)	Loss 0.1551 (0.1680)	Prec @1 0.5625 (0.5915)	
Epoch: [23][30/97]	Time 0.541 (0.665)	Loss 0.1327 (0.1618)	Prec @1 0.6016 (0.5867)	
Epoch: [23][40/97]	Time 0.667 (0.665)	Loss 0.1206 (0.1562)	Prec @1 0.5234 (0.5821)	
Epoch: [23][50/97]	Time 0.759 (0.666)	Loss 0.2884 (0.1567)	Prec @1 0.5703 (0.5813)	
Epoch: [23][60/97]	Time 0.759 (0.667)	Loss 0.1201 (0.1563)	Prec @1 0.5703 (0.5784)	
Epoch: [23][70/97]	Time 0.837 (0.671)	Loss 0.1573 (0.1548)	Prec @1 0.5781 (0.5766)	
Epoch: [23][80/97]	Time 0.758 (0.678)	Loss 0.2272 (0.1565)	Prec @1 0.5703 (0.5771)	
Epoch: [23][90/97]	Time 0.833 (0.686)	Loss 0.1517 (0.1542)	Prec @1 0.5469 (0.5741)	
Epoch: [23][0/100]	Time 0.186 (0.186)	
Epoch: [23][10/100]	Time 0.191 (0.154)	
Epoch: [23][20/100]	Time 0.212 (0.172)	
Epoch: [23][30/100]	Time 0.234 (0.191)	
Epoch: [23][40/100]	Time 0.155 (0.194)	
Epoch: [23][50/100]	Time 0.144 (0.178)	
Epoch: [23][60/100]	Time 0.161 (0.175)	
Epoch: [23][70/100]	Time 0.175 (0.173)	
Epoch: [23][80/100]	Time 0.144 (0.170)	
Epoch: [23][90/100]	Time 0.152 (0.168)	
Accuracy of Class 0: 0.7070
Accuracy of Class 1: 0.6410
Accuracy of Class 2: 0.3770
Accuracy of Class 3: 0.3260
Accuracy of Class 4: 0.4280
Accuracy of Class 5: 0.4620
Accuracy of Class 6: 0.5430
Accuracy of Class 7: 0.5430
Accuracy of Class 8: 0.4610
Accuracy of Class 9: 0.4440
* Prec @1: 0.4932
Epoch: [24][0/97]	Time 0.586 (0.586)	Loss 0.1520 (0.1520)	Prec @1 0.5938 (0.5938)	
Epoch: [24][10/97]	Time 0.700 (0.708)	Loss 0.2086 (0.1457)	Prec @1 0.6094 (0.5845)	
Epoch: [24][20/97]	Time 0.729 (0.699)	Loss 0.1754 (0.1514)	Prec @1 0.5547 (0.5852)	
Epoch: [24][30/97]	Time 0.665 (0.692)	Loss 0.1572 (0.1551)	Prec @1 0.6094 (0.5905)	
Epoch: [24][40/97]	Time 0.706 (0.716)	Loss 0.1522 (0.1587)	Prec @1 0.5469 (0.5875)	
Epoch: [24][50/97]	Time 0.623 (0.703)	Loss 0.1555 (0.1592)	Prec @1 0.5703 (0.5885)	
Epoch: [24][60/97]	Time 0.525 (0.721)	Loss 0.1655 (0.1561)	Prec @1 0.5625 (0.5921)	
Epoch: [24][70/97]	Time 0.546 (0.715)	Loss 0.1440 (0.1557)	Prec @1 0.5391 (0.5889)	
Epoch: [24][80/97]	Time 0.570 (0.696)	Loss 0.1203 (0.1546)	Prec @1 0.6094 (0.5888)	
Epoch: [24][90/97]	Time 0.568 (0.680)	Loss 0.1447 (0.1539)	Prec @1 0.5859 (0.5885)	
Epoch: [24][0/100]	Time 0.146 (0.146)	
Epoch: [24][10/100]	Time 0.175 (0.180)	
Epoch: [24][20/100]	Time 0.129 (0.177)	
Epoch: [24][30/100]	Time 0.138 (0.163)	
Epoch: [24][40/100]	Time 0.275 (0.165)	
Epoch: [24][50/100]	Time 0.213 (0.172)	
Epoch: [24][60/100]	Time 0.242 (0.183)	
Epoch: [24][70/100]	Time 0.182 (0.185)	
Epoch: [24][80/100]	Time 0.159 (0.183)	
Epoch: [24][90/100]	Time 0.206 (0.183)	
Accuracy of Class 0: 0.6920
Accuracy of Class 1: 0.6180
Accuracy of Class 2: 0.3840
Accuracy of Class 3: 0.3320
Accuracy of Class 4: 0.4010
Accuracy of Class 5: 0.4800
Accuracy of Class 6: 0.5540
Accuracy of Class 7: 0.5360
Accuracy of Class 8: 0.4690
Accuracy of Class 9: 0.4780
* Prec @1: 0.4944
Epoch: [25][0/97]	Time 0.587 (0.587)	Loss 0.1430 (0.1430)	Prec @1 0.5859 (0.5859)	
Epoch: [25][10/97]	Time 0.644 (0.678)	Loss 0.1357 (0.1419)	Prec @1 0.5547 (0.5746)	
Epoch: [25][20/97]	Time 0.665 (0.694)	Loss 0.2284 (0.1504)	Prec @1 0.5625 (0.5807)	
Epoch: [25][30/97]	Time 0.558 (0.666)	Loss 0.1667 (0.1522)	Prec @1 0.5781 (0.5809)	
Epoch: [25][40/97]	Time 0.586 (0.660)	Loss 0.1482 (0.1539)	Prec @1 0.5859 (0.5796)	
Epoch: [25][50/97]	Time 0.552 (0.649)	Loss 0.1581 (0.1524)	Prec @1 0.6016 (0.5815)	
Epoch: [25][60/97]	Time 0.654 (0.645)	Loss 0.1602 (0.1495)	Prec @1 0.5859 (0.5836)	
Epoch: [25][70/97]	Time 0.596 (0.644)	Loss 0.1187 (0.1477)	Prec @1 0.6484 (0.5849)	
Epoch: [25][80/97]	Time 0.505 (0.633)	Loss 0.1499 (0.1472)	Prec @1 0.6562 (0.5869)	
Epoch: [25][90/97]	Time 0.900 (0.640)	Loss 0.1945 (0.1497)	Prec @1 0.5547 (0.5846)	
Epoch: [25][0/100]	Time 0.121 (0.121)	
Epoch: [25][10/100]	Time 0.141 (0.130)	
Epoch: [25][20/100]	Time 0.161 (0.136)	
Epoch: [25][30/100]	Time 0.158 (0.137)	
Epoch: [25][40/100]	Time 0.142 (0.139)	
Epoch: [25][50/100]	Time 0.142 (0.142)	
Epoch: [25][60/100]	Time 0.157 (0.145)	
Epoch: [25][70/100]	Time 0.205 (0.151)	
Epoch: [25][80/100]	Time 0.128 (0.154)	
Epoch: [25][90/100]	Time 0.146 (0.152)	
Accuracy of Class 0: 0.6930
Accuracy of Class 1: 0.6290
Accuracy of Class 2: 0.3650
Accuracy of Class 3: 0.3330
Accuracy of Class 4: 0.4210
Accuracy of Class 5: 0.5000
Accuracy of Class 6: 0.5560
Accuracy of Class 7: 0.5470
Accuracy of Class 8: 0.4680
Accuracy of Class 9: 0.4660
* Prec @1: 0.4978
Epoch: [26][0/97]	Time 0.537 (0.537)	Loss 0.1978 (0.1978)	Prec @1 0.6094 (0.6094)	
Epoch: [26][10/97]	Time 0.713 (0.638)	Loss 0.1926 (0.1637)	Prec @1 0.6016 (0.5895)	
Epoch: [26][20/97]	Time 0.611 (0.631)	Loss 0.2207 (0.1666)	Prec @1 0.5547 (0.5885)	
Epoch: [26][30/97]	Time 0.657 (0.632)	Loss 0.1453 (0.1570)	Prec @1 0.5703 (0.5897)	
Epoch: [26][40/97]	Time 0.526 (0.621)	Loss 0.1109 (0.1562)	Prec @1 0.6094 (0.5848)	
Epoch: [26][50/97]	Time 0.493 (0.606)	Loss 0.2064 (0.1574)	Prec @1 0.5547 (0.5856)	
Epoch: [26][60/97]	Time 0.494 (0.589)	Loss 0.1440 (0.1570)	Prec @1 0.6094 (0.5859)	
Epoch: [26][70/97]	Time 0.516 (0.576)	Loss 0.1197 (0.1547)	Prec @1 0.6562 (0.5879)	
Epoch: [26][80/97]	Time 0.587 (0.569)	Loss 0.1307 (0.1534)	Prec @1 0.6172 (0.5860)	
Epoch: [26][90/97]	Time 0.557 (0.574)	Loss 0.1373 (0.1520)	Prec @1 0.6094 (0.5860)	
Epoch: [26][0/100]	Time 0.156 (0.156)	
Epoch: [26][10/100]	Time 0.122 (0.130)	
Epoch: [26][20/100]	Time 0.110 (0.118)	
Epoch: [26][30/100]	Time 0.126 (0.118)	
Epoch: [26][40/100]	Time 0.104 (0.146)	
Epoch: [26][50/100]	Time 0.125 (0.140)	
Epoch: [26][60/100]	Time 0.135 (0.141)	
Epoch: [26][70/100]	Time 0.130 (0.139)	
Epoch: [26][80/100]	Time 0.138 (0.139)	
Epoch: [26][90/100]	Time 0.110 (0.144)	
Accuracy of Class 0: 0.6990
Accuracy of Class 1: 0.6170
Accuracy of Class 2: 0.3670
Accuracy of Class 3: 0.3420
Accuracy of Class 4: 0.4040
Accuracy of Class 5: 0.4860
Accuracy of Class 6: 0.5610
Accuracy of Class 7: 0.5410
Accuracy of Class 8: 0.4690
Accuracy of Class 9: 0.5000
* Prec @1: 0.4986
Epoch: [27][0/97]	Time 0.558 (0.558)	Loss 0.1196 (0.1196)	Prec @1 0.5859 (0.5859)	
Epoch: [27][10/97]	Time 0.691 (0.594)	Loss 0.1997 (0.1447)	Prec @1 0.6328 (0.5866)	
Epoch: [27][20/97]	Time 0.533 (0.610)	Loss 0.1946 (0.1476)	Prec @1 0.5234 (0.5778)	
Epoch: [27][30/97]	Time 0.727 (0.617)	Loss 0.1783 (0.1498)	Prec @1 0.6016 (0.5885)	
Epoch: [27][40/97]	Time 0.627 (0.623)	Loss 0.1447 (0.1507)	Prec @1 0.5859 (0.5861)	
Epoch: [27][50/97]	Time 0.548 (0.624)	Loss 0.1411 (0.1503)	Prec @1 0.5938 (0.5858)	
Epoch: [27][60/97]	Time 0.698 (0.629)	Loss 0.1514 (0.1510)	Prec @1 0.5703 (0.5827)	
Epoch: [27][70/97]	Time 0.578 (0.630)	Loss 0.1823 (0.1521)	Prec @1 0.5938 (0.5799)	
Epoch: [27][80/97]	Time 0.538 (0.626)	Loss 0.1803 (0.1521)	Prec @1 0.5781 (0.5796)	
Epoch: [27][90/97]	Time 0.683 (0.627)	Loss 0.1320 (0.1518)	Prec @1 0.6094 (0.5781)	
Epoch: [27][0/100]	Time 0.127 (0.127)	
Epoch: [27][10/100]	Time 0.120 (0.127)	
Epoch: [27][20/100]	Time 0.144 (0.135)	
Epoch: [27][30/100]	Time 0.142 (0.135)	
Epoch: [27][40/100]	Time 0.157 (0.140)	
Epoch: [27][50/100]	Time 0.130 (0.141)	
Epoch: [27][60/100]	Time 0.140 (0.142)	
Epoch: [27][70/100]	Time 0.152 (0.143)	
Epoch: [27][80/100]	Time 0.126 (0.144)	
Epoch: [27][90/100]	Time 0.132 (0.144)	
Accuracy of Class 0: 0.7000
Accuracy of Class 1: 0.6010
Accuracy of Class 2: 0.3710
Accuracy of Class 3: 0.3180
Accuracy of Class 4: 0.4120
Accuracy of Class 5: 0.4860
Accuracy of Class 6: 0.5690
Accuracy of Class 7: 0.5410
Accuracy of Class 8: 0.4620
Accuracy of Class 9: 0.5190
* Prec @1: 0.4979
Epoch: [28][0/97]	Time 0.570 (0.570)	Loss 0.1512 (0.1512)	Prec @1 0.5547 (0.5547)	
Epoch: [28][10/97]	Time 0.605 (0.633)	Loss 0.1950 (0.1539)	Prec @1 0.6016 (0.5803)	
Epoch: [28][20/97]	Time 0.614 (0.631)	Loss 0.1025 (0.1380)	Prec @1 0.6250 (0.5945)	
Epoch: [28][30/97]	Time 0.619 (0.633)	Loss 0.1409 (0.1490)	Prec @1 0.5859 (0.5910)	
Epoch: [28][40/97]	Time 0.544 (0.654)	Loss 0.1800 (0.1516)	Prec @1 0.5703 (0.5821)	
Epoch: [28][50/97]	Time 0.653 (0.655)	Loss 0.1147 (0.1504)	Prec @1 0.6250 (0.5849)	
Epoch: [28][60/97]	Time 0.631 (0.651)	Loss 0.1194 (0.1494)	Prec @1 0.6094 (0.5849)	
Epoch: [28][70/97]	Time 0.708 (0.655)	Loss 0.1087 (0.1488)	Prec @1 0.5859 (0.5846)	
Epoch: [28][80/97]	Time 0.648 (0.655)	Loss 0.1490 (0.1480)	Prec @1 0.5391 (0.5839)	
Epoch: [28][90/97]	Time 0.631 (0.654)	Loss 0.1539 (0.1492)	Prec @1 0.6172 (0.5820)	
Epoch: [28][0/100]	Time 0.144 (0.144)	
Epoch: [28][10/100]	Time 0.144 (0.146)	
Epoch: [28][20/100]	Time 0.144 (0.150)	
Epoch: [28][30/100]	Time 0.146 (0.154)	
Epoch: [28][40/100]	Time 0.164 (0.153)	
Epoch: [28][50/100]	Time 0.173 (0.155)	
Epoch: [28][60/100]	Time 0.152 (0.158)	
Epoch: [28][70/100]	Time 0.162 (0.160)	
Epoch: [28][80/100]	Time 0.167 (0.164)	
Epoch: [28][90/100]	Time 0.150 (0.166)	
Accuracy of Class 0: 0.7030
Accuracy of Class 1: 0.6100
Accuracy of Class 2: 0.3740
Accuracy of Class 3: 0.3020
Accuracy of Class 4: 0.4110
Accuracy of Class 5: 0.4830
Accuracy of Class 6: 0.5690
Accuracy of Class 7: 0.5510
Accuracy of Class 8: 0.4710
Accuracy of Class 9: 0.5100
* Prec @1: 0.4984
Epoch: [29][0/97]	Time 0.648 (0.648)	Loss 0.1074 (0.1074)	Prec @1 0.6719 (0.6719)	
Epoch: [29][10/97]	Time 0.650 (0.664)	Loss 0.1714 (0.1350)	Prec @1 0.6953 (0.5973)	
Epoch: [29][20/97]	Time 0.736 (0.643)	Loss 0.1761 (0.1452)	Prec @1 0.5625 (0.5796)	
Epoch: [29][30/97]	Time 0.716 (0.642)	Loss 0.0987 (0.1518)	Prec @1 0.6719 (0.5847)	
Epoch: [29][40/97]	Time 0.640 (0.650)	Loss 0.1868 (0.1499)	Prec @1 0.5938 (0.5806)	
Epoch: [29][50/97]	Time 0.610 (0.653)	Loss 0.1356 (0.1480)	Prec @1 0.5234 (0.5790)	
Epoch: [29][60/97]	Time 0.611 (0.658)	Loss 0.1299 (0.1490)	Prec @1 0.5938 (0.5806)	
Epoch: [29][70/97]	Time 0.626 (0.659)	Loss 0.1389 (0.1466)	Prec @1 0.6562 (0.5834)	
Epoch: [29][80/97]	Time 0.745 (0.660)	Loss 0.2115 (0.1487)	Prec @1 0.5703 (0.5803)	
Epoch: [29][90/97]	Time 0.666 (0.664)	Loss 0.1433 (0.1498)	Prec @1 0.5781 (0.5818)	
Epoch: [29][0/100]	Time 0.132 (0.132)	
Epoch: [29][10/100]	Time 0.149 (0.140)	
Epoch: [29][20/100]	Time 0.182 (0.150)	
Epoch: [29][30/100]	Time 0.190 (0.161)	
Epoch: [29][40/100]	Time 0.230 (0.175)	
Epoch: [29][50/100]	Time 0.249 (0.190)	
Epoch: [29][60/100]	Time 0.217 (0.197)	
Epoch: [29][70/100]	Time 0.201 (0.199)	
Epoch: [29][80/100]	Time 0.175 (0.197)	
Epoch: [29][90/100]	Time 0.141 (0.194)	
Accuracy of Class 0: 0.7040
Accuracy of Class 1: 0.5950
Accuracy of Class 2: 0.3700
Accuracy of Class 3: 0.3190
Accuracy of Class 4: 0.4140
Accuracy of Class 5: 0.4960
Accuracy of Class 6: 0.5630
Accuracy of Class 7: 0.5400
Accuracy of Class 8: 0.4710
Accuracy of Class 9: 0.5050
* Prec @1: 0.4977
Best Prec @1 Acccuracy: 0.4986
Accuracy of Class 0: 0.6990
Accuracy of Class 1: 0.6170
Accuracy of Class 2: 0.3670
Accuracy of Class 3: 0.3420
Accuracy of Class 4: 0.4040
Accuracy of Class 5: 0.4860
Accuracy of Class 6: 0.5610
Accuracy of Class 7: 0.5410
Accuracy of Class 8: 0.4690
Accuracy of Class 9: 0.5000
