Files already downloaded and verified
ResNet_s(
  (conv1): Conv2d(3, 16, kernel_size=(3, 3), stride=(1, 1), padding=(1, 1), bias=False)
  (bn1): BatchNorm2d(16, eps=1e-05, momentum=0.1, affine=True, track_running_stats=True)
  (layer1): Sequential(
    (0): BasicBlock(
      (conv1): Conv2d(16, 16, kernel_size=(3, 3), stride=(1, 1), padding=(1, 1), bias=False)
      (bn1): BatchNorm2d(16, eps=1e-05, momentum=0.1, affine=True, track_running_stats=True)
      (conv2): Conv2d(16, 16, kernel_size=(3, 3), stride=(1, 1), padding=(1, 1), bias=False)
      (bn2): BatchNorm2d(16, eps=1e-05, momentum=0.1, affine=True, track_running_stats=True)
      (shortcut): Sequential()
    )
    (1): BasicBlock(
      (conv1): Conv2d(16, 16, kernel_size=(3, 3), stride=(1, 1), padding=(1, 1), bias=False)
      (bn1): BatchNorm2d(16, eps=1e-05, momentum=0.1, affine=True, track_running_stats=True)
      (conv2): Conv2d(16, 16, kernel_size=(3, 3), stride=(1, 1), padding=(1, 1), bias=False)
      (bn2): BatchNorm2d(16, eps=1e-05, momentum=0.1, affine=True, track_running_stats=True)
      (shortcut): Sequential()
    )
    (2): BasicBlock(
      (conv1): Conv2d(16, 16, kernel_size=(3, 3), stride=(1, 1), padding=(1, 1), bias=False)
      (bn1): BatchNorm2d(16, eps=1e-05, momentum=0.1, affine=True, track_running_stats=True)
      (conv2): Conv2d(16, 16, kernel_size=(3, 3), stride=(1, 1), padding=(1, 1), bias=False)
      (bn2): BatchNorm2d(16, eps=1e-05, momentum=0.1, affine=True, track_running_stats=True)
      (shortcut): Sequential()
    )
    (3): BasicBlock(
      (conv1): Conv2d(16, 16, kernel_size=(3, 3), stride=(1, 1), padding=(1, 1), bias=False)
      (bn1): BatchNorm2d(16, eps=1e-05, momentum=0.1, affine=True, track_running_stats=True)
      (conv2): Conv2d(16, 16, kernel_size=(3, 3), stride=(1, 1), padding=(1, 1), bias=False)
      (bn2): BatchNorm2d(16, eps=1e-05, momentum=0.1, affine=True, track_running_stats=True)
      (shortcut): Sequential()
    )
    (4): BasicBlock(
      (conv1): Conv2d(16, 16, kernel_size=(3, 3), stride=(1, 1), padding=(1, 1), bias=False)
      (bn1): BatchNorm2d(16, eps=1e-05, momentum=0.1, affine=True, track_running_stats=True)
      (conv2): Conv2d(16, 16, kernel_size=(3, 3), stride=(1, 1), padding=(1, 1), bias=False)
      (bn2): BatchNorm2d(16, eps=1e-05, momentum=0.1, affine=True, track_running_stats=True)
      (shortcut): Sequential()
    )
  )
  (layer2): Sequential(
    (0): BasicBlock(
      (conv1): Conv2d(16, 32, kernel_size=(3, 3), stride=(2, 2), padding=(1, 1), bias=False)
      (bn1): BatchNorm2d(32, eps=1e-05, momentum=0.1, affine=True, track_running_stats=True)
      (conv2): Conv2d(32, 32, kernel_size=(3, 3), stride=(1, 1), padding=(1, 1), bias=False)
      (bn2): BatchNorm2d(32, eps=1e-05, momentum=0.1, affine=True, track_running_stats=True)
      (shortcut): LambdaLayer()
    )
    (1): BasicBlock(
      (conv1): Conv2d(32, 32, kernel_size=(3, 3), stride=(1, 1), padding=(1, 1), bias=False)
      (bn1): BatchNorm2d(32, eps=1e-05, momentum=0.1, affine=True, track_running_stats=True)
      (conv2): Conv2d(32, 32, kernel_size=(3, 3), stride=(1, 1), padding=(1, 1), bias=False)
      (bn2): BatchNorm2d(32, eps=1e-05, momentum=0.1, affine=True, track_running_stats=True)
      (shortcut): Sequential()
    )
    (2): BasicBlock(
      (conv1): Conv2d(32, 32, kernel_size=(3, 3), stride=(1, 1), padding=(1, 1), bias=False)
      (bn1): BatchNorm2d(32, eps=1e-05, momentum=0.1, affine=True, track_running_stats=True)
      (conv2): Conv2d(32, 32, kernel_size=(3, 3), stride=(1, 1), padding=(1, 1), bias=False)
      (bn2): BatchNorm2d(32, eps=1e-05, momentum=0.1, affine=True, track_running_stats=True)
      (shortcut): Sequential()
    )
    (3): BasicBlock(
      (conv1): Conv2d(32, 32, kernel_size=(3, 3), stride=(1, 1), padding=(1, 1), bias=False)
      (bn1): BatchNorm2d(32, eps=1e-05, momentum=0.1, affine=True, track_running_stats=True)
      (conv2): Conv2d(32, 32, kernel_size=(3, 3), stride=(1, 1), padding=(1, 1), bias=False)
      (bn2): BatchNorm2d(32, eps=1e-05, momentum=0.1, affine=True, track_running_stats=True)
      (shortcut): Sequential()
    )
    (4): BasicBlock(
      (conv1): Conv2d(32, 32, kernel_size=(3, 3), stride=(1, 1), padding=(1, 1), bias=False)
      (bn1): BatchNorm2d(32, eps=1e-05, momentum=0.1, affine=True, track_running_stats=True)
      (conv2): Conv2d(32, 32, kernel_size=(3, 3), stride=(1, 1), padding=(1, 1), bias=False)
      (bn2): BatchNorm2d(32, eps=1e-05, momentum=0.1, affine=True, track_running_stats=True)
      (shortcut): Sequential()
    )
  )
  (layer3): Sequential(
    (0): BasicBlock(
      (conv1): Conv2d(32, 64, kernel_size=(3, 3), stride=(2, 2), padding=(1, 1), bias=False)
      (bn1): BatchNorm2d(64, eps=1e-05, momentum=0.1, affine=True, track_running_stats=True)
      (conv2): Conv2d(64, 64, kernel_size=(3, 3), stride=(1, 1), padding=(1, 1), bias=False)
      (bn2): BatchNorm2d(64, eps=1e-05, momentum=0.1, affine=True, track_running_stats=True)
      (shortcut): LambdaLayer()
    )
    (1): BasicBlock(
      (conv1): Conv2d(64, 64, kernel_size=(3, 3), stride=(1, 1), padding=(1, 1), bias=False)
      (bn1): BatchNorm2d(64, eps=1e-05, momentum=0.1, affine=True, track_running_stats=True)
      (conv2): Conv2d(64, 64, kernel_size=(3, 3), stride=(1, 1), padding=(1, 1), bias=False)
      (bn2): BatchNorm2d(64, eps=1e-05, momentum=0.1, affine=True, track_running_stats=True)
      (shortcut): Sequential()
    )
    (2): BasicBlock(
      (conv1): Conv2d(64, 64, kernel_size=(3, 3), stride=(1, 1), padding=(1, 1), bias=False)
      (bn1): BatchNorm2d(64, eps=1e-05, momentum=0.1, affine=True, track_running_stats=True)
      (conv2): Conv2d(64, 64, kernel_size=(3, 3), stride=(1, 1), padding=(1, 1), bias=False)
      (bn2): BatchNorm2d(64, eps=1e-05, momentum=0.1, affine=True, track_running_stats=True)
      (shortcut): Sequential()
    )
    (3): BasicBlock(
      (conv1): Conv2d(64, 64, kernel_size=(3, 3), stride=(1, 1), padding=(1, 1), bias=False)
      (bn1): BatchNorm2d(64, eps=1e-05, momentum=0.1, affine=True, track_running_stats=True)
      (conv2): Conv2d(64, 64, kernel_size=(3, 3), stride=(1, 1), padding=(1, 1), bias=False)
      (bn2): BatchNorm2d(64, eps=1e-05, momentum=0.1, affine=True, track_running_stats=True)
      (shortcut): Sequential()
    )
    (4): BasicBlock(
      (conv1): Conv2d(64, 64, kernel_size=(3, 3), stride=(1, 1), padding=(1, 1), bias=False)
      (bn1): BatchNorm2d(64, eps=1e-05, momentum=0.1, affine=True, track_running_stats=True)
      (conv2): Conv2d(64, 64, kernel_size=(3, 3), stride=(1, 1), padding=(1, 1), bias=False)
      (bn2): BatchNorm2d(64, eps=1e-05, momentum=0.1, affine=True, track_running_stats=True)
      (shortcut): Sequential()
    )
  )
  (linear): Linear(in_features=64, out_features=10, bias=True)
)
Epoch: [0][0/97]	Time 1.212 (1.212)	Loss 0.5238 (0.5238)	Prec @1 0.0234 (0.0234)	
Epoch: [0][10/97]	Time 0.348 (0.490)	Loss 0.4503 (0.5437)	Prec @1 0.2188 (0.1243)	
Epoch: [0][20/97]	Time 0.293 (0.402)	Loss 0.3598 (0.4785)	Prec @1 0.1797 (0.1551)	
Epoch: [0][30/97]	Time 0.328 (0.374)	Loss 0.3342 (0.4450)	Prec @1 0.2188 (0.1678)	
Epoch: [0][40/97]	Time 0.270 (0.360)	Loss 0.2842 (0.4089)	Prec @1 0.3516 (0.1907)	
Epoch: [0][50/97]	Time 0.315 (0.350)	Loss 0.2453 (0.3910)	Prec @1 0.3594 (0.2181)	
Epoch: [0][60/97]	Time 0.310 (0.344)	Loss 0.2950 (0.3785)	Prec @1 0.3828 (0.2408)	
Epoch: [0][70/97]	Time 0.330 (0.340)	Loss 0.1663 (0.3617)	Prec @1 0.2969 (0.2428)	
Epoch: [0][80/97]	Time 0.325 (0.337)	Loss 0.2805 (0.3544)	Prec @1 0.3594 (0.2634)	
Epoch: [0][90/97]	Time 0.341 (0.338)	Loss 0.2171 (0.3523)	Prec @1 0.1328 (0.2578)	
Epoch: [0][0/100]	Time 0.352 (0.352)	
Epoch: [0][10/100]	Time 0.215 (0.224)	
Epoch: [0][20/100]	Time 0.204 (0.216)	
Epoch: [0][30/100]	Time 0.338 (0.245)	
Epoch: [0][40/100]	Time 0.218 (0.247)	
Epoch: [0][50/100]	Time 0.209 (0.244)	
Epoch: [0][60/100]	Time 0.240 (0.243)	
Epoch: [0][70/100]	Time 0.228 (0.243)	
Epoch: [0][80/100]	Time 0.359 (0.243)	
Epoch: [0][90/100]	Time 0.307 (0.248)	
Accuracy of Class 0: 0.3410
Accuracy of Class 1: 0.3550
Accuracy of Class 2: 0.0150
Accuracy of Class 3: 0.0870
Accuracy of Class 4: 0.6940
Accuracy of Class 5: 0.1460
Accuracy of Class 6: 0.3950
Accuracy of Class 7: 0.0000
Accuracy of Class 8: 0.1430
Accuracy of Class 9: 0.1440
* Prec @1: 0.2320
Epoch: [1][0/97]	Time 1.846 (1.846)	Loss 0.3903 (0.3903)	Prec @1 0.2422 (0.2422)	
Epoch: [1][10/97]	Time 1.116 (1.598)	Loss 0.2502 (0.2938)	Prec @1 0.4609 (0.4240)	
Epoch: [1][20/97]	Time 1.955 (1.713)	Loss 0.1882 (0.2963)	Prec @1 0.1094 (0.3408)	
Epoch: [1][30/97]	Time 1.210 (1.670)	Loss 0.2456 (0.2900)	Prec @1 0.4219 (0.3364)	
Epoch: [1][40/97]	Time 1.336 (1.517)	Loss 0.2294 (0.2827)	Prec @1 0.4062 (0.3518)	
Epoch: [1][50/97]	Time 1.577 (1.518)	Loss 0.2794 (0.2837)	Prec @1 0.3594 (0.3568)	
Epoch: [1][60/97]	Time 1.220 (1.587)	Loss 0.4080 (0.2833)	Prec @1 0.3750 (0.3604)	
Epoch: [1][70/97]	Time 1.428 (1.540)	Loss 0.5067 (0.2898)	Prec @1 0.0703 (0.3369)	
Epoch: [1][80/97]	Time 2.067 (1.497)	Loss 0.1962 (0.2868)	Prec @1 0.5547 (0.3337)	
Epoch: [1][90/97]	Time 0.736 (1.485)	Loss 0.2574 (0.2851)	Prec @1 0.2969 (0.3439)	
Epoch: [1][0/100]	Time 0.206 (0.206)	
Epoch: [1][10/100]	Time 0.100 (0.103)	
Epoch: [1][20/100]	Time 0.075 (0.096)	
Epoch: [1][30/100]	Time 0.081 (0.090)	
Epoch: [1][40/100]	Time 0.070 (0.086)	
Epoch: [1][50/100]	Time 0.070 (0.083)	
Epoch: [1][60/100]	Time 0.083 (0.081)	
Epoch: [1][70/100]	Time 0.075 (0.080)	
Epoch: [1][80/100]	Time 0.070 (0.079)	
Epoch: [1][90/100]	Time 0.080 (0.078)	
Accuracy of Class 0: 0.0590
Accuracy of Class 1: 0.1740
Accuracy of Class 2: 0.1180
Accuracy of Class 3: 0.1830
Accuracy of Class 4: 0.5430
Accuracy of Class 5: 0.2830
Accuracy of Class 6: 0.3920
Accuracy of Class 7: 0.0140
Accuracy of Class 8: 0.7260
Accuracy of Class 9: 0.3420
* Prec @1: 0.2834
Epoch: [2][0/97]	Time 0.600 (0.600)	Loss 0.2767 (0.2767)	Prec @1 0.1875 (0.1875)	
Epoch: [2][10/97]	Time 0.360 (0.354)	Loss 0.2912 (0.2671)	Prec @1 0.4297 (0.2926)	
Epoch: [2][20/97]	Time 0.346 (0.342)	Loss 0.2195 (0.2770)	Prec @1 0.1797 (0.3028)	
Epoch: [2][30/97]	Time 0.348 (0.336)	Loss 0.2410 (0.2739)	Prec @1 0.2656 (0.3054)	
Epoch: [2][40/97]	Time 0.310 (0.331)	Loss 0.3074 (0.2706)	Prec @1 0.3750 (0.3001)	
Epoch: [2][50/97]	Time 0.332 (0.330)	Loss 0.3503 (0.2691)	Prec @1 0.3516 (0.3203)	
Epoch: [2][60/97]	Time 0.305 (0.330)	Loss 0.2535 (0.2655)	Prec @1 0.4375 (0.3412)	
Epoch: [2][70/97]	Time 0.350 (0.329)	Loss 0.1564 (0.2620)	Prec @1 0.3906 (0.3452)	
Epoch: [2][80/97]	Time 0.352 (0.329)	Loss 0.2189 (0.2602)	Prec @1 0.4453 (0.3526)	
Epoch: [2][90/97]	Time 0.342 (0.332)	Loss 0.2358 (0.2596)	Prec @1 0.2969 (0.3562)	
Epoch: [2][0/100]	Time 0.247 (0.247)	
Epoch: [2][10/100]	Time 0.085 (0.101)	
Epoch: [2][20/100]	Time 0.080 (0.094)	
Epoch: [2][30/100]	Time 0.089 (0.093)	
Epoch: [2][40/100]	Time 0.086 (0.093)	
Epoch: [2][50/100]	Time 0.084 (0.092)	
Epoch: [2][60/100]	Time 0.272 (0.111)	
Epoch: [2][70/100]	Time 0.393 (0.134)	
Epoch: [2][80/100]	Time 0.176 (0.150)	
Epoch: [2][90/100]	Time 0.222 (0.157)	
Accuracy of Class 0: 0.5110
Accuracy of Class 1: 0.2950
Accuracy of Class 2: 0.2520
Accuracy of Class 3: 0.1160
Accuracy of Class 4: 0.4720
Accuracy of Class 5: 0.5350
Accuracy of Class 6: 0.3480
Accuracy of Class 7: 0.2000
Accuracy of Class 8: 0.4610
Accuracy of Class 9: 0.0080
* Prec @1: 0.3198
Epoch: [3][0/97]	Time 1.585 (1.585)	Loss 0.2498 (0.2498)	Prec @1 0.2734 (0.2734)	
Epoch: [3][10/97]	Time 1.820 (1.339)	Loss 0.1655 (0.2343)	Prec @1 0.4219 (0.4311)	
Epoch: [3][20/97]	Time 1.310 (1.445)	Loss 0.2348 (0.2457)	Prec @1 0.2891 (0.4211)	
Epoch: [3][30/97]	Time 1.075 (1.382)	Loss 0.2282 (0.2411)	Prec @1 0.3516 (0.3868)	
Epoch: [3][40/97]	Time 1.203 (1.362)	Loss 0.2490 (0.2409)	Prec @1 0.2734 (0.3920)	
Epoch: [3][50/97]	Time 1.377 (1.368)	Loss 0.2877 (0.2540)	Prec @1 0.3203 (0.3804)	
Epoch: [3][60/97]	Time 1.328 (1.362)	Loss 0.3492 (0.2553)	Prec @1 0.3203 (0.3705)	
Epoch: [3][70/97]	Time 1.443 (1.352)	Loss 0.2916 (0.2564)	Prec @1 0.3359 (0.3718)	
Epoch: [3][80/97]	Time 0.997 (1.339)	Loss 0.2144 (0.2560)	Prec @1 0.2969 (0.3617)	
Epoch: [3][90/97]	Time 1.029 (1.318)	Loss 0.1824 (0.2541)	Prec @1 0.3672 (0.3621)	
Epoch: [3][0/100]	Time 0.384 (0.384)	
Epoch: [3][10/100]	Time 0.217 (0.241)	
Epoch: [3][20/100]	Time 0.258 (0.249)	
Epoch: [3][30/100]	Time 0.247 (0.251)	
Epoch: [3][40/100]	Time 0.227 (0.250)	
Epoch: [3][50/100]	Time 0.225 (0.248)	
Epoch: [3][60/100]	Time 0.258 (0.252)	
Epoch: [3][70/100]	Time 0.380 (0.252)	
Epoch: [3][80/100]	Time 0.274 (0.252)	
Epoch: [3][90/100]	Time 0.274 (0.255)	
Accuracy of Class 0: 0.7720
Accuracy of Class 1: 0.4370
Accuracy of Class 2: 0.4520
Accuracy of Class 3: 0.1010
Accuracy of Class 4: 0.0400
Accuracy of Class 5: 0.5860
Accuracy of Class 6: 0.1650
Accuracy of Class 7: 0.4070
Accuracy of Class 8: 0.1470
Accuracy of Class 9: 0.0170
* Prec @1: 0.3124
Epoch: [4][0/97]	Time 1.373 (1.373)	Loss 0.2297 (0.2297)	Prec @1 0.4688 (0.4688)	
Epoch: [4][10/97]	Time 1.147 (1.226)	Loss 0.1469 (0.2177)	Prec @1 0.5078 (0.4893)	
Epoch: [4][20/97]	Time 1.229 (1.216)	Loss 0.1927 (0.2209)	Prec @1 0.4297 (0.4840)	
Epoch: [4][30/97]	Time 1.198 (1.198)	Loss 0.2292 (0.2301)	Prec @1 0.3438 (0.4526)	
Epoch: [4][40/97]	Time 1.351 (1.196)	Loss 0.2188 (0.2317)	Prec @1 0.2656 (0.4162)	
Epoch: [4][50/97]	Time 1.416 (1.228)	Loss 0.2143 (0.2335)	Prec @1 0.3359 (0.4127)	
Epoch: [4][60/97]	Time 1.140 (1.229)	Loss 0.3108 (0.2387)	Prec @1 0.3594 (0.4091)	
Epoch: [4][70/97]	Time 1.083 (1.211)	Loss 0.2917 (0.2392)	Prec @1 0.3125 (0.3958)	
Epoch: [4][80/97]	Time 1.001 (1.193)	Loss 0.2734 (0.2444)	Prec @1 0.3047 (0.3884)	
Epoch: [4][90/97]	Time 0.972 (1.184)	Loss 0.2972 (0.2436)	Prec @1 0.4609 (0.3848)	
Epoch: [4][0/100]	Time 0.396 (0.396)	
Epoch: [4][10/100]	Time 0.323 (0.360)	
Epoch: [4][20/100]	Time 0.268 (0.319)	
Epoch: [4][30/100]	Time 0.267 (0.309)	
Epoch: [4][40/100]	Time 0.310 (0.300)	
Epoch: [4][50/100]	Time 0.328 (0.301)	
Epoch: [4][60/100]	Time 0.170 (0.299)	
Epoch: [4][70/100]	Time 0.206 (0.287)	
Epoch: [4][80/100]	Time 0.339 (0.294)	
Epoch: [4][90/100]	Time 0.240 (0.295)	
Accuracy of Class 0: 0.3890
Accuracy of Class 1: 0.4820
Accuracy of Class 2: 0.3010
Accuracy of Class 3: 0.3540
Accuracy of Class 4: 0.2150
Accuracy of Class 5: 0.4430
Accuracy of Class 6: 0.5050
Accuracy of Class 7: 0.1900
Accuracy of Class 8: 0.5980
Accuracy of Class 9: 0.2240
* Prec @1: 0.3701
Epoch: [5][0/97]	Time 1.260 (1.260)	Loss 0.1913 (0.1913)	Prec @1 0.3281 (0.3281)	
Epoch: [5][10/97]	Time 1.501 (1.295)	Loss 0.1882 (0.2103)	Prec @1 0.3594 (0.3217)	
Epoch: [5][20/97]	Time 1.200 (1.258)	Loss 0.1680 (0.2207)	Prec @1 0.4219 (0.3631)	
Epoch: [5][30/97]	Time 1.281 (1.238)	Loss 0.2996 (0.2290)	Prec @1 0.2812 (0.3397)	
Epoch: [5][40/97]	Time 1.266 (1.227)	Loss 0.1988 (0.2262)	Prec @1 0.3906 (0.3466)	
Epoch: [5][50/97]	Time 1.051 (1.214)	Loss 0.1879 (0.2314)	Prec @1 0.4297 (0.3680)	
Epoch: [5][60/97]	Time 1.107 (1.208)	Loss 0.2125 (0.2324)	Prec @1 0.3281 (0.3658)	
Epoch: [5][70/97]	Time 1.163 (1.200)	Loss 0.2844 (0.2335)	Prec @1 0.4062 (0.3664)	
Epoch: [5][80/97]	Time 1.173 (1.191)	Loss 0.1718 (0.2384)	Prec @1 0.3359 (0.3677)	
Epoch: [5][90/97]	Time 1.130 (1.195)	Loss 0.3369 (0.2403)	Prec @1 0.4297 (0.3771)	
Epoch: [5][0/100]	Time 0.378 (0.378)	
Epoch: [5][10/100]	Time 0.224 (0.249)	
Epoch: [5][20/100]	Time 0.206 (0.230)	
Epoch: [5][30/100]	Time 0.279 (0.233)	
Epoch: [5][40/100]	Time 0.310 (0.254)	
Epoch: [5][50/100]	Time 0.230 (0.255)	
Epoch: [5][60/100]	Time 0.238 (0.254)	
Epoch: [5][70/100]	Time 0.278 (0.258)	
Epoch: [5][80/100]	Time 0.257 (0.263)	
Epoch: [5][90/100]	Time 0.323 (0.268)	
Accuracy of Class 0: 0.5510
Accuracy of Class 1: 0.2600
Accuracy of Class 2: 0.1520
Accuracy of Class 3: 0.3620
Accuracy of Class 4: 0.4050
Accuracy of Class 5: 0.1590
Accuracy of Class 6: 0.3190
Accuracy of Class 7: 0.5810
Accuracy of Class 8: 0.4980
Accuracy of Class 9: 0.2720
* Prec @1: 0.3559
Epoch: [6][0/97]	Time 1.240 (1.240)	Loss 0.1703 (0.1703)	Prec @1 0.3125 (0.3125)	
Epoch: [6][10/97]	Time 1.201 (1.304)	Loss 0.1397 (0.2152)	Prec @1 0.4062 (0.4091)	
Epoch: [6][20/97]	Time 1.308 (1.404)	Loss 0.4049 (0.2276)	Prec @1 0.3359 (0.4103)	
Epoch: [6][30/97]	Time 1.410 (1.385)	Loss 0.3607 (0.2280)	Prec @1 0.4297 (0.4133)	
Epoch: [6][40/97]	Time 1.194 (1.364)	Loss 0.1832 (0.2281)	Prec @1 0.3672 (0.4272)	
Epoch: [6][50/97]	Time 2.054 (1.362)	Loss 0.2214 (0.2295)	Prec @1 0.3594 (0.4041)	
Epoch: [6][60/97]	Time 1.250 (1.353)	Loss 0.2769 (0.2307)	Prec @1 0.4766 (0.4062)	
Epoch: [6][70/97]	Time 1.932 (1.390)	Loss 0.2168 (0.2308)	Prec @1 0.4844 (0.4101)	
Epoch: [6][80/97]	Time 1.412 (1.458)	Loss 0.2913 (0.2324)	Prec @1 0.3047 (0.4141)	
Epoch: [6][90/97]	Time 1.122 (1.432)	Loss 0.2045 (0.2342)	Prec @1 0.4062 (0.4104)	
Epoch: [6][0/100]	Time 0.310 (0.310)	
Epoch: [6][10/100]	Time 0.169 (0.214)	
Epoch: [6][20/100]	Time 0.220 (0.215)	
Epoch: [6][30/100]	Time 0.285 (0.227)	
Epoch: [6][40/100]	Time 0.192 (0.222)	
Epoch: [6][50/100]	Time 0.294 (0.228)	
Epoch: [6][60/100]	Time 0.196 (0.229)	
Epoch: [6][70/100]	Time 0.177 (0.224)	
Epoch: [6][80/100]	Time 0.217 (0.220)	
Epoch: [6][90/100]	Time 0.218 (0.224)	
Accuracy of Class 0: 0.5620
Accuracy of Class 1: 0.6530
Accuracy of Class 2: 0.1450
Accuracy of Class 3: 0.1620
Accuracy of Class 4: 0.7120
Accuracy of Class 5: 0.2580
Accuracy of Class 6: 0.2720
Accuracy of Class 7: 0.2460
Accuracy of Class 8: 0.5540
Accuracy of Class 9: 0.0330
* Prec @1: 0.3597
Epoch: [7][0/97]	Time 1.077 (1.077)	Loss 0.1655 (0.1655)	Prec @1 0.5156 (0.5156)	
Epoch: [7][10/97]	Time 1.092 (1.099)	Loss 0.1636 (0.2000)	Prec @1 0.4688 (0.4773)	
Epoch: [7][20/97]	Time 1.126 (1.088)	Loss 0.2129 (0.1979)	Prec @1 0.5547 (0.4959)	
Epoch: [7][30/97]	Time 1.487 (1.130)	Loss 0.1843 (0.2111)	Prec @1 0.3359 (0.4551)	
Epoch: [7][40/97]	Time 1.362 (1.214)	Loss 0.2425 (0.2206)	Prec @1 0.4219 (0.4301)	
Epoch: [7][50/97]	Time 1.091 (1.210)	Loss 0.2153 (0.2226)	Prec @1 0.3672 (0.4320)	
Epoch: [7][60/97]	Time 0.977 (1.191)	Loss 0.1991 (0.2233)	Prec @1 0.4609 (0.4176)	
Epoch: [7][70/97]	Time 1.051 (1.179)	Loss 0.2947 (0.2246)	Prec @1 0.4844 (0.4333)	
Epoch: [7][80/97]	Time 0.983 (1.172)	Loss 0.1917 (0.2249)	Prec @1 0.3359 (0.4301)	
Epoch: [7][90/97]	Time 1.048 (1.164)	Loss 0.1714 (0.2251)	Prec @1 0.3594 (0.4257)	
Epoch: [7][0/100]	Time 0.368 (0.368)	
Epoch: [7][10/100]	Time 0.267 (0.290)	
Epoch: [7][20/100]	Time 0.238 (0.283)	
Epoch: [7][30/100]	Time 0.232 (0.271)	
Epoch: [7][40/100]	Time 0.229 (0.268)	
Epoch: [7][50/100]	Time 0.232 (0.262)	
Epoch: [7][60/100]	Time 0.252 (0.260)	
Epoch: [7][70/100]	Time 0.229 (0.256)	
Epoch: [7][80/100]	Time 0.256 (0.253)	
Epoch: [7][90/100]	Time 0.248 (0.251)	
Accuracy of Class 0: 0.7450
Accuracy of Class 1: 0.7610
Accuracy of Class 2: 0.2330
Accuracy of Class 3: 0.2000
Accuracy of Class 4: 0.2470
Accuracy of Class 5: 0.1910
Accuracy of Class 6: 0.3830
Accuracy of Class 7: 0.5990
Accuracy of Class 8: 0.1730
Accuracy of Class 9: 0.0740
* Prec @1: 0.3606
Epoch: [8][0/97]	Time 1.102 (1.102)	Loss 0.2200 (0.2200)	Prec @1 0.5391 (0.5391)	
Epoch: [8][10/97]	Time 1.137 (1.166)	Loss 0.2659 (0.2019)	Prec @1 0.4844 (0.5007)	
Epoch: [8][20/97]	Time 1.371 (1.209)	Loss 0.2381 (0.2150)	Prec @1 0.3594 (0.4613)	
Epoch: [8][30/97]	Time 1.152 (1.233)	Loss 0.2490 (0.2150)	Prec @1 0.4062 (0.4355)	
Epoch: [8][40/97]	Time 1.260 (1.210)	Loss 0.2308 (0.2170)	Prec @1 0.4844 (0.4367)	
Epoch: [8][50/97]	Time 1.534 (1.235)	Loss 0.1655 (0.2166)	Prec @1 0.4688 (0.4464)	
Epoch: [8][60/97]	Time 1.172 (1.289)	Loss 0.3000 (0.2154)	Prec @1 0.3984 (0.4433)	
Epoch: [8][70/97]	Time 0.849 (1.287)	Loss 0.2982 (0.2155)	Prec @1 0.4609 (0.4464)	
Epoch: [8][80/97]	Time 0.918 (1.244)	Loss 0.2150 (0.2182)	Prec @1 0.4062 (0.4447)	
Epoch: [8][90/97]	Time 1.122 (1.266)	Loss 0.3863 (0.2195)	Prec @1 0.4688 (0.4396)	
Epoch: [8][0/100]	Time 0.274 (0.274)	
Epoch: [8][10/100]	Time 0.228 (0.242)	
Epoch: [8][20/100]	Time 0.275 (0.268)	
Epoch: [8][30/100]	Time 0.333 (0.296)	
Epoch: [8][40/100]	Time 0.351 (0.312)	
Epoch: [8][50/100]	Time 0.245 (0.306)	
Epoch: [8][60/100]	Time 0.255 (0.297)	
Epoch: [8][70/100]	Time 0.262 (0.293)	
Epoch: [8][80/100]	Time 0.315 (0.290)	
Epoch: [8][90/100]	Time 0.355 (0.289)	
Accuracy of Class 0: 0.3620
Accuracy of Class 1: 0.7160
Accuracy of Class 2: 0.2890
Accuracy of Class 3: 0.2660
Accuracy of Class 4: 0.5660
Accuracy of Class 5: 0.2350
Accuracy of Class 6: 0.3030
Accuracy of Class 7: 0.3040
Accuracy of Class 8: 0.4350
Accuracy of Class 9: 0.4420
* Prec @1: 0.3918
Epoch: [9][0/97]	Time 1.273 (1.273)	Loss 0.1311 (0.1311)	Prec @1 0.3359 (0.3359)	
Epoch: [9][10/97]	Time 1.272 (1.267)	Loss 0.1844 (0.1985)	Prec @1 0.5312 (0.4297)	
Epoch: [9][20/97]	Time 1.150 (1.251)	Loss 0.1841 (0.2102)	Prec @1 0.3750 (0.4379)	
Epoch: [9][30/97]	Time 0.995 (1.185)	Loss 0.1719 (0.2111)	Prec @1 0.4062 (0.4050)	
Epoch: [9][40/97]	Time 0.909 (1.158)	Loss 0.3043 (0.2150)	Prec @1 0.5000 (0.4215)	
Epoch: [9][50/97]	Time 1.140 (1.128)	Loss 0.2298 (0.2139)	Prec @1 0.4609 (0.4364)	
Epoch: [9][60/97]	Time 1.138 (1.155)	Loss 0.1934 (0.2172)	Prec @1 0.2578 (0.4215)	
Epoch: [9][70/97]	Time 1.340 (1.167)	Loss 0.2938 (0.2187)	Prec @1 0.4297 (0.4157)	
Epoch: [9][80/97]	Time 1.124 (1.187)	Loss 0.2864 (0.2214)	Prec @1 0.3359 (0.4130)	
Epoch: [9][90/97]	Time 1.227 (1.198)	Loss 0.1984 (0.2212)	Prec @1 0.5156 (0.4116)	
Epoch: [9][0/100]	Time 0.400 (0.400)	
Epoch: [9][10/100]	Time 0.225 (0.242)	
Epoch: [9][20/100]	Time 0.240 (0.234)	
Epoch: [9][30/100]	Time 0.291 (0.242)	
Epoch: [9][40/100]	Time 0.226 (0.237)	
Epoch: [9][50/100]	Time 0.219 (0.235)	
Epoch: [9][60/100]	Time 0.228 (0.233)	
Epoch: [9][70/100]	Time 0.417 (0.238)	
Epoch: [9][80/100]	Time 0.420 (0.253)	
Epoch: [9][90/100]	Time 0.341 (0.268)	
Accuracy of Class 0: 0.6320
Accuracy of Class 1: 0.6940
Accuracy of Class 2: 0.1880
Accuracy of Class 3: 0.2020
Accuracy of Class 4: 0.3420
Accuracy of Class 5: 0.6960
Accuracy of Class 6: 0.3330
Accuracy of Class 7: 0.4690
Accuracy of Class 8: 0.0780
Accuracy of Class 9: 0.0230
* Prec @1: 0.3657
Epoch: [10][0/97]	Time 2.450 (2.450)	Loss 0.1959 (0.1959)	Prec @1 0.5703 (0.5703)	
Epoch: [10][10/97]	Time 2.420 (2.212)	Loss 0.2438 (0.2108)	Prec @1 0.4844 (0.5213)	
Epoch: [10][20/97]	Time 1.968 (2.003)	Loss 0.1765 (0.2095)	Prec @1 0.4609 (0.4829)	
Epoch: [10][30/97]	Time 1.250 (1.851)	Loss 0.2451 (0.2031)	Prec @1 0.5625 (0.5003)	
Epoch: [10][40/97]	Time 1.216 (1.692)	Loss 0.1545 (0.2008)	Prec @1 0.4141 (0.4909)	
Epoch: [10][50/97]	Time 1.183 (1.582)	Loss 0.2362 (0.2043)	Prec @1 0.5547 (0.4819)	
Epoch: [10][60/97]	Time 1.115 (1.526)	Loss 0.2396 (0.2113)	Prec @1 0.3750 (0.4734)	
Epoch: [10][70/97]	Time 1.362 (1.478)	Loss 0.2497 (0.2130)	Prec @1 0.4062 (0.4576)	
Epoch: [10][80/97]	Time 1.230 (1.453)	Loss 0.1851 (0.2128)	Prec @1 0.4609 (0.4508)	
Epoch: [10][90/97]	Time 1.039 (1.408)	Loss 0.1828 (0.2106)	Prec @1 0.5078 (0.4537)	
Epoch: [10][0/100]	Time 0.340 (0.340)	
Epoch: [10][10/100]	Time 0.213 (0.235)	
Epoch: [10][20/100]	Time 0.285 (0.228)	
Epoch: [10][30/100]	Time 0.225 (0.226)	
Epoch: [10][40/100]	Time 0.319 (0.233)	
Epoch: [10][50/100]	Time 0.280 (0.240)	
Epoch: [10][60/100]	Time 0.259 (0.245)	
Epoch: [10][70/100]	Time 0.206 (0.245)	
Epoch: [10][80/100]	Time 0.303 (0.244)	
Epoch: [10][90/100]	Time 0.291 (0.252)	
Accuracy of Class 0: 0.6120
Accuracy of Class 1: 0.1900
Accuracy of Class 2: 0.4970
Accuracy of Class 3: 0.3100
Accuracy of Class 4: 0.4450
Accuracy of Class 5: 0.2390
Accuracy of Class 6: 0.3360
Accuracy of Class 7: 0.2720
Accuracy of Class 8: 0.5250
Accuracy of Class 9: 0.4650
* Prec @1: 0.3891
Epoch: [11][0/97]	Time 1.240 (1.240)	Loss 0.1643 (0.1643)	Prec @1 0.4531 (0.4531)	
Epoch: [11][10/97]	Time 1.164 (1.171)	Loss 0.2806 (0.1957)	Prec @1 0.5156 (0.4361)	
Epoch: [11][20/97]	Time 0.959 (1.134)	Loss 0.1945 (0.1896)	Prec @1 0.4141 (0.4598)	
Epoch: [11][30/97]	Time 1.038 (1.115)	Loss 0.2143 (0.1997)	Prec @1 0.2969 (0.4488)	
Epoch: [11][40/97]	Time 1.168 (1.113)	Loss 0.2321 (0.2018)	Prec @1 0.4844 (0.4329)	
Epoch: [11][50/97]	Time 1.281 (1.115)	Loss 0.2087 (0.2014)	Prec @1 0.6250 (0.4554)	
Epoch: [11][60/97]	Time 1.112 (1.110)	Loss 0.2368 (0.1982)	Prec @1 0.4219 (0.4599)	
Epoch: [11][70/97]	Time 1.388 (1.122)	Loss 0.2802 (0.2032)	Prec @1 0.3906 (0.4515)	
Epoch: [11][80/97]	Time 1.183 (1.126)	Loss 0.2203 (0.2018)	Prec @1 0.5391 (0.4515)	
Epoch: [11][90/97]	Time 1.148 (1.129)	Loss 0.2222 (0.2029)	Prec @1 0.4062 (0.4498)	
Epoch: [11][0/100]	Time 0.364 (0.364)	
Epoch: [11][10/100]	Time 0.338 (0.339)	
Epoch: [11][20/100]	Time 0.455 (0.367)	
Epoch: [11][30/100]	Time 0.367 (0.378)	
Epoch: [11][40/100]	Time 0.382 (0.374)	
Epoch: [11][50/100]	Time 0.381 (0.382)	
Epoch: [11][60/100]	Time 0.370 (0.377)	
Epoch: [11][70/100]	Time 0.411 (0.386)	
Epoch: [11][80/100]	Time 0.332 (0.383)	
Epoch: [11][90/100]	Time 0.437 (0.383)	
Accuracy of Class 0: 0.6360
Accuracy of Class 1: 0.2550
Accuracy of Class 2: 0.3950
Accuracy of Class 3: 0.0100
Accuracy of Class 4: 0.1550
Accuracy of Class 5: 0.5230
Accuracy of Class 6: 0.6650
Accuracy of Class 7: 0.4260
Accuracy of Class 8: 0.2450
Accuracy of Class 9: 0.7950
* Prec @1: 0.4105
Epoch: [12][0/97]	Time 1.682 (1.682)	Loss 0.2191 (0.2191)	Prec @1 0.3516 (0.3516)	
Epoch: [12][10/97]	Time 1.051 (1.555)	Loss 0.2952 (0.1941)	Prec @1 0.5234 (0.4609)	
Epoch: [12][20/97]	Time 0.921 (1.368)	Loss 0.2034 (0.2133)	Prec @1 0.4297 (0.4494)	
Epoch: [12][30/97]	Time 1.101 (1.271)	Loss 0.1661 (0.2140)	Prec @1 0.3828 (0.4073)	
Epoch: [12][40/97]	Time 1.480 (1.266)	Loss 0.1757 (0.2066)	Prec @1 0.5391 (0.4266)	
Epoch: [12][50/97]	Time 1.340 (1.326)	Loss 0.3165 (0.2046)	Prec @1 0.4453 (0.4427)	
Epoch: [12][60/97]	Time 1.093 (1.269)	Loss 0.1933 (0.2050)	Prec @1 0.3828 (0.4516)	
Epoch: [12][70/97]	Time 0.988 (1.234)	Loss 0.1586 (0.2056)	Prec @1 0.4062 (0.4455)	
Epoch: [12][80/97]	Time 1.025 (1.208)	Loss 0.3727 (0.2072)	Prec @1 0.4062 (0.4453)	
Epoch: [12][90/97]	Time 1.041 (1.190)	Loss 0.1769 (0.2072)	Prec @1 0.4766 (0.4455)	
Epoch: [12][0/100]	Time 0.297 (0.297)	
Epoch: [12][10/100]	Time 0.225 (0.296)	
Epoch: [12][20/100]	Time 0.220 (0.278)	
Epoch: [12][30/100]	Time 0.318 (0.278)	
Epoch: [12][40/100]	Time 0.205 (0.269)	
Epoch: [12][50/100]	Time 0.222 (0.263)	
Epoch: [12][60/100]	Time 0.151 (0.258)	
Epoch: [12][70/100]	Time 0.070 (0.233)	
Epoch: [12][80/100]	Time 0.065 (0.213)	
Epoch: [12][90/100]	Time 0.070 (0.198)	
Accuracy of Class 0: 0.6710
Accuracy of Class 1: 0.5560
Accuracy of Class 2: 0.4800
Accuracy of Class 3: 0.2180
Accuracy of Class 4: 0.3600
Accuracy of Class 5: 0.3530
Accuracy of Class 6: 0.5570
Accuracy of Class 7: 0.4260
Accuracy of Class 8: 0.2680
Accuracy of Class 9: 0.5230
* Prec @1: 0.4412
Epoch: [13][0/97]	Time 0.727 (0.727)	Loss 0.1547 (0.1547)	Prec @1 0.5547 (0.5547)	
Epoch: [13][10/97]	Time 0.322 (0.375)	Loss 0.2220 (0.2190)	Prec @1 0.3594 (0.4460)	
Epoch: [13][20/97]	Time 0.306 (0.366)	Loss 0.1567 (0.2154)	Prec @1 0.3906 (0.4371)	
Epoch: [13][30/97]	Time 0.994 (0.502)	Loss 0.1516 (0.2119)	Prec @1 0.4531 (0.4214)	
Epoch: [13][40/97]	Time 1.483 (0.706)	Loss 0.1163 (0.2023)	Prec @1 0.5859 (0.4447)	
Epoch: [13][50/97]	Time 1.230 (0.820)	Loss 0.1528 (0.1980)	Prec @1 0.3906 (0.4502)	
Epoch: [13][60/97]	Time 1.148 (0.846)	Loss 0.1591 (0.1982)	Prec @1 0.5547 (0.4552)	
Epoch: [13][70/97]	Time 0.950 (0.898)	Loss 0.1333 (0.1966)	Prec @1 0.5234 (0.4594)	
Epoch: [13][80/97]	Time 1.331 (0.958)	Loss 0.2750 (0.1964)	Prec @1 0.5156 (0.4655)	
Epoch: [13][90/97]	Time 1.079 (0.982)	Loss 0.3045 (0.1968)	Prec @1 0.5234 (0.4717)	
Epoch: [13][0/100]	Time 0.445 (0.445)	
Epoch: [13][10/100]	Time 0.225 (0.256)	
Epoch: [13][20/100]	Time 0.223 (0.237)	
Epoch: [13][30/100]	Time 0.204 (0.230)	
Epoch: [13][40/100]	Time 0.320 (0.244)	
Epoch: [13][50/100]	Time 0.592 (0.274)	
Epoch: [13][60/100]	Time 0.322 (0.292)	
Epoch: [13][70/100]	Time 0.445 (0.304)	
Epoch: [13][80/100]	Time 0.380 (0.312)	
Epoch: [13][90/100]	Time 0.374 (0.319)	
Accuracy of Class 0: 0.5730
Accuracy of Class 1: 0.6790
Accuracy of Class 2: 0.6370
Accuracy of Class 3: 0.3410
Accuracy of Class 4: 0.2160
Accuracy of Class 5: 0.4010
Accuracy of Class 6: 0.4540
Accuracy of Class 7: 0.3550
Accuracy of Class 8: 0.4730
Accuracy of Class 9: 0.1180
* Prec @1: 0.4247
Epoch: [14][0/97]	Time 1.785 (1.785)	Loss 0.1341 (0.1341)	Prec @1 0.5469 (0.5469)	
Epoch: [14][10/97]	Time 1.210 (1.584)	Loss 0.2463 (0.1868)	Prec @1 0.4297 (0.4822)	
Epoch: [14][20/97]	Time 1.299 (1.341)	Loss 0.1601 (0.1795)	Prec @1 0.5312 (0.4985)	
Epoch: [14][30/97]	Time 0.924 (1.257)	Loss 0.1074 (0.1764)	Prec @1 0.5469 (0.5224)	
Epoch: [14][40/97]	Time 1.439 (1.339)	Loss 0.2092 (0.1814)	Prec @1 0.4922 (0.5187)	
Epoch: [14][50/97]	Time 0.956 (1.316)	Loss 0.2097 (0.1811)	Prec @1 0.5000 (0.5080)	
Epoch: [14][60/97]	Time 1.175 (1.304)	Loss 0.1839 (0.1853)	Prec @1 0.5625 (0.5033)	
Epoch: [14][70/97]	Time 0.919 (1.283)	Loss 0.1931 (0.1852)	Prec @1 0.4688 (0.4982)	
Epoch: [14][80/97]	Time 1.040 (1.250)	Loss 0.2800 (0.1890)	Prec @1 0.5312 (0.4974)	
Epoch: [14][90/97]	Time 1.036 (1.224)	Loss 0.1574 (0.1940)	Prec @1 0.3359 (0.4924)	
Epoch: [14][0/100]	Time 0.349 (0.349)	
Epoch: [14][10/100]	Time 0.233 (0.246)	
Epoch: [14][20/100]	Time 0.246 (0.239)	
Epoch: [14][30/100]	Time 0.258 (0.238)	
Epoch: [14][40/100]	Time 0.187 (0.235)	
Epoch: [14][50/100]	Time 0.220 (0.235)	
Epoch: [14][60/100]	Time 0.228 (0.232)	
Epoch: [14][70/100]	Time 0.210 (0.229)	
Epoch: [14][80/100]	Time 0.216 (0.229)	
Epoch: [14][90/100]	Time 0.220 (0.227)	
Accuracy of Class 0: 0.4680
Accuracy of Class 1: 0.7440
Accuracy of Class 2: 0.2250
Accuracy of Class 3: 0.2980
Accuracy of Class 4: 0.3060
Accuracy of Class 5: 0.7330
Accuracy of Class 6: 0.4010
Accuracy of Class 7: 0.4150
Accuracy of Class 8: 0.2980
Accuracy of Class 9: 0.3930
* Prec @1: 0.4281
Epoch: [15][0/97]	Time 1.072 (1.072)	Loss 0.1642 (0.1642)	Prec @1 0.4922 (0.4922)	
Epoch: [15][10/97]	Time 1.223 (1.148)	Loss 0.3305 (0.2109)	Prec @1 0.5078 (0.5320)	
Epoch: [15][20/97]	Time 1.138 (1.139)	Loss 0.2423 (0.2030)	Prec @1 0.4219 (0.5082)	
Epoch: [15][30/97]	Time 1.246 (1.149)	Loss 0.1561 (0.1950)	Prec @1 0.5625 (0.5035)	
Epoch: [15][40/97]	Time 1.181 (1.156)	Loss 0.1499 (0.1950)	Prec @1 0.4844 (0.5107)	
Epoch: [15][50/97]	Time 1.037 (1.151)	Loss 0.2139 (0.1930)	Prec @1 0.4922 (0.5095)	
Epoch: [15][60/97]	Time 1.052 (1.132)	Loss 0.2490 (0.1911)	Prec @1 0.4766 (0.5029)	
Epoch: [15][70/97]	Time 0.944 (1.117)	Loss 0.1697 (0.1935)	Prec @1 0.4062 (0.5045)	
Epoch: [15][80/97]	Time 1.126 (1.118)	Loss 0.1516 (0.1925)	Prec @1 0.4375 (0.4946)	
Epoch: [15][90/97]	Time 1.145 (1.122)	Loss 0.1580 (0.1909)	Prec @1 0.4219 (0.4942)	
Epoch: [15][0/100]	Time 0.351 (0.351)	
Epoch: [15][10/100]	Time 0.225 (0.235)	
Epoch: [15][20/100]	Time 0.218 (0.229)	
Epoch: [15][30/100]	Time 0.435 (0.239)	
Epoch: [15][40/100]	Time 0.225 (0.273)	
Epoch: [15][50/100]	Time 0.331 (0.284)	
Epoch: [15][60/100]	Time 0.250 (0.283)	
Epoch: [15][70/100]	Time 0.223 (0.282)	
Epoch: [15][80/100]	Time 0.258 (0.277)	
Epoch: [15][90/100]	Time 0.248 (0.273)	
Accuracy of Class 0: 0.6360
Accuracy of Class 1: 0.0400
Accuracy of Class 2: 0.5710
Accuracy of Class 3: 0.2720
Accuracy of Class 4: 0.3160
Accuracy of Class 5: 0.4910
Accuracy of Class 6: 0.4820
Accuracy of Class 7: 0.4090
Accuracy of Class 8: 0.4110
Accuracy of Class 9: 0.4830
* Prec @1: 0.4111
Epoch: [16][0/97]	Time 1.119 (1.119)	Loss 0.1821 (0.1821)	Prec @1 0.3438 (0.3438)	
Epoch: [16][10/97]	Time 0.783 (1.099)	Loss 0.1772 (0.1839)	Prec @1 0.5078 (0.4830)	
Epoch: [16][20/97]	Time 1.004 (1.227)	Loss 0.1928 (0.1922)	Prec @1 0.5938 (0.4948)	
Epoch: [16][30/97]	Time 1.426 (1.227)	Loss 0.2044 (0.1961)	Prec @1 0.4453 (0.4929)	
Epoch: [16][40/97]	Time 1.180 (1.238)	Loss 0.3521 (0.2026)	Prec @1 0.4531 (0.4802)	
Epoch: [16][50/97]	Time 1.268 (1.231)	Loss 0.1870 (0.1937)	Prec @1 0.6641 (0.4890)	
Epoch: [16][60/97]	Time 1.423 (1.256)	Loss 0.1937 (0.1911)	Prec @1 0.5625 (0.5012)	
Epoch: [16][70/97]	Time 1.417 (1.279)	Loss 0.1827 (0.1900)	Prec @1 0.4297 (0.4990)	
Epoch: [16][80/97]	Time 1.388 (1.279)	Loss 0.1821 (0.1890)	Prec @1 0.4844 (0.4937)	
Epoch: [16][90/97]	Time 1.116 (1.266)	Loss 0.1430 (0.1871)	Prec @1 0.5859 (0.4987)	
Epoch: [16][0/100]	Time 0.638 (0.638)	
Epoch: [16][10/100]	Time 0.237 (0.339)	
Epoch: [16][20/100]	Time 0.232 (0.301)	
Epoch: [16][30/100]	Time 0.247 (0.278)	
Epoch: [16][40/100]	Time 0.212 (0.266)	
Epoch: [16][50/100]	Time 0.222 (0.258)	
Epoch: [16][60/100]	Time 0.328 (0.256)	