Files already downloaded and verified
Files already downloaded and verified
TwoLayerNet(
  (fc1): Linear(in_features=3072, out_features=256, bias=True)
  (sigmoid): Sigmoid()
  (fc2): Linear(in_features=256, out_features=10, bias=True)
)
Epoch: [0][0/391]	Time 0.050 (0.050)	Loss 2.2948 (2.2948)	Prec @1 0.1016 (0.1016)	
Epoch: [0][10/391]	Time 0.000 (0.006)	Loss 2.1495 (2.2024)	Prec @1 0.1719 (0.1761)	
Epoch: [0][20/391]	Time 0.000 (0.004)	Loss 2.0906 (2.1494)	Prec @1 0.1953 (0.2042)	
Epoch: [0][30/391]	Time 0.000 (0.004)	Loss 2.0427 (2.1220)	Prec @1 0.2656 (0.2203)	
Epoch: [0][40/391]	Time 0.000 (0.004)	Loss 2.0680 (2.1050)	Prec @1 0.2500 (0.2298)	
Epoch: [0][50/391]	Time 0.000 (0.003)	Loss 1.8968 (2.0840)	Prec @1 0.2344 (0.2335)	
Epoch: [0][60/391]	Time 0.000 (0.004)	Loss 1.9231 (2.0712)	Prec @1 0.2422 (0.2378)	
Epoch: [0][70/391]	Time 0.003 (0.003)	Loss 1.9927 (2.0582)	Prec @1 0.3203 (0.2469)	
Epoch: [0][80/391]	Time 0.000 (0.003)	Loss 1.9588 (2.0407)	Prec @1 0.2031 (0.2533)	
Epoch: [0][90/391]	Time 0.000 (0.003)	Loss 2.0166 (2.0325)	Prec @1 0.2656 (0.2560)	
Epoch: [0][100/391]	Time 0.005 (0.003)	Loss 1.9139 (2.0215)	Prec @1 0.3359 (0.2616)	
Epoch: [0][110/391]	Time 0.003 (0.003)	Loss 2.0716 (2.0158)	Prec @1 0.1797 (0.2636)	
Epoch: [0][120/391]	Time 0.005 (0.003)	Loss 1.9219 (2.0080)	Prec @1 0.2656 (0.2671)	
Epoch: [0][130/391]	Time 0.000 (0.003)	Loss 2.0045 (2.0029)	Prec @1 0.2578 (0.2704)	
Epoch: [0][140/391]	Time 0.001 (0.003)	Loss 1.9265 (1.9934)	Prec @1 0.3047 (0.2741)	
Epoch: [0][150/391]	Time 0.000 (0.003)	Loss 1.8018 (1.9851)	Prec @1 0.3516 (0.2773)	
Epoch: [0][160/391]	Time 0.000 (0.003)	Loss 1.8121 (1.9738)	Prec @1 0.3594 (0.2816)	
Epoch: [0][170/391]	Time 0.006 (0.003)	Loss 1.9591 (1.9697)	Prec @1 0.3672 (0.2848)	
Epoch: [0][180/391]	Time 0.000 (0.003)	Loss 1.8115 (1.9649)	Prec @1 0.3438 (0.2857)	
Epoch: [0][190/391]	Time 0.003 (0.003)	Loss 1.9027 (1.9615)	Prec @1 0.2969 (0.2872)	
Epoch: [0][200/391]	Time 0.000 (0.003)	Loss 1.7456 (1.9564)	Prec @1 0.3672 (0.2886)	
Epoch: [0][210/391]	Time 0.000 (0.003)	Loss 1.8598 (1.9497)	Prec @1 0.3516 (0.2912)	
Epoch: [0][220/391]	Time 0.000 (0.003)	Loss 1.9127 (1.9464)	Prec @1 0.2891 (0.2933)	
Epoch: [0][230/391]	Time 0.000 (0.003)	Loss 1.8507 (1.9423)	Prec @1 0.3516 (0.2949)	
Epoch: [0][240/391]	Time 0.002 (0.003)	Loss 1.8427 (1.9382)	Prec @1 0.2734 (0.2957)	
Epoch: [0][250/391]	Time 0.002 (0.003)	Loss 1.8619 (1.9367)	Prec @1 0.2969 (0.2957)	
Epoch: [0][260/391]	Time 0.000 (0.003)	Loss 1.7696 (1.9345)	Prec @1 0.3750 (0.2967)	
Epoch: [0][270/391]	Time 0.014 (0.003)	Loss 1.7329 (1.9314)	Prec @1 0.4297 (0.2978)	
Epoch: [0][280/391]	Time 0.000 (0.003)	Loss 1.9601 (1.9293)	Prec @1 0.2891 (0.2987)	
Epoch: [0][290/391]	Time 0.002 (0.003)	Loss 1.7338 (1.9277)	Prec @1 0.3906 (0.2991)	
Epoch: [0][300/391]	Time 0.002 (0.003)	Loss 1.8059 (1.9243)	Prec @1 0.3125 (0.3004)	
Epoch: [0][310/391]	Time 0.007 (0.003)	Loss 1.8043 (1.9197)	Prec @1 0.3750 (0.3022)	
Epoch: [0][320/391]	Time 0.002 (0.003)	Loss 1.8999 (1.9162)	Prec @1 0.3125 (0.3031)	
Epoch: [0][330/391]	Time 0.004 (0.003)	Loss 1.8664 (1.9132)	Prec @1 0.3906 (0.3043)	
Epoch: [0][340/391]	Time 0.004 (0.003)	Loss 1.8322 (1.9102)	Prec @1 0.3359 (0.3054)	
Epoch: [0][350/391]	Time 0.004 (0.003)	Loss 2.0641 (1.9087)	Prec @1 0.3203 (0.3063)	
Epoch: [0][360/391]	Time 0.000 (0.003)	Loss 1.6928 (1.9065)	Prec @1 0.3906 (0.3073)	
Epoch: [0][370/391]	Time 0.002 (0.003)	Loss 1.8100 (1.9051)	Prec @1 0.3672 (0.3083)	
Epoch: [0][380/391]	Time 0.000 (0.003)	Loss 1.9274 (1.9021)	Prec @1 0.3438 (0.3098)	
Epoch: [0][390/391]	Time 0.015 (0.003)	Loss 1.7184 (1.9002)	Prec @1 0.3750 (0.3104)	
Epoch: [0][0/100]	Time 0.014 (0.014)	
Epoch: [0][10/100]	Time 0.000 (0.003)	
Epoch: [0][20/100]	Time 0.000 (0.003)	
Epoch: [0][30/100]	Time 0.000 (0.003)	
Epoch: [0][40/100]	Time 0.012 (0.004)	
Epoch: [0][50/100]	Time 0.009 (0.004)	
Epoch: [0][60/100]	Time 0.006 (0.004)	
Epoch: [0][70/100]	Time 0.002 (0.005)	
Epoch: [0][80/100]	Time 0.014 (0.005)	
Epoch: [0][90/100]	Time 0.005 (0.005)	
Accuracy of Class 0: 0.1390
Accuracy of Class 1: 0.3120
Accuracy of Class 2: 0.1710
Accuracy of Class 3: 0.0780
Accuracy of Class 4: 0.1390
Accuracy of Class 5: 0.4200
Accuracy of Class 6: 0.5230
Accuracy of Class 7: 0.1770
Accuracy of Class 8: 0.6460
Accuracy of Class 9: 0.3100
* Prec @1: 0.2915
Epoch: [1][0/391]	Time 0.003 (0.003)	Loss 1.8374 (1.8374)	Prec @1 0.2812 (0.2812)	
Epoch: [1][10/391]	Time 0.000 (0.005)	Loss 1.6995 (1.8099)	Prec @1 0.3438 (0.3438)	
Epoch: [1][20/391]	Time 0.000 (0.005)	Loss 1.7556 (1.7972)	Prec @1 0.3750 (0.3542)	
Epoch: [1][30/391]	Time 0.017 (0.006)	Loss 1.7906 (1.8005)	Prec @1 0.3125 (0.3566)	
Epoch: [1][40/391]	Time 0.000 (0.006)	Loss 1.7537 (1.8030)	Prec @1 0.3125 (0.3552)	
Epoch: [1][50/391]	Time 0.015 (0.006)	Loss 1.6238 (1.8051)	Prec @1 0.3984 (0.3528)	
Epoch: [1][60/391]	Time 0.017 (0.006)	Loss 1.9248 (1.8123)	Prec @1 0.3281 (0.3503)	
Epoch: [1][70/391]	Time 0.017 (0.007)	Loss 1.9322 (1.8158)	Prec @1 0.3281 (0.3504)	
Epoch: [1][80/391]	Time 0.000 (0.007)	Loss 1.8938 (1.8203)	Prec @1 0.3828 (0.3491)	
Epoch: [1][90/391]	Time 0.005 (0.006)	Loss 1.8243 (1.8174)	Prec @1 0.3672 (0.3486)	
Epoch: [1][100/391]	Time 0.017 (0.006)	Loss 1.7146 (1.8168)	Prec @1 0.3906 (0.3485)	
Epoch: [1][110/391]	Time 0.000 (0.006)	Loss 1.8372 (1.8148)	Prec @1 0.3359 (0.3495)	
Epoch: [1][120/391]	Time 0.000 (0.005)	Loss 1.9197 (1.8150)	Prec @1 0.3047 (0.3509)	
Epoch: [1][130/391]	Time 0.016 (0.005)	Loss 1.7802 (1.8131)	Prec @1 0.3047 (0.3494)	
Epoch: [1][140/391]	Time 0.000 (0.005)	Loss 1.8074 (1.8111)	Prec @1 0.3672 (0.3502)	
Epoch: [1][150/391]	Time 0.004 (0.005)	Loss 1.7149 (1.8082)	Prec @1 0.3516 (0.3505)	
Epoch: [1][160/391]	Time 0.000 (0.005)	Loss 1.8399 (1.8079)	Prec @1 0.3438 (0.3499)	
Epoch: [1][170/391]	Time 0.000 (0.005)	Loss 1.7959 (1.8059)	Prec @1 0.3984 (0.3512)	
Epoch: [1][180/391]	Time 0.006 (0.005)	Loss 1.9140 (1.8055)	Prec @1 0.2969 (0.3514)	
Epoch: [1][190/391]	Time 0.005 (0.005)	Loss 1.8684 (1.8080)	Prec @1 0.3047 (0.3505)	
Epoch: [1][200/391]	Time 0.004 (0.005)	Loss 1.9190 (1.8074)	Prec @1 0.3594 (0.3505)	
Epoch: [1][210/391]	Time 0.007 (0.005)	Loss 1.6582 (1.8076)	Prec @1 0.4062 (0.3502)	
Epoch: [1][220/391]	Time 0.009 (0.005)	Loss 1.7308 (1.8081)	Prec @1 0.3359 (0.3494)	
Epoch: [1][230/391]	Time 0.000 (0.005)	Loss 1.8689 (1.8069)	Prec @1 0.2734 (0.3497)	
Epoch: [1][240/391]	Time 0.000 (0.005)	Loss 1.7496 (1.8058)	Prec @1 0.3828 (0.3498)	
Epoch: [1][250/391]	Time 0.000 (0.005)	Loss 1.7767 (1.8042)	Prec @1 0.3750 (0.3507)	
Epoch: [1][260/391]	Time 0.000 (0.005)	Loss 1.6406 (1.8053)	Prec @1 0.3906 (0.3501)	
Epoch: [1][270/391]	Time 0.019 (0.005)	Loss 1.7791 (1.8048)	Prec @1 0.3438 (0.3499)	
Epoch: [1][280/391]	Time 0.007 (0.005)	Loss 1.8706 (1.8057)	Prec @1 0.3750 (0.3496)	
Epoch: [1][290/391]	Time 0.000 (0.005)	Loss 1.8968 (1.8053)	Prec @1 0.3125 (0.3499)	
Epoch: [1][300/391]	Time 0.017 (0.005)	Loss 1.7612 (1.8039)	Prec @1 0.3438 (0.3503)	
Epoch: [1][310/391]	Time 0.017 (0.005)	Loss 1.8800 (1.8015)	Prec @1 0.3203 (0.3504)	
Epoch: [1][320/391]	Time 0.006 (0.005)	Loss 1.6369 (1.8003)	Prec @1 0.4297 (0.3509)	
Epoch: [1][330/391]	Time 0.003 (0.005)	Loss 1.7782 (1.7994)	Prec @1 0.3828 (0.3510)	
Epoch: [1][340/391]	Time 0.019 (0.005)	Loss 1.7890 (1.7986)	Prec @1 0.3438 (0.3509)	
Epoch: [1][350/391]	Time 0.005 (0.005)	Loss 1.7560 (1.7986)	Prec @1 0.3359 (0.3510)	
Epoch: [1][360/391]	Time 0.002 (0.005)	Loss 1.7936 (1.7976)	Prec @1 0.3828 (0.3518)	
Epoch: [1][370/391]	Time 0.005 (0.005)	Loss 1.7462 (1.7974)	Prec @1 0.3594 (0.3519)	
Epoch: [1][380/391]	Time 0.005 (0.005)	Loss 1.8426 (1.7966)	Prec @1 0.3438 (0.3524)	
Epoch: [1][390/391]	Time 0.005 (0.005)	Loss 1.8047 (1.7974)	Prec @1 0.3625 (0.3526)	
Epoch: [1][0/100]	Time 0.007 (0.007)	
Epoch: [1][10/100]	Time 0.005 (0.006)	
Epoch: [1][20/100]	Time 0.006 (0.006)	
Epoch: [1][30/100]	Time 0.000 (0.006)	
Epoch: [1][40/100]	Time 0.009 (0.006)	
Epoch: [1][50/100]	Time 0.008 (0.005)	
Epoch: [1][60/100]	Time 0.005 (0.005)	
Epoch: [1][70/100]	Time 0.017 (0.005)	
Epoch: [1][80/100]	Time 0.000 (0.005)	
Epoch: [1][90/100]	Time 0.000 (0.005)	
Accuracy of Class 0: 0.0110
Accuracy of Class 1: 0.3010
Accuracy of Class 2: 0.0350
Accuracy of Class 3: 0.0500
Accuracy of Class 4: 0.1260
Accuracy of Class 5: 0.3510
Accuracy of Class 6: 0.3810
Accuracy of Class 7: 0.5050
Accuracy of Class 8: 0.6940
Accuracy of Class 9: 0.4890
* Prec @1: 0.2943
Epoch: [2][0/391]	Time 0.009 (0.009)	Loss 1.8744 (1.8744)	Prec @1 0.2891 (0.2891)	
Epoch: [2][10/391]	Time 0.008 (0.004)	Loss 1.7486 (1.8360)	Prec @1 0.3359 (0.3459)	
Epoch: [2][20/391]	Time 0.000 (0.003)	Loss 1.6572 (1.8171)	Prec @1 0.3906 (0.3475)	
Epoch: [2][30/391]	Time 0.001 (0.003)	Loss 1.8409 (1.8041)	Prec @1 0.3203 (0.3478)	
Epoch: [2][40/391]	Time 0.003 (0.003)	Loss 1.8235 (1.7955)	Prec @1 0.3750 (0.3523)	
Epoch: [2][50/391]	Time 0.000 (0.003)	Loss 1.7954 (1.7940)	Prec @1 0.3594 (0.3540)	
Epoch: [2][60/391]	Time 0.015 (0.003)	Loss 1.8134 (1.7856)	Prec @1 0.3984 (0.3596)	
Epoch: [2][70/391]	Time 0.000 (0.003)	Loss 1.7717 (1.7781)	Prec @1 0.3047 (0.3597)	
Epoch: [2][80/391]	Time 0.000 (0.003)	Loss 1.6936 (1.7767)	Prec @1 0.4609 (0.3637)	
Epoch: [2][90/391]	Time 0.004 (0.003)	Loss 1.7271 (1.7787)	Prec @1 0.3984 (0.3632)	
Epoch: [2][100/391]	Time 0.016 (0.003)	Loss 1.8231 (1.7816)	Prec @1 0.3438 (0.3620)	
Epoch: [2][110/391]	Time 0.000 (0.003)	Loss 1.8864 (1.7837)	Prec @1 0.3672 (0.3628)	
Epoch: [2][120/391]	Time 0.000 (0.003)	Loss 1.8098 (1.7864)	Prec @1 0.3984 (0.3629)	
Epoch: [2][130/391]	Time 0.013 (0.003)	Loss 1.8011 (1.7854)	Prec @1 0.3672 (0.3633)	
Epoch: [2][140/391]	Time 0.000 (0.003)	Loss 1.8411 (1.7840)	Prec @1 0.2812 (0.3635)	
Epoch: [2][150/391]	Time 0.014 (0.003)	Loss 1.7403 (1.7829)	Prec @1 0.3984 (0.3631)	
Epoch: [2][160/391]	Time 0.017 (0.003)	Loss 1.7948 (1.7796)	Prec @1 0.3438 (0.3637)	
Epoch: [2][170/391]	Time 0.002 (0.003)	Loss 1.7125 (1.7802)	Prec @1 0.3672 (0.3630)	
Epoch: [2][180/391]	Time 0.002 (0.003)	Loss 1.9961 (1.7831)	Prec @1 0.2969 (0.3617)	
Epoch: [2][190/391]	Time 0.003 (0.003)	Loss 1.9792 (1.7839)	Prec @1 0.2812 (0.3608)	
Epoch: [2][200/391]	Time 0.016 (0.003)	Loss 1.6183 (1.7821)	Prec @1 0.3828 (0.3613)	
Epoch: [2][210/391]	Time 0.000 (0.003)	Loss 1.7152 (1.7798)	Prec @1 0.3906 (0.3612)	
Epoch: [2][220/391]	Time 0.000 (0.003)	Loss 1.7906 (1.7797)	Prec @1 0.4062 (0.3616)	
Epoch: [2][230/391]	Time 0.003 (0.003)	Loss 1.8156 (1.7795)	Prec @1 0.3594 (0.3617)	
Epoch: [2][240/391]	Time 0.013 (0.003)	Loss 1.7802 (1.7799)	Prec @1 0.4219 (0.3623)	
Epoch: [2][250/391]	Time 0.007 (0.004)	Loss 1.7920 (1.7799)	Prec @1 0.3672 (0.3622)	
Epoch: [2][260/391]	Time 0.009 (0.004)	Loss 1.7842 (1.7799)	Prec @1 0.3906 (0.3626)	
Epoch: [2][270/391]	Time 0.009 (0.004)	Loss 1.7147 (1.7801)	Prec @1 0.4375 (0.3628)	
Epoch: [2][280/391]	Time 0.008 (0.004)	Loss 1.7278 (1.7807)	Prec @1 0.3516 (0.3626)	
Epoch: [2][290/391]	Time 0.006 (0.004)	Loss 1.7227 (1.7805)	Prec @1 0.3125 (0.3621)	
Epoch: [2][300/391]	Time 0.007 (0.004)	Loss 1.7204 (1.7795)	Prec @1 0.3672 (0.3623)	
Epoch: [2][310/391]	Time 0.006 (0.004)	Loss 1.9087 (1.7812)	Prec @1 0.3672 (0.3618)	
Epoch: [2][320/391]	Time 0.010 (0.004)	Loss 1.7690 (1.7806)	Prec @1 0.4141 (0.3622)	
Epoch: [2][330/391]	Time 0.008 (0.004)	Loss 1.8052 (1.7803)	Prec @1 0.3438 (0.3624)	
Epoch: [2][340/391]	Time 0.005 (0.004)	Loss 1.6564 (1.7801)	Prec @1 0.4375 (0.3630)	
Epoch: [2][350/391]	Time 0.008 (0.005)	Loss 1.8131 (1.7806)	Prec @1 0.3203 (0.3622)	
Epoch: [2][360/391]	Time 0.007 (0.005)	Loss 1.7380 (1.7798)	Prec @1 0.4141 (0.3627)	
Epoch: [2][370/391]	Time 0.004 (0.005)	Loss 1.6778 (1.7799)	Prec @1 0.3672 (0.3625)	
Epoch: [2][380/391]	Time 0.011 (0.005)	Loss 1.7796 (1.7797)	Prec @1 0.3516 (0.3634)	
Epoch: [2][390/391]	Time 0.011 (0.005)	Loss 1.7630 (1.7784)	Prec @1 0.3750 (0.3636)	
Epoch: [2][0/100]	Time 0.007 (0.007)	
Epoch: [2][10/100]	Time 0.005 (0.006)	
Epoch: [2][20/100]	Time 0.005 (0.006)	
Epoch: [2][30/100]	Time 0.005 (0.006)	
Epoch: [2][40/100]	Time 0.005 (0.005)	
Epoch: [2][50/100]	Time 0.006 (0.005)	
Epoch: [2][60/100]	Time 0.005 (0.005)	
Epoch: [2][70/100]	Time 0.005 (0.005)	
Epoch: [2][80/100]	Time 0.007 (0.005)	
Epoch: [2][90/100]	Time 0.006 (0.005)	
Accuracy of Class 0: 0.0240
Accuracy of Class 1: 0.2180
Accuracy of Class 2: 0.1790
Accuracy of Class 3: 0.0830
Accuracy of Class 4: 0.0920
Accuracy of Class 5: 0.2750
Accuracy of Class 6: 0.4620
Accuracy of Class 7: 0.4060
Accuracy of Class 8: 0.3720
Accuracy of Class 9: 0.7590
* Prec @1: 0.2870
Epoch: [3][0/391]	Time 0.006 (0.006)	Loss 1.6047 (1.6047)	Prec @1 0.4141 (0.4141)	
Epoch: [3][10/391]	Time 0.012 (0.006)	Loss 1.7357 (1.7477)	Prec @1 0.3906 (0.3750)	
Epoch: [3][20/391]	Time 0.005 (0.007)	Loss 1.6984 (1.7478)	Prec @1 0.3984 (0.3765)	
Epoch: [3][30/391]	Time 0.008 (0.007)	Loss 1.7412 (1.7570)	Prec @1 0.3828 (0.3737)	
Epoch: [3][40/391]	Time 0.008 (0.006)	Loss 1.9160 (1.7622)	Prec @1 0.3203 (0.3710)	
Epoch: [3][50/391]	Time 0.004 (0.006)	Loss 1.6246 (1.7744)	Prec @1 0.4219 (0.3644)	
Epoch: [3][60/391]	Time 0.006 (0.006)	Loss 1.6656 (1.7706)	Prec @1 0.3672 (0.3644)	
Epoch: [3][70/391]	Time 0.008 (0.007)	Loss 1.7301 (1.7702)	Prec @1 0.3828 (0.3636)	
Epoch: [3][80/391]	Time 0.006 (0.007)	Loss 1.9183 (1.7723)	Prec @1 0.3594 (0.3642)	
Epoch: [3][90/391]	Time 0.007 (0.007)	Loss 1.6894 (1.7728)	Prec @1 0.3984 (0.3644)	
Epoch: [3][100/391]	Time 0.009 (0.007)	Loss 1.6959 (1.7698)	Prec @1 0.3828 (0.3646)	
Epoch: [3][110/391]	Time 0.008 (0.007)	Loss 1.7817 (1.7732)	Prec @1 0.3516 (0.3623)	
Epoch: [3][120/391]	Time 0.009 (0.007)	Loss 1.7903 (1.7729)	Prec @1 0.3516 (0.3625)	
Epoch: [3][130/391]	Time 0.007 (0.007)	Loss 1.8069 (1.7738)	Prec @1 0.3359 (0.3611)	
Epoch: [3][140/391]	Time 0.007 (0.007)	Loss 1.7043 (1.7721)	Prec @1 0.3984 (0.3626)	
Epoch: [3][150/391]	Time 0.008 (0.007)	Loss 1.8154 (1.7734)	Prec @1 0.3594 (0.3620)	
Epoch: [3][160/391]	Time 0.006 (0.007)	Loss 1.6357 (1.7701)	Prec @1 0.3750 (0.3633)	
Epoch: [3][170/391]	Time 0.009 (0.007)	Loss 1.7903 (1.7708)	Prec @1 0.3672 (0.3638)	
Epoch: [3][180/391]	Time 0.005 (0.007)	Loss 1.6709 (1.7693)	Prec @1 0.4219 (0.3640)	
Epoch: [3][190/391]	Time 0.009 (0.007)	Loss 1.6763 (1.7663)	Prec @1 0.3906 (0.3659)	
Epoch: [3][200/391]	Time 0.006 (0.007)	Loss 1.6996 (1.7637)	Prec @1 0.3594 (0.3657)	
Epoch: [3][210/391]	Time 0.005 (0.007)	Loss 1.8908 (1.7651)	Prec @1 0.3281 (0.3652)	
Epoch: [3][220/391]	Time 0.007 (0.007)	Loss 1.6667 (1.7636)	Prec @1 0.3594 (0.3655)	
Epoch: [3][230/391]	Time 0.008 (0.007)	Loss 1.8405 (1.7650)	Prec @1 0.3594 (0.3650)	
Epoch: [3][240/391]	Time 0.008 (0.007)	Loss 1.8838 (1.7647)	Prec @1 0.3203 (0.3648)	
Epoch: [3][250/391]	Time 0.008 (0.007)	Loss 1.7561 (1.7639)	Prec @1 0.3359 (0.3648)	
Epoch: [3][260/391]	Time 0.006 (0.007)	Loss 1.8924 (1.7624)	Prec @1 0.3828 (0.3658)	
Epoch: [3][270/391]	Time 0.010 (0.007)	Loss 1.9037 (1.7615)	Prec @1 0.3594 (0.3667)	
Epoch: [3][280/391]	Time 0.007 (0.007)	Loss 1.6820 (1.7616)	Prec @1 0.3828 (0.3665)	
Epoch: [3][290/391]	Time 0.007 (0.007)	Loss 1.8791 (1.7615)	Prec @1 0.3047 (0.3662)	
Epoch: [3][300/391]	Time 0.005 (0.007)	Loss 1.7812 (1.7611)	Prec @1 0.3438 (0.3660)	
Epoch: [3][310/391]	Time 0.009 (0.007)	Loss 1.6861 (1.7618)	Prec @1 0.3438 (0.3655)	
Epoch: [3][320/391]	Time 0.008 (0.007)	Loss 1.6850 (1.7633)	Prec @1 0.4375 (0.3654)	
Epoch: [3][330/391]	Time 0.006 (0.007)	Loss 1.6174 (1.7613)	Prec @1 0.4297 (0.3661)	
Epoch: [3][340/391]	Time 0.007 (0.007)	Loss 1.6672 (1.7615)	Prec @1 0.4141 (0.3660)	
Epoch: [3][350/391]	Time 0.007 (0.007)	Loss 1.8032 (1.7616)	Prec @1 0.3594 (0.3663)	
Epoch: [3][360/391]	Time 0.008 (0.007)	Loss 1.7546 (1.7630)	Prec @1 0.3594 (0.3661)	
Epoch: [3][370/391]	Time 0.007 (0.007)	Loss 1.6444 (1.7626)	Prec @1 0.4219 (0.3669)	
Epoch: [3][380/391]	Time 0.012 (0.007)	Loss 1.8331 (1.7620)	Prec @1 0.3906 (0.3671)	
Epoch: [3][390/391]	Time 0.006 (0.007)	Loss 1.7547 (1.7607)	Prec @1 0.3875 (0.3681)	
Epoch: [3][0/100]	Time 0.009 (0.009)	
Epoch: [3][10/100]	Time 0.006 (0.007)	
Epoch: [3][20/100]	Time 0.007 (0.007)	
Epoch: [3][30/100]	Time 0.005 (0.006)	
Epoch: [3][40/100]	Time 0.008 (0.006)	
Epoch: [3][50/100]	Time 0.006 (0.006)	
Epoch: [3][60/100]	Time 0.006 (0.006)	
Epoch: [3][70/100]	Time 0.006 (0.006)	
Epoch: [3][80/100]	Time 0.008 (0.006)	
Epoch: [3][90/100]	Time 0.006 (0.006)	
Accuracy of Class 0: 0.0570
Accuracy of Class 1: 0.6780
Accuracy of Class 2: 0.1400
Accuracy of Class 3: 0.2610
Accuracy of Class 4: 0.1330
Accuracy of Class 5: 0.2340
Accuracy of Class 6: 0.4330
Accuracy of Class 7: 0.4150
Accuracy of Class 8: 0.4420
Accuracy of Class 9: 0.1370
* Prec @1: 0.2930
Epoch: [4][0/391]	Time 0.007 (0.007)	Loss 1.7619 (1.7619)	Prec @1 0.3516 (0.3516)	
Epoch: [4][10/391]	Time 0.007 (0.006)	Loss 1.8109 (1.7793)	Prec @1 0.2969 (0.3530)	
Epoch: [4][20/391]	Time 0.007 (0.007)	Loss 1.8243 (1.7643)	Prec @1 0.2969 (0.3609)	
Epoch: [4][30/391]	Time 0.012 (0.007)	Loss 1.9169 (1.7487)	Prec @1 0.3125 (0.3621)	
Epoch: [4][40/391]	Time 0.010 (0.007)	Loss 1.7543 (1.7505)	Prec @1 0.4141 (0.3651)	
Epoch: [4][50/391]	Time 0.006 (0.007)	Loss 1.5780 (1.7497)	Prec @1 0.4062 (0.3663)	
Epoch: [4][60/391]	Time 0.009 (0.007)	Loss 1.8116 (1.7518)	Prec @1 0.3750 (0.3669)	
Epoch: [4][70/391]	Time 0.010 (0.007)	Loss 1.7219 (1.7496)	Prec @1 0.4219 (0.3681)	
Epoch: [4][80/391]	Time 0.008 (0.007)	Loss 1.8410 (1.7559)	Prec @1 0.3203 (0.3657)	
Epoch: [4][90/391]	Time 0.005 (0.007)	Loss 1.6583 (1.7495)	Prec @1 0.4375 (0.3696)	
Epoch: [4][100/391]	Time 0.012 (0.007)	Loss 1.8853 (1.7523)	Prec @1 0.3203 (0.3687)	
Epoch: [4][110/391]	Time 0.006 (0.007)	Loss 1.7241 (1.7562)	Prec @1 0.3828 (0.3685)	
Epoch: [4][120/391]	Time 0.010 (0.008)	Loss 1.6815 (1.7566)	Prec @1 0.4453 (0.3690)	
Epoch: [4][130/391]	Time 0.008 (0.008)	Loss 1.8670 (1.7577)	Prec @1 0.3594 (0.3681)	
Epoch: [4][140/391]	Time 0.008 (0.008)	Loss 1.6132 (1.7539)	Prec @1 0.3516 (0.3693)	
Epoch: [4][150/391]	Time 0.009 (0.008)	Loss 1.6623 (1.7537)	Prec @1 0.4375 (0.3691)	
Epoch: [4][160/391]	Time 0.010 (0.008)	Loss 1.6870 (1.7526)	Prec @1 0.3828 (0.3682)	
Epoch: [4][170/391]	Time 0.008 (0.008)	Loss 1.9524 (1.7573)	Prec @1 0.3594 (0.3665)	
Epoch: [4][180/391]	Time 0.008 (0.008)	Loss 1.6334 (1.7562)	Prec @1 0.3906 (0.3677)	
Epoch: [4][190/391]	Time 0.007 (0.008)	Loss 1.6634 (1.7549)	Prec @1 0.3750 (0.3676)	
Epoch: [4][200/391]	Time 0.011 (0.008)	Loss 1.5896 (1.7505)	Prec @1 0.5078 (0.3694)	
Epoch: [4][210/391]	Time 0.007 (0.008)	Loss 1.6953 (1.7492)	Prec @1 0.3594 (0.3696)	
Epoch: [4][220/391]	Time 0.007 (0.008)	Loss 1.6365 (1.7461)	Prec @1 0.4141 (0.3703)	
Epoch: [4][230/391]	Time 0.012 (0.008)	Loss 1.8503 (1.7463)	Prec @1 0.3594 (0.3705)	
Epoch: [4][240/391]	Time 0.009 (0.008)	Loss 1.7847 (1.7499)	Prec @1 0.3047 (0.3690)	
Epoch: [4][250/391]	Time 0.013 (0.008)	Loss 1.6663 (1.7497)	Prec @1 0.4062 (0.3692)	
Epoch: [4][260/391]	Time 0.009 (0.008)	Loss 1.7853 (1.7499)	Prec @1 0.3516 (0.3692)	
Epoch: [4][270/391]	Time 0.006 (0.008)	Loss 1.6332 (1.7498)	Prec @1 0.4453 (0.3695)	
Epoch: [4][280/391]	Time 0.017 (0.008)	Loss 1.6020 (1.7494)	Prec @1 0.4297 (0.3699)	
Epoch: [4][290/391]	Time 0.007 (0.008)	Loss 1.8734 (1.7500)	Prec @1 0.2344 (0.3694)	
Epoch: [4][300/391]	Time 0.012 (0.008)	Loss 1.9374 (1.7510)	Prec @1 0.2656 (0.3690)	
Epoch: [4][310/391]	Time 0.010 (0.009)	Loss 1.6730 (1.7506)	Prec @1 0.4141 (0.3688)	
Epoch: [4][320/391]	Time 0.012 (0.009)	Loss 1.9489 (1.7516)	Prec @1 0.3125 (0.3684)	
Epoch: [4][330/391]	Time 0.009 (0.009)	Loss 1.7087 (1.7505)	Prec @1 0.4219 (0.3687)	
Epoch: [4][340/391]	Time 0.009 (0.009)	Loss 1.7275 (1.7507)	Prec @1 0.3359 (0.3687)	
Epoch: [4][350/391]	Time 0.014 (0.009)	Loss 1.8422 (1.7500)	Prec @1 0.3281 (0.3688)	
Epoch: [4][360/391]	Time 0.010 (0.009)	Loss 1.7342 (1.7491)	Prec @1 0.4219 (0.3692)	
Epoch: [4][370/391]	Time 0.012 (0.009)	Loss 1.8035 (1.7497)	Prec @1 0.3906 (0.3691)	
Epoch: [4][380/391]	Time 0.012 (0.009)	Loss 1.8409 (1.7494)	Prec @1 0.3672 (0.3691)	
Epoch: [4][390/391]	Time 0.011 (0.009)	Loss 1.7200 (1.7490)	Prec @1 0.3625 (0.3693)	
Epoch: [4][0/100]	Time 0.009 (0.009)	
Epoch: [4][10/100]	Time 0.009 (0.010)	
Epoch: [4][20/100]	Time 0.007 (0.008)	
Epoch: [4][30/100]	Time 0.006 (0.008)	
Epoch: [4][40/100]	Time 0.011 (0.008)	
Epoch: [4][50/100]	Time 0.009 (0.008)	
Epoch: [4][60/100]	Time 0.008 (0.008)	
Epoch: [4][70/100]	Time 0.008 (0.008)	
Epoch: [4][80/100]	Time 0.009 (0.008)	
Epoch: [4][90/100]	Time 0.006 (0.008)	
Accuracy of Class 0: 0.1560
Accuracy of Class 1: 0.4430
Accuracy of Class 2: 0.3050
Accuracy of Class 3: 0.2610
Accuracy of Class 4: 0.3290
Accuracy of Class 5: 0.1330
Accuracy of Class 6: 0.1880
Accuracy of Class 7: 0.2500
Accuracy of Class 8: 0.4270
Accuracy of Class 9: 0.5370
* Prec @1: 0.3029
Epoch: [5][0/391]	Time 0.009 (0.009)	Loss 1.8706 (1.8706)	Prec @1 0.3281 (0.3281)	
Epoch: [5][10/391]	Time 0.007 (0.008)	Loss 1.7843 (1.7739)	Prec @1 0.3672 (0.3558)	
Epoch: [5][20/391]	Time 0.015 (0.009)	Loss 1.7093 (1.7633)	Prec @1 0.3594 (0.3605)	
Epoch: [5][30/391]	Time 0.009 (0.011)	Loss 1.8988 (1.7654)	Prec @1 0.2969 (0.3657)	
Epoch: [5][40/391]	Time 0.014 (0.011)	Loss 1.5596 (1.7546)	Prec @1 0.4688 (0.3689)	
Epoch: [5][50/391]	Time 0.011 (0.011)	Loss 1.7200 (1.7346)	Prec @1 0.3281 (0.3727)	
Epoch: [5][60/391]	Time 0.009 (0.010)	Loss 1.8118 (1.7354)	Prec @1 0.3359 (0.3747)	
Epoch: [5][70/391]	Time 0.010 (0.010)	Loss 1.7171 (1.7358)	Prec @1 0.3750 (0.3728)	
Epoch: [5][80/391]	Time 0.009 (0.011)	Loss 1.8693 (1.7403)	Prec @1 0.2734 (0.3704)	
Epoch: [5][90/391]	Time 0.011 (0.011)	Loss 1.6875 (1.7413)	Prec @1 0.3750 (0.3719)	
Epoch: [5][100/391]	Time 0.012 (0.011)	Loss 1.6756 (1.7421)	Prec @1 0.3750 (0.3709)	
Epoch: [5][110/391]	Time 0.010 (0.011)	Loss 1.7884 (1.7405)	Prec @1 0.3672 (0.3719)	
Epoch: [5][120/391]	Time 0.005 (0.011)	Loss 1.7020 (1.7404)	Prec @1 0.3672 (0.3712)	
Epoch: [5][130/391]	Time 0.014 (0.011)	Loss 1.8638 (1.7427)	Prec @1 0.2969 (0.3699)	
Epoch: [5][140/391]	Time 0.015 (0.011)	Loss 1.8840 (1.7473)	Prec @1 0.3047 (0.3700)	
Epoch: [5][150/391]	Time 0.006 (0.011)	Loss 1.6174 (1.7461)	Prec @1 0.4531 (0.3708)	
Epoch: [5][160/391]	Time 0.012 (0.011)	Loss 1.5684 (1.7481)	Prec @1 0.4141 (0.3703)	
Epoch: [5][170/391]	Time 0.010 (0.011)	Loss 1.8948 (1.7488)	Prec @1 0.3438 (0.3705)	
Epoch: [5][180/391]	Time 0.010 (0.011)	Loss 1.7649 (1.7499)	Prec @1 0.3828 (0.3698)	
Epoch: [5][190/391]	Time 0.011 (0.011)	Loss 1.6484 (1.7487)	Prec @1 0.4141 (0.3706)	
Epoch: [5][200/391]	Time 0.010 (0.011)	Loss 1.7974 (1.7441)	Prec @1 0.3281 (0.3716)	
Epoch: [5][210/391]	Time 0.010 (0.011)	Loss 1.7987 (1.7437)	Prec @1 0.4375 (0.3727)	
Epoch: [5][220/391]	Time 0.013 (0.011)	Loss 1.6212 (1.7439)	Prec @1 0.3516 (0.3716)	
Epoch: [5][230/391]	Time 0.011 (0.011)	Loss 1.7320 (1.7441)	Prec @1 0.3125 (0.3716)	
Epoch: [5][240/391]	Time 0.011 (0.011)	Loss 1.7764 (1.7457)	Prec @1 0.3516 (0.3702)	
Epoch: [5][250/391]	Time 0.008 (0.011)	Loss 1.6111 (1.7442)	Prec @1 0.4141 (0.3716)	
Epoch: [5][260/391]	Time 0.009 (0.011)	Loss 1.7985 (1.7438)	Prec @1 0.3438 (0.3715)	
Epoch: [5][270/391]	Time 0.009 (0.011)	Loss 1.7909 (1.7435)	Prec @1 0.3359 (0.3714)	
Epoch: [5][280/391]	Time 0.014 (0.011)	Loss 1.7316 (1.7432)	Prec @1 0.4062 (0.3715)	
Epoch: [5][290/391]	Time 0.008 (0.011)	Loss 1.7495 (1.7448)	Prec @1 0.3594 (0.3711)	
Epoch: [5][300/391]	Time 0.011 (0.011)	Loss 1.8001 (1.7464)	Prec @1 0.3203 (0.3704)	
Epoch: [5][310/391]	Time 0.009 (0.011)	Loss 1.7642 (1.7452)	Prec @1 0.3750 (0.3709)	
Epoch: [5][320/391]	Time 0.008 (0.011)	Loss 1.7291 (1.7459)	Prec @1 0.3906 (0.3713)	
Epoch: [5][330/391]	Time 0.008 (0.010)	Loss 1.8177 (1.7450)	Prec @1 0.2969 (0.3711)	
Epoch: [5][340/391]	Time 0.012 (0.010)	Loss 1.7547 (1.7458)	Prec @1 0.3594 (0.3708)	
Epoch: [5][350/391]	Time 0.009 (0.010)	Loss 1.6660 (1.7458)	Prec @1 0.3906 (0.3704)	
Epoch: [5][360/391]	Time 0.012 (0.010)	Loss 1.5943 (1.7458)	Prec @1 0.3359 (0.3700)	
Epoch: [5][370/391]	Time 0.006 (0.010)	Loss 1.5818 (1.7447)	Prec @1 0.4219 (0.3706)	
Epoch: [5][380/391]	Time 0.009 (0.010)	Loss 1.9226 (1.7444)	Prec @1 0.2656 (0.3707)	
Epoch: [5][390/391]	Time 0.013 (0.010)	Loss 1.7169 (1.7450)	Prec @1 0.4375 (0.3703)	
Epoch: [5][0/100]	Time 0.010 (0.010)	
Epoch: [5][10/100]	Time 0.008 (0.010)	
Epoch: [5][20/100]	Time 0.008 (0.009)	
Epoch: [5][30/100]	Time 0.009 (0.009)	
Epoch: [5][40/100]	Time 0.006 (0.009)	
Epoch: [5][50/100]	Time 0.006 (0.008)	
Epoch: [5][60/100]	Time 0.008 (0.008)	
Epoch: [5][70/100]	Time 0.010 (0.008)	
Epoch: [5][80/100]	Time 0.006 (0.008)	
Epoch: [5][90/100]	Time 0.006 (0.008)	
Accuracy of Class 0: 0.2230
Accuracy of Class 1: 0.4740
Accuracy of Class 2: 0.0780
Accuracy of Class 3: 0.0870
Accuracy of Class 4: 0.2130
Accuracy of Class 5: 0.3410
Accuracy of Class 6: 0.3550
Accuracy of Class 7: 0.4390
Accuracy of Class 8: 0.4000
Accuracy of Class 9: 0.3150
* Prec @1: 0.2925
Epoch: [6][0/391]	Time 0.017 (0.017)	Loss 1.6812 (1.6812)	Prec @1 0.4219 (0.4219)	
Epoch: [6][10/391]	Time 0.007 (0.014)	Loss 1.7029 (1.7242)	Prec @1 0.3984 (0.3963)	
Epoch: [6][20/391]	Time 0.006 (0.012)	Loss 1.6536 (1.7163)	Prec @1 0.3906 (0.3914)	
Epoch: [6][30/391]	Time 0.009 (0.011)	Loss 1.6696 (1.6884)	Prec @1 0.4219 (0.4030)	
Epoch: [6][40/391]	Time 0.008 (0.011)	Loss 1.7524 (1.6855)	Prec @1 0.3672 (0.4019)	
Epoch: [6][50/391]	Time 0.011 (0.010)	Loss 1.6223 (1.6823)	Prec @1 0.3906 (0.4017)	
Epoch: [6][60/391]	Time 0.013 (0.010)	Loss 1.7176 (1.6868)	Prec @1 0.3906 (0.4005)	
Epoch: [6][70/391]	Time 0.010 (0.011)	Loss 1.6577 (1.6838)	Prec @1 0.4062 (0.4023)	
Epoch: [6][80/391]	Time 0.010 (0.011)	Loss 1.6843 (1.6809)	Prec @1 0.3594 (0.4037)	
Epoch: [6][90/391]	Time 0.015 (0.011)	Loss 1.6403 (1.6828)	Prec @1 0.3750 (0.4039)	
Epoch: [6][100/391]	Time 0.011 (0.011)	Loss 1.5763 (1.6783)	Prec @1 0.4062 (0.4051)	
Epoch: [6][110/391]	Time 0.011 (0.012)	Loss 1.8000 (1.6758)	Prec @1 0.3750 (0.4058)	
Epoch: [6][120/391]	Time 0.016 (0.012)	Loss 1.6770 (1.6746)	Prec @1 0.3281 (0.4064)	
Epoch: [6][130/391]	Time 0.013 (0.012)	Loss 1.5916 (1.6725)	Prec @1 0.4609 (0.4069)	
Epoch: [6][140/391]	Time 0.018 (0.012)	Loss 1.4607 (1.6688)	Prec @1 0.4766 (0.4082)	
Epoch: [6][150/391]	Time 0.013 (0.012)	Loss 1.5677 (1.6677)	Prec @1 0.5000 (0.4094)	
Epoch: [6][160/391]	Time 0.015 (0.012)	Loss 1.5664 (1.6662)	Prec @1 0.3672 (0.4099)	
Epoch: [6][170/391]	Time 0.009 (0.012)	Loss 1.5328 (1.6659)	Prec @1 0.4688 (0.4098)	
Epoch: [6][180/391]	Time 0.022 (0.012)	Loss 1.7793 (1.6647)	Prec @1 0.3594 (0.4097)	
Epoch: [6][190/391]	Time 0.015 (0.012)	Loss 1.5917 (1.6657)	Prec @1 0.3750 (0.4087)	
Epoch: [6][200/391]	Time 0.016 (0.012)	Loss 1.5929 (1.6631)	Prec @1 0.4297 (0.4103)	
Epoch: [6][210/391]	Time 0.017 (0.012)	Loss 1.6954 (1.6622)	Prec @1 0.4297 (0.4105)	
Epoch: [6][220/391]	Time 0.011 (0.012)	Loss 1.7241 (1.6606)	Prec @1 0.3672 (0.4106)	
Epoch: [6][230/391]	Time 0.014 (0.012)	Loss 1.5572 (1.6577)	Prec @1 0.4141 (0.4111)	
Epoch: [6][240/391]	Time 0.015 (0.012)	Loss 1.6050 (1.6579)	Prec @1 0.4609 (0.4116)	
Epoch: [6][250/391]	Time 0.008 (0.012)	Loss 1.5750 (1.6573)	Prec @1 0.4219 (0.4113)	
Epoch: [6][260/391]	Time 0.014 (0.012)	Loss 1.6178 (1.6548)	Prec @1 0.4375 (0.4115)	
Epoch: [6][270/391]	Time 0.012 (0.012)	Loss 1.6635 (1.6551)	Prec @1 0.3594 (0.4107)	
Epoch: [6][280/391]	Time 0.014 (0.012)	Loss 1.6168 (1.6542)	Prec @1 0.3828 (0.4112)	
Epoch: [6][290/391]	Time 0.011 (0.012)	Loss 1.5876 (1.6541)	Prec @1 0.4141 (0.4110)	
Epoch: [6][300/391]	Time 0.007 (0.012)	Loss 1.6222 (1.6531)	Prec @1 0.3828 (0.4113)	
Epoch: [6][310/391]	Time 0.015 (0.012)	Loss 1.7722 (1.6535)	Prec @1 0.3516 (0.4110)	
Epoch: [6][320/391]	Time 0.009 (0.012)	Loss 1.7648 (1.6540)	Prec @1 0.3516 (0.4107)	
Epoch: [6][330/391]	Time 0.016 (0.012)	Loss 1.6697 (1.6542)	Prec @1 0.3984 (0.4110)	
Epoch: [6][340/391]	Time 0.006 (0.012)	Loss 1.5888 (1.6527)	Prec @1 0.4219 (0.4109)	
Epoch: [6][350/391]	Time 0.014 (0.012)	Loss 1.6509 (1.6525)	Prec @1 0.4453 (0.4116)	
Epoch: [6][360/391]	Time 0.013 (0.012)	Loss 1.6556 (1.6519)	Prec @1 0.4141 (0.4114)	
Epoch: [6][370/391]	Time 0.011 (0.012)	Loss 1.6993 (1.6509)	Prec @1 0.3828 (0.4116)	
Epoch: [6][380/391]	Time 0.011 (0.012)	Loss 1.4910 (1.6499)	Prec @1 0.4688 (0.4116)	
Epoch: [6][390/391]	Time 0.013 (0.012)	Loss 1.7016 (1.6489)	Prec @1 0.3750 (0.4120)	
Epoch: [6][0/100]	Time 0.008 (0.008)	
Epoch: [6][10/100]	Time 0.007 (0.007)	
Epoch: [6][20/100]	Time 0.006 (0.006)	
Epoch: [6][30/100]	Time 0.008 (0.006)	
Epoch: [6][40/100]	Time 0.006 (0.006)	
Epoch: [6][50/100]	Time 0.007 (0.006)	
Epoch: [6][60/100]	Time 0.006 (0.006)	
Epoch: [6][70/100]	Time 0.006 (0.006)	
Epoch: [6][80/100]	Time 0.006 (0.006)	
Epoch: [6][90/100]	Time 0.007 (0.006)	
Accuracy of Class 0: 0.2440
Accuracy of Class 1: 0.4160
Accuracy of Class 2: 0.1220
Accuracy of Class 3: 0.3070
Accuracy of Class 4: 0.1500
Accuracy of Class 5: 0.1910
Accuracy of Class 6: 0.4030
Accuracy of Class 7: 0.5060
Accuracy of Class 8: 0.4870
Accuracy of Class 9: 0.3890
* Prec @1: 0.3215
Epoch: [7][0/391]	Time 0.006 (0.006)	Loss 1.8344 (1.8344)	Prec @1 0.2734 (0.2734)	
Epoch: [7][10/391]	Time 0.008 (0.007)	Loss 1.5974 (1.6145)	Prec @1 0.3984 (0.4254)	
Epoch: [7][20/391]	Time 0.008 (0.007)	Loss 1.5327 (1.6188)	Prec @1 0.4219 (0.4193)	
Epoch: [7][30/391]	Time 0.007 (0.007)	Loss 1.6108 (1.6369)	Prec @1 0.4375 (0.4093)	
Epoch: [7][40/391]	Time 0.006 (0.007)	Loss 1.6834 (1.6413)	Prec @1 0.3828 (0.4080)	
Epoch: [7][50/391]	Time 0.007 (0.007)	Loss 1.5977 (1.6308)	Prec @1 0.4609 (0.4145)	
Epoch: [7][60/391]	Time 0.006 (0.007)	Loss 1.5735 (1.6357)	Prec @1 0.4453 (0.4151)	
Epoch: [7][70/391]	Time 0.007 (0.007)	Loss 1.5155 (1.6338)	Prec @1 0.5000 (0.4168)	
Epoch: [7][80/391]	Time 0.007 (0.007)	Loss 1.6315 (1.6331)	Prec @1 0.4375 (0.4167)	
Epoch: [7][90/391]	Time 0.009 (0.007)	Loss 1.7182 (1.6340)	Prec @1 0.3750 (0.4158)	
Epoch: [7][100/391]	Time 0.009 (0.008)	Loss 1.6670 (1.6383)	Prec @1 0.4219 (0.4133)	
Epoch: [7][110/391]	Time 0.009 (0.008)	Loss 1.6549 (1.6345)	Prec @1 0.3906 (0.4136)	
Epoch: [7][120/391]	Time 0.005 (0.008)	Loss 1.6378 (1.6313)	Prec @1 0.4531 (0.4154)	
Epoch: [7][130/391]	Time 0.015 (0.008)	Loss 1.6717 (1.6306)	Prec @1 0.4141 (0.4173)	
Epoch: [7][140/391]	Time 0.006 (0.008)	Loss 1.6047 (1.6290)	Prec @1 0.3828 (0.4177)	
Epoch: [7][150/391]	Time 0.012 (0.008)	Loss 1.5139 (1.6283)	Prec @1 0.4609 (0.4185)	
Epoch: [7][160/391]	Time 0.014 (0.008)	Loss 1.5202 (1.6269)	Prec @1 0.5000 (0.4191)	
Epoch: [7][170/391]	Time 0.011 (0.008)	Loss 1.6310 (1.6282)	Prec @1 0.4688 (0.4183)	
Epoch: [7][180/391]	Time 0.008 (0.008)	Loss 1.6813 (1.6292)	Prec @1 0.4141 (0.4181)	
Epoch: [7][190/391]	Time 0.011 (0.008)	Loss 1.6834 (1.6295)	Prec @1 0.3594 (0.4184)	
Epoch: [7][200/391]	Time 0.011 (0.008)	Loss 1.6135 (1.6275)	Prec @1 0.4375 (0.4192)	
Epoch: [7][210/391]	Time 0.007 (0.008)	Loss 1.6525 (1.6273)	Prec @1 0.4375 (0.4197)	
Epoch: [7][220/391]	Time 0.005 (0.008)	Loss 1.6566 (1.6274)	Prec @1 0.3828 (0.4193)	
Epoch: [7][230/391]	Time 0.012 (0.008)	Loss 1.6502 (1.6260)	Prec @1 0.4062 (0.4193)	
Epoch: [7][240/391]	Time 0.008 (0.008)	Loss 1.5527 (1.6240)	Prec @1 0.4453 (0.4201)	
Epoch: [7][250/391]	Time 0.008 (0.008)	Loss 1.4489 (1.6232)	Prec @1 0.5078 (0.4201)	
Epoch: [7][260/391]	Time 0.006 (0.008)	Loss 1.5904 (1.6231)	Prec @1 0.4531 (0.4205)	
Epoch: [7][270/391]	Time 0.007 (0.008)	Loss 1.6172 (1.6230)	Prec @1 0.3594 (0.4197)	
Epoch: [7][280/391]	Time 0.010 (0.008)	Loss 1.4842 (1.6216)	Prec @1 0.4609 (0.4193)	
Epoch: [7][290/391]	Time 0.005 (0.008)	Loss 1.5700 (1.6203)	Prec @1 0.4453 (0.4203)	
Epoch: [7][300/391]	Time 0.012 (0.008)	Loss 1.6564 (1.6199)	Prec @1 0.4062 (0.4202)	
Epoch: [7][310/391]	Time 0.006 (0.008)	Loss 1.4786 (1.6175)	Prec @1 0.4609 (0.4209)	
Epoch: [7][320/391]	Time 0.005 (0.008)	Loss 1.4428 (1.6169)	Prec @1 0.4844 (0.4214)	
Epoch: [7][330/391]	Time 0.006 (0.008)	Loss 1.5624 (1.6156)	Prec @1 0.4688 (0.4220)	
Epoch: [7][340/391]	Time 0.006 (0.008)	Loss 1.7683 (1.6138)	Prec @1 0.3828 (0.4228)	
Epoch: [7][350/391]	Time 0.012 (0.008)	Loss 1.4389 (1.6128)	Prec @1 0.5391 (0.4234)	
Epoch: [7][360/391]	Time 0.007 (0.008)	Loss 1.3672 (1.6113)	Prec @1 0.4844 (0.4237)	
Epoch: [7][370/391]	Time 0.007 (0.008)	Loss 1.4898 (1.6106)	Prec @1 0.4297 (0.4239)	
Epoch: [7][380/391]	Time 0.008 (0.008)	Loss 1.6931 (1.6112)	Prec @1 0.4297 (0.4239)	
Epoch: [7][390/391]	Time 0.008 (0.008)	Loss 1.3528 (1.6102)	Prec @1 0.5250 (0.4244)	
Epoch: [7][0/100]	Time 0.010 (0.010)	
Epoch: [7][10/100]	Time 0.006 (0.007)	
Epoch: [7][20/100]	Time 0.007 (0.007)	
Epoch: [7][30/100]	Time 0.005 (0.006)	
Epoch: [7][40/100]	Time 0.009 (0.006)	
Epoch: [7][50/100]	Time 0.008 (0.006)	
Epoch: [7][60/100]	Time 0.008 (0.006)	
Epoch: [7][70/100]	Time 0.004 (0.006)	
Epoch: [7][80/100]	Time 0.011 (0.006)	
Epoch: [7][90/100]	Time 0.008 (0.007)	
Accuracy of Class 0: 0.2370
Accuracy of Class 1: 0.4740
Accuracy of Class 2: 0.1070
Accuracy of Class 3: 0.1040
Accuracy of Class 4: 0.1940
Accuracy of Class 5: 0.3450
Accuracy of Class 6: 0.3980
Accuracy of Class 7: 0.4590
Accuracy of Class 8: 0.4730
Accuracy of Class 9: 0.4600
* Prec @1: 0.3251
Epoch: [8][0/391]	Time 0.011 (0.011)	Loss 1.4988 (1.4988)	Prec @1 0.4141 (0.4141)	
Epoch: [8][10/391]	Time 0.008 (0.009)	Loss 1.4504 (1.5647)	Prec @1 0.5781 (0.4389)	
Epoch: [8][20/391]	Time 0.009 (0.008)	Loss 1.6652 (1.6053)	Prec @1 0.3984 (0.4230)	
Epoch: [8][30/391]	Time 0.013 (0.008)	Loss 1.7365 (1.6043)	Prec @1 0.3594 (0.4224)	
Epoch: [8][40/391]	Time 0.010 (0.008)	Loss 1.4657 (1.5980)	Prec @1 0.4922 (0.4245)	
Epoch: [8][50/391]	Time 0.005 (0.008)	Loss 1.5763 (1.5981)	Prec @1 0.4219 (0.4248)	
Epoch: [8][60/391]	Time 0.007 (0.008)	Loss 1.5332 (1.5967)	Prec @1 0.4531 (0.4270)	
Epoch: [8][70/391]	Time 0.012 (0.008)	Loss 1.7265 (1.6009)	Prec @1 0.3984 (0.4283)	
Epoch: [8][80/391]	Time 0.014 (0.009)	Loss 1.5387 (1.5999)	Prec @1 0.4844 (0.4285)	
Epoch: [8][90/391]	Time 0.007 (0.009)	Loss 1.5961 (1.6018)	Prec @1 0.4531 (0.4281)	
Epoch: [8][100/391]	Time 0.009 (0.009)	Loss 1.6583 (1.6011)	Prec @1 0.4609 (0.4287)	
Epoch: [8][110/391]	Time 0.008 (0.009)	Loss 1.5292 (1.6002)	Prec @1 0.4219 (0.4292)	
Epoch: [8][120/391]	Time 0.006 (0.008)	Loss 1.4642 (1.5956)	Prec @1 0.5000 (0.4305)	
Epoch: [8][130/391]	Time 0.006 (0.008)	Loss 1.7445 (1.5987)	Prec @1 0.3516 (0.4270)	
Epoch: [8][140/391]	Time 0.010 (0.008)	Loss 1.5328 (1.5947)	Prec @1 0.4688 (0.4280)	
Epoch: [8][150/391]	Time 0.008 (0.008)	Loss 1.6164 (1.5937)	Prec @1 0.4141 (0.4291)	
Epoch: [8][160/391]	Time 0.008 (0.008)	Loss 1.6222 (1.5928)	Prec @1 0.4375 (0.4298)	
Epoch: [8][170/391]	Time 0.006 (0.008)	Loss 1.5195 (1.5910)	Prec @1 0.4844 (0.4301)	
Epoch: [8][180/391]	Time 0.008 (0.008)	Loss 1.7645 (1.5930)	Prec @1 0.4141 (0.4300)	
Epoch: [8][190/391]	Time 0.007 (0.008)	Loss 1.5184 (1.5919)	Prec @1 0.4219 (0.4303)	
Epoch: [8][200/391]	Time 0.007 (0.008)	Loss 1.5411 (1.5923)	Prec @1 0.4297 (0.4306)	
Epoch: [8][210/391]	Time 0.010 (0.008)	Loss 1.6857 (1.5912)	Prec @1 0.4141 (0.4311)	
Epoch: [8][220/391]	Time 0.010 (0.008)	Loss 1.5860 (1.5894)	Prec @1 0.3906 (0.4312)	
Epoch: [8][230/391]	Time 0.009 (0.008)	Loss 1.4815 (1.5895)	Prec @1 0.4844 (0.4313)	
Epoch: [8][240/391]	Time 0.008 (0.008)	Loss 1.5076 (1.5894)	Prec @1 0.4297 (0.4310)	
Epoch: [8][250/391]	Time 0.009 (0.008)	Loss 1.8343 (1.5879)	Prec @1 0.3047 (0.4315)	
Epoch: [8][260/391]	Time 0.007 (0.008)	Loss 1.5749 (1.5883)	Prec @1 0.3984 (0.4307)	
Epoch: [8][270/391]	Time 0.011 (0.008)	Loss 1.7042 (1.5882)	Prec @1 0.3594 (0.4309)	
Epoch: [8][280/391]	Time 0.009 (0.008)	Loss 1.5747 (1.5893)	Prec @1 0.3984 (0.4309)	
Epoch: [8][290/391]	Time 0.008 (0.008)	Loss 1.6495 (1.5901)	Prec @1 0.3594 (0.4299)	
Epoch: [8][300/391]	Time 0.010 (0.008)	Loss 1.4929 (1.5895)	Prec @1 0.4297 (0.4304)	
Epoch: [8][310/391]	Time 0.007 (0.008)	Loss 1.4868 (1.5888)	Prec @1 0.5000 (0.4307)	
Epoch: [8][320/391]	Time 0.009 (0.008)	Loss 1.5581 (1.5896)	Prec @1 0.4297 (0.4304)	
Epoch: [8][330/391]	Time 0.006 (0.008)	Loss 1.4552 (1.5888)	Prec @1 0.4922 (0.4305)	
Epoch: [8][340/391]	Time 0.009 (0.008)	Loss 1.7369 (1.5892)	Prec @1 0.3750 (0.4306)	
Epoch: [8][350/391]	Time 0.007 (0.008)	Loss 1.6001 (1.5882)	Prec @1 0.4453 (0.4311)	
Epoch: [8][360/391]	Time 0.007 (0.008)	Loss 1.7525 (1.5884)	Prec @1 0.3516 (0.4303)	
Epoch: [8][370/391]	Time 0.011 (0.008)	Loss 1.3777 (1.5871)	Prec @1 0.5000 (0.4305)	
Epoch: [8][380/391]	Time 0.010 (0.008)	Loss 1.6850 (1.5882)	Prec @1 0.3906 (0.4299)	
Epoch: [8][390/391]	Time 0.010 (0.008)	Loss 1.4813 (1.5881)	Prec @1 0.5000 (0.4297)	
Epoch: [8][0/100]	Time 0.011 (0.011)	
Epoch: [8][10/100]	Time 0.006 (0.007)	
Epoch: [8][20/100]	Time 0.006 (0.006)	
Epoch: [8][30/100]	Time 0.005 (0.006)	
Epoch: [8][40/100]	Time 0.006 (0.006)	
Epoch: [8][50/100]	Time 0.006 (0.006)	
Epoch: [8][60/100]	Time 0.006 (0.006)	
Epoch: [8][70/100]	Time 0.007 (0.006)	
Epoch: [8][80/100]	Time 0.006 (0.006)	
Epoch: [8][90/100]	Time 0.006 (0.006)	
Accuracy of Class 0: 0.2470
Accuracy of Class 1: 0.4200
Accuracy of Class 2: 0.1300
Accuracy of Class 3: 0.1990
Accuracy of Class 4: 0.1560
Accuracy of Class 5: 0.2580
Accuracy of Class 6: 0.3750
Accuracy of Class 7: 0.5230
Accuracy of Class 8: 0.4930
Accuracy of Class 9: 0.4560
* Prec @1: 0.3257
Epoch: [9][0/391]	Time 0.006 (0.006)	Loss 1.5774 (1.5774)	Prec @1 0.4375 (0.4375)	
Epoch: [9][10/391]	Time 0.006 (0.007)	Loss 1.6669 (1.5990)	Prec @1 0.4453 (0.4375)	
Epoch: [9][20/391]	Time 0.010 (0.008)	Loss 1.4630 (1.5785)	Prec @1 0.5156 (0.4483)	
Epoch: [9][30/391]	Time 0.007 (0.008)	Loss 1.7094 (1.5902)	Prec @1 0.3984 (0.4395)	
Epoch: [9][40/391]	Time 0.012 (0.008)	Loss 1.5596 (1.5881)	Prec @1 0.4453 (0.4400)	
Epoch: [9][50/391]	Time 0.015 (0.008)	Loss 1.5971 (1.5914)	Prec @1 0.4766 (0.4412)	
Epoch: [9][60/391]	Time 0.008 (0.008)	Loss 1.6998 (1.5837)	Prec @1 0.3203 (0.4421)	
Epoch: [9][70/391]	Time 0.008 (0.008)	Loss 1.5274 (1.5772)	Prec @1 0.5000 (0.4452)	
Epoch: [9][80/391]	Time 0.006 (0.008)	Loss 1.5050 (1.5706)	Prec @1 0.4531 (0.4458)	
Epoch: [9][90/391]	Time 0.006 (0.008)	Loss 1.5233 (1.5709)	Prec @1 0.4766 (0.4448)	
Epoch: [9][100/391]	Time 0.007 (0.008)	Loss 1.5187 (1.5708)	Prec @1 0.4531 (0.4442)	
Epoch: [9][110/391]	Time 0.012 (0.008)	Loss 1.5873 (1.5714)	Prec @1 0.4531 (0.4425)	
Epoch: [9][120/391]	Time 0.007 (0.008)	Loss 1.5254 (1.5728)	Prec @1 0.3906 (0.4414)	
Epoch: [9][130/391]	Time 0.005 (0.008)	Loss 1.6275 (1.5732)	Prec @1 0.4219 (0.4397)	
Epoch: [9][140/391]	Time 0.007 (0.008)	Loss 1.3996 (1.5698)	Prec @1 0.5156 (0.4411)	
Epoch: [9][150/391]	Time 0.007 (0.008)	Loss 1.5429 (1.5712)	Prec @1 0.5000 (0.4399)	
Epoch: [9][160/391]	Time 0.009 (0.008)	Loss 1.6701 (1.5733)	Prec @1 0.4062 (0.4394)	
Epoch: [9][170/391]	Time 0.006 (0.008)	Loss 1.5743 (1.5748)	Prec @1 0.4531 (0.4393)	
Epoch: [9][180/391]	Time 0.006 (0.008)	Loss 1.4907 (1.5754)	Prec @1 0.4922 (0.4397)	
Epoch: [9][190/391]	Time 0.008 (0.008)	Loss 1.6405 (1.5749)	Prec @1 0.4062 (0.4398)	
Epoch: [9][200/391]	Time 0.012 (0.008)	Loss 1.5206 (1.5756)	Prec @1 0.4688 (0.4401)	
Epoch: [9][210/391]	Time 0.009 (0.008)	Loss 1.5304 (1.5769)	Prec @1 0.4297 (0.4398)	
Epoch: [9][220/391]	Time 0.010 (0.008)	Loss 1.5557 (1.5773)	Prec @1 0.4453 (0.4400)	
Epoch: [9][230/391]	Time 0.011 (0.008)	Loss 1.6329 (1.5790)	Prec @1 0.4219 (0.4396)	
Epoch: [9][240/391]	Time 0.007 (0.008)	Loss 1.5238 (1.5810)	Prec @1 0.4531 (0.4390)	
Epoch: [9][250/391]	Time 0.005 (0.008)	Loss 1.5134 (1.5806)	Prec @1 0.4531 (0.4388)	
Epoch: [9][260/391]	Time 0.008 (0.008)	Loss 1.5557 (1.5812)	Prec @1 0.4062 (0.4379)	
Epoch: [9][270/391]	Time 0.012 (0.008)	Loss 1.4479 (1.5797)	Prec @1 0.4531 (0.4388)	
Epoch: [9][280/391]	Time 0.011 (0.008)	Loss 1.6844 (1.5801)	Prec @1 0.4141 (0.4386)	
Epoch: [9][290/391]	Time 0.007 (0.008)	Loss 1.6429 (1.5808)	Prec @1 0.3594 (0.4384)	
Epoch: [9][300/391]	Time 0.009 (0.008)	Loss 1.6535 (1.5800)	Prec @1 0.4141 (0.4391)	
Epoch: [9][310/391]	Time 0.005 (0.008)	Loss 1.5574 (1.5803)	Prec @1 0.4688 (0.4383)	
Epoch: [9][320/391]	Time 0.008 (0.008)	Loss 1.8010 (1.5804)	Prec @1 0.3594 (0.4378)	
Epoch: [9][330/391]	Time 0.007 (0.008)	Loss 1.5616 (1.5814)	Prec @1 0.4375 (0.4376)	
Epoch: [9][340/391]	Time 0.007 (0.008)	Loss 1.6497 (1.5822)	Prec @1 0.3828 (0.4371)	
Epoch: [9][350/391]	Time 0.006 (0.008)	Loss 1.4748 (1.5817)	Prec @1 0.4453 (0.4372)	
Epoch: [9][360/391]	Time 0.006 (0.008)	Loss 1.5647 (1.5820)	Prec @1 0.4297 (0.4376)	
Epoch: [9][370/391]	Time 0.007 (0.008)	Loss 1.6371 (1.5819)	Prec @1 0.4531 (0.4367)	
Epoch: [9][380/391]	Time 0.005 (0.008)	Loss 1.5929 (1.5822)	Prec @1 0.4375 (0.4368)	
Epoch: [9][390/391]	Time 0.011 (0.008)	Loss 1.4056 (1.5834)	Prec @1 0.5375 (0.4368)	
Epoch: [9][0/100]	Time 0.008 (0.008)	
Epoch: [9][10/100]	Time 0.006 (0.007)	
Epoch: [9][20/100]	Time 0.006 (0.006)	
Epoch: [9][30/100]	Time 0.005 (0.006)	
Epoch: [9][40/100]	Time 0.005 (0.006)	
Epoch: [9][50/100]	Time 0.005 (0.006)	
Epoch: [9][60/100]	Time 0.006 (0.006)	
Epoch: [9][70/100]	Time 0.008 (0.006)	
Epoch: [9][80/100]	Time 0.008 (0.006)	
Epoch: [9][90/100]	Time 0.007 (0.006)	
Accuracy of Class 0: 0.2700
Accuracy of Class 1: 0.4420
Accuracy of Class 2: 0.1220
Accuracy of Class 3: 0.2460
Accuracy of Class 4: 0.1770
Accuracy of Class 5: 0.2320
Accuracy of Class 6: 0.3730
Accuracy of Class 7: 0.4920
Accuracy of Class 8: 0.4770
Accuracy of Class 9: 0.4420
* Prec @1: 0.3273
Best Prec @1 Acccuracy: 0.3273
Accuracy of Class 0: 0.2700
Accuracy of Class 1: 0.4420
Accuracy of Class 2: 0.1220
Accuracy of Class 3: 0.2460
Accuracy of Class 4: 0.1770
Accuracy of Class 5: 0.2320
Accuracy of Class 6: 0.3730
Accuracy of Class 7: 0.4920
Accuracy of Class 8: 0.4770
Accuracy of Class 9: 0.4420
