Files already downloaded and verified
Files already downloaded and verified
VanillaCNN(
  (conv): Conv2d(3, 32, kernel_size=(7, 7), stride=(1, 1))
  (relu): ReLU()
  (pool): MaxPool2d(kernel_size=2, stride=2, padding=0, dilation=1, ceil_mode=False)
  (fc): Linear(in_features=5408, out_features=10, bias=True)
)
Epoch: [0][0/391]	Time 0.087 (0.087)	Loss 2.3234 (2.3234)	Prec @1 0.1094 (0.1094)	
Epoch: [0][10/391]	Time 0.015 (0.021)	Loss 2.3404 (2.3334)	Prec @1 0.0469 (0.0966)	
Epoch: [0][20/391]	Time 0.014 (0.018)	Loss 2.2513 (2.3186)	Prec @1 0.1406 (0.1101)	
Epoch: [0][30/391]	Time 0.015 (0.017)	Loss 2.2080 (2.3007)	Prec @1 0.1875 (0.1268)	
Epoch: [0][40/391]	Time 0.015 (0.017)	Loss 2.1910 (2.2857)	Prec @1 0.1953 (0.1366)	
Epoch: [0][50/391]	Time 0.014 (0.016)	Loss 2.1864 (2.2684)	Prec @1 0.1953 (0.1472)	
Epoch: [0][60/391]	Time 0.016 (0.016)	Loss 2.2028 (2.2554)	Prec @1 0.1953 (0.1575)	
Epoch: [0][70/391]	Time 0.015 (0.016)	Loss 2.1414 (2.2401)	Prec @1 0.1797 (0.1655)	
Epoch: [0][80/391]	Time 0.013 (0.016)	Loss 2.1006 (2.2265)	Prec @1 0.2656 (0.1736)	
Epoch: [0][90/391]	Time 0.015 (0.016)	Loss 2.0987 (2.2147)	Prec @1 0.2344 (0.1797)	
Epoch: [0][100/391]	Time 0.013 (0.015)	Loss 2.1411 (2.2061)	Prec @1 0.2188 (0.1838)	
Epoch: [0][110/391]	Time 0.014 (0.015)	Loss 2.0662 (2.1950)	Prec @1 0.2578 (0.1902)	
Epoch: [0][120/391]	Time 0.014 (0.015)	Loss 2.0805 (2.1873)	Prec @1 0.2266 (0.1938)	
Epoch: [0][130/391]	Time 0.013 (0.015)	Loss 2.0494 (2.1788)	Prec @1 0.2578 (0.1988)	
Epoch: [0][140/391]	Time 0.016 (0.015)	Loss 2.0219 (2.1710)	Prec @1 0.3203 (0.2028)	
Epoch: [0][150/391]	Time 0.013 (0.015)	Loss 2.0502 (2.1633)	Prec @1 0.3047 (0.2070)	
Epoch: [0][160/391]	Time 0.016 (0.015)	Loss 2.0256 (2.1564)	Prec @1 0.2734 (0.2108)	
Epoch: [0][170/391]	Time 0.015 (0.015)	Loss 2.0439 (2.1503)	Prec @1 0.2656 (0.2137)	
Epoch: [0][180/391]	Time 0.016 (0.015)	Loss 2.0718 (2.1446)	Prec @1 0.2188 (0.2158)	
Epoch: [0][190/391]	Time 0.014 (0.015)	Loss 2.0257 (2.1385)	Prec @1 0.2656 (0.2192)	
Epoch: [0][200/391]	Time 0.017 (0.015)	Loss 2.0394 (2.1337)	Prec @1 0.2734 (0.2220)	
Epoch: [0][210/391]	Time 0.013 (0.015)	Loss 2.0485 (2.1301)	Prec @1 0.2734 (0.2246)	
Epoch: [0][220/391]	Time 0.016 (0.015)	Loss 1.9878 (2.1244)	Prec @1 0.3125 (0.2279)	
Epoch: [0][230/391]	Time 0.012 (0.015)	Loss 2.0315 (2.1178)	Prec @1 0.2734 (0.2316)	
Epoch: [0][240/391]	Time 0.014 (0.015)	Loss 2.0148 (2.1131)	Prec @1 0.2734 (0.2334)	
Epoch: [0][250/391]	Time 0.016 (0.015)	Loss 1.9956 (2.1090)	Prec @1 0.2500 (0.2351)	
Epoch: [0][260/391]	Time 0.044 (0.015)	Loss 2.0537 (2.1061)	Prec @1 0.1797 (0.2354)	
Epoch: [0][270/391]	Time 0.016 (0.015)	Loss 1.9927 (2.1027)	Prec @1 0.2656 (0.2373)	
Epoch: [0][280/391]	Time 0.014 (0.015)	Loss 1.9283 (2.0979)	Prec @1 0.3047 (0.2399)	
Epoch: [0][290/391]	Time 0.017 (0.015)	Loss 1.9701 (2.0939)	Prec @1 0.2656 (0.2414)	
Epoch: [0][300/391]	Time 0.014 (0.015)	Loss 1.8567 (2.0898)	Prec @1 0.3672 (0.2437)	
Epoch: [0][310/391]	Time 0.015 (0.015)	Loss 2.1169 (2.0867)	Prec @1 0.2812 (0.2455)	
Epoch: [0][320/391]	Time 0.015 (0.015)	Loss 1.9398 (2.0828)	Prec @1 0.3281 (0.2474)	
Epoch: [0][330/391]	Time 0.014 (0.015)	Loss 1.9622 (2.0800)	Prec @1 0.3359 (0.2493)	
Epoch: [0][340/391]	Time 0.019 (0.015)	Loss 1.9949 (2.0769)	Prec @1 0.3438 (0.2508)	
Epoch: [0][350/391]	Time 0.013 (0.015)	Loss 1.9940 (2.0740)	Prec @1 0.2812 (0.2521)	
Epoch: [0][360/391]	Time 0.013 (0.015)	Loss 1.9255 (2.0713)	Prec @1 0.3594 (0.2533)	
Epoch: [0][370/391]	Time 0.013 (0.015)	Loss 1.8772 (2.0678)	Prec @1 0.3125 (0.2549)	
Epoch: [0][380/391]	Time 0.016 (0.015)	Loss 1.8787 (2.0646)	Prec @1 0.3203 (0.2563)	
Epoch: [0][390/391]	Time 0.010 (0.015)	Loss 1.8196 (2.0620)	Prec @1 0.3375 (0.2574)	
Epoch: [0][0/100]	Time 0.011 (0.011)	
Epoch: [0][10/100]	Time 0.009 (0.008)	
Epoch: [0][20/100]	Time 0.009 (0.008)	
Epoch: [0][30/100]	Time 0.009 (0.009)	
Epoch: [0][40/100]	Time 0.008 (0.009)	
Epoch: [0][50/100]	Time 0.010 (0.009)	
Epoch: [0][60/100]	Time 0.010 (0.009)	
Epoch: [0][70/100]	Time 0.009 (0.009)	
Epoch: [0][80/100]	Time 0.008 (0.009)	
Epoch: [0][90/100]	Time 0.009 (0.009)	
Accuracy of Class 0: 0.5270
Accuracy of Class 1: 0.4250
Accuracy of Class 2: 0.0780
Accuracy of Class 3: 0.1060
Accuracy of Class 4: 0.0450
Accuracy of Class 5: 0.3540
Accuracy of Class 6: 0.5160
Accuracy of Class 7: 0.2870
Accuracy of Class 8: 0.4420
Accuracy of Class 9: 0.4490
* Prec @1: 0.3229
Epoch: [1][0/391]	Time 0.021 (0.021)	Loss 1.9897 (1.9897)	Prec @1 0.2578 (0.2578)	
Epoch: [1][10/391]	Time 0.015 (0.015)	Loss 1.8786 (1.9667)	Prec @1 0.2891 (0.2933)	
Epoch: [1][20/391]	Time 0.014 (0.015)	Loss 2.0405 (1.9507)	Prec @1 0.2734 (0.3017)	
Epoch: [1][30/391]	Time 0.014 (0.015)	Loss 1.9855 (1.9435)	Prec @1 0.2656 (0.3024)	
Epoch: [1][40/391]	Time 0.015 (0.015)	Loss 1.9452 (1.9372)	Prec @1 0.2969 (0.3051)	
Epoch: [1][50/391]	Time 0.013 (0.015)	Loss 1.9416 (1.9389)	Prec @1 0.3281 (0.3064)	
Epoch: [1][60/391]	Time 0.015 (0.015)	Loss 1.9890 (1.9369)	Prec @1 0.3281 (0.3106)	
Epoch: [1][70/391]	Time 0.015 (0.015)	Loss 1.9936 (1.9454)	Prec @1 0.3203 (0.3057)	
Epoch: [1][80/391]	Time 0.014 (0.015)	Loss 1.8835 (1.9437)	Prec @1 0.3281 (0.3055)	
Epoch: [1][90/391]	Time 0.014 (0.015)	Loss 1.8751 (1.9452)	Prec @1 0.3359 (0.3043)	
Epoch: [1][100/391]	Time 0.014 (0.015)	Loss 1.9773 (1.9392)	Prec @1 0.3125 (0.3078)	
Epoch: [1][110/391]	Time 0.015 (0.014)	Loss 1.9514 (1.9370)	Prec @1 0.2734 (0.3064)	
Epoch: [1][120/391]	Time 0.016 (0.014)	Loss 1.8909 (1.9348)	Prec @1 0.3594 (0.3084)	
Epoch: [1][130/391]	Time 0.013 (0.014)	Loss 1.8748 (1.9331)	Prec @1 0.3594 (0.3089)	
Epoch: [1][140/391]	Time 0.014 (0.014)	Loss 1.8922 (1.9299)	Prec @1 0.3750 (0.3101)	
Epoch: [1][150/391]	Time 0.015 (0.014)	Loss 1.9564 (1.9304)	Prec @1 0.2891 (0.3106)	
Epoch: [1][160/391]	Time 0.017 (0.014)	Loss 1.9125 (1.9305)	Prec @1 0.3203 (0.3117)	
Epoch: [1][170/391]	Time 0.014 (0.015)	Loss 1.7909 (1.9290)	Prec @1 0.4062 (0.3136)	
Epoch: [1][180/391]	Time 0.012 (0.014)	Loss 1.8999 (1.9282)	Prec @1 0.3281 (0.3150)	
Epoch: [1][190/391]	Time 0.015 (0.014)	Loss 1.8843 (1.9263)	Prec @1 0.3125 (0.3164)	
Epoch: [1][200/391]	Time 0.014 (0.014)	Loss 1.8939 (1.9250)	Prec @1 0.3203 (0.3172)	
Epoch: [1][210/391]	Time 0.017 (0.015)	Loss 1.9345 (1.9244)	Prec @1 0.3672 (0.3176)	
Epoch: [1][220/391]	Time 0.017 (0.015)	Loss 1.9486 (1.9232)	Prec @1 0.3516 (0.3185)	
Epoch: [1][230/391]	Time 0.019 (0.015)	Loss 1.7703 (1.9220)	Prec @1 0.4141 (0.3189)	
Epoch: [1][240/391]	Time 0.016 (0.015)	Loss 1.9696 (1.9201)	Prec @1 0.3047 (0.3197)	
Epoch: [1][250/391]	Time 0.020 (0.015)	Loss 1.9148 (1.9196)	Prec @1 0.3047 (0.3199)	
Epoch: [1][260/391]	Time 0.017 (0.015)	Loss 1.8788 (1.9178)	Prec @1 0.3438 (0.3208)	
Epoch: [1][270/391]	Time 0.013 (0.015)	Loss 1.9433 (1.9175)	Prec @1 0.3281 (0.3203)	
Epoch: [1][280/391]	Time 0.022 (0.015)	Loss 1.8417 (1.9161)	Prec @1 0.3750 (0.3208)	
Epoch: [1][290/391]	Time 0.016 (0.015)	Loss 1.8299 (1.9143)	Prec @1 0.3594 (0.3218)	
Epoch: [1][300/391]	Time 0.014 (0.015)	Loss 1.8968 (1.9136)	Prec @1 0.3203 (0.3223)	
Epoch: [1][310/391]	Time 0.015 (0.015)	Loss 1.8918 (1.9115)	Prec @1 0.2891 (0.3225)	
Epoch: [1][320/391]	Time 0.016 (0.015)	Loss 1.7783 (1.9093)	Prec @1 0.3672 (0.3233)	
Epoch: [1][330/391]	Time 0.018 (0.015)	Loss 1.7831 (1.9082)	Prec @1 0.3672 (0.3239)	
Epoch: [1][340/391]	Time 0.016 (0.015)	Loss 1.9649 (1.9074)	Prec @1 0.3047 (0.3240)	
Epoch: [1][350/391]	Time 0.013 (0.015)	Loss 1.7874 (1.9064)	Prec @1 0.3984 (0.3243)	
Epoch: [1][360/391]	Time 0.015 (0.015)	Loss 1.9080 (1.9063)	Prec @1 0.3281 (0.3241)	
Epoch: [1][370/391]	Time 0.015 (0.015)	Loss 1.8286 (1.9051)	Prec @1 0.4219 (0.3248)	
Epoch: [1][380/391]	Time 0.015 (0.015)	Loss 1.9195 (1.9038)	Prec @1 0.2969 (0.3253)	
Epoch: [1][390/391]	Time 0.009 (0.015)	Loss 1.7771 (1.9025)	Prec @1 0.3625 (0.3261)	
Epoch: [1][0/100]	Time 0.012 (0.012)	
Epoch: [1][10/100]	Time 0.009 (0.009)	
Epoch: [1][20/100]	Time 0.010 (0.009)	
Epoch: [1][30/100]	Time 0.013 (0.009)	
Epoch: [1][40/100]	Time 0.012 (0.009)	
Epoch: [1][50/100]	Time 0.012 (0.009)	
Epoch: [1][60/100]	Time 0.009 (0.009)	
Epoch: [1][70/100]	Time 0.012 (0.009)	
Epoch: [1][80/100]	Time 0.011 (0.010)	
Epoch: [1][90/100]	Time 0.009 (0.010)	
Accuracy of Class 0: 0.5470
Accuracy of Class 1: 0.5140
Accuracy of Class 2: 0.0540
Accuracy of Class 3: 0.1460
Accuracy of Class 4: 0.0570
Accuracy of Class 5: 0.4280
Accuracy of Class 6: 0.4990
Accuracy of Class 7: 0.4310
Accuracy of Class 8: 0.4250
Accuracy of Class 9: 0.4590
* Prec @1: 0.3560
Epoch: [2][0/391]	Time 0.020 (0.020)	Loss 1.8829 (1.8829)	Prec @1 0.3125 (0.3125)	
Epoch: [2][10/391]	Time 0.018 (0.018)	Loss 1.8753 (1.8774)	Prec @1 0.3516 (0.3295)	
Epoch: [2][20/391]	Time 0.019 (0.018)	Loss 1.9818 (1.8847)	Prec @1 0.2656 (0.3222)	
Epoch: [2][30/391]	Time 0.016 (0.017)	Loss 1.8651 (1.8651)	Prec @1 0.3281 (0.3284)	
Epoch: [2][40/391]	Time 0.016 (0.017)	Loss 1.9115 (1.8668)	Prec @1 0.3750 (0.3293)	
Epoch: [2][50/391]	Time 0.022 (0.017)	Loss 1.8683 (1.8610)	Prec @1 0.3203 (0.3335)	
Epoch: [2][60/391]	Time 0.017 (0.017)	Loss 1.7069 (1.8618)	Prec @1 0.4062 (0.3325)	
Epoch: [2][70/391]	Time 0.017 (0.017)	Loss 1.8267 (1.8558)	Prec @1 0.3516 (0.3373)	
Epoch: [2][80/391]	Time 0.020 (0.017)	Loss 1.8387 (1.8562)	Prec @1 0.3516 (0.3363)	
Epoch: [2][90/391]	Time 0.019 (0.018)	Loss 1.8683 (1.8554)	Prec @1 0.3438 (0.3395)	
Epoch: [2][100/391]	Time 0.040 (0.018)	Loss 1.7908 (1.8547)	Prec @1 0.3281 (0.3398)	
Epoch: [2][110/391]	Time 0.017 (0.018)	Loss 1.9323 (1.8543)	Prec @1 0.3359 (0.3410)	
Epoch: [2][120/391]	Time 0.014 (0.018)	Loss 1.8238 (1.8552)	Prec @1 0.3594 (0.3407)	
Epoch: [2][130/391]	Time 0.019 (0.018)	Loss 1.8835 (1.8525)	Prec @1 0.3125 (0.3406)	
Epoch: [2][140/391]	Time 0.018 (0.018)	Loss 1.8639 (1.8511)	Prec @1 0.3672 (0.3425)	
Epoch: [2][150/391]	Time 0.019 (0.018)	Loss 1.8350 (1.8488)	Prec @1 0.3672 (0.3440)	
Epoch: [2][160/391]	Time 0.026 (0.018)	Loss 1.8196 (1.8482)	Prec @1 0.3359 (0.3437)	
Epoch: [2][170/391]	Time 0.025 (0.019)	Loss 1.7282 (1.8483)	Prec @1 0.4219 (0.3434)	
Epoch: [2][180/391]	Time 0.025 (0.019)	Loss 1.8085 (1.8462)	Prec @1 0.3125 (0.3447)	
Epoch: [2][190/391]	Time 0.025 (0.019)	Loss 1.7576 (1.8446)	Prec @1 0.4531 (0.3468)	
Epoch: [2][200/391]	Time 0.023 (0.020)	Loss 1.8263 (1.8456)	Prec @1 0.3047 (0.3460)	
Epoch: [2][210/391]	Time 0.050 (0.020)	Loss 1.8782 (1.8445)	Prec @1 0.4062 (0.3468)	
Epoch: [2][220/391]	Time 0.032 (0.021)	Loss 1.7547 (1.8432)	Prec @1 0.3828 (0.3470)	
Epoch: [2][230/391]	Time 0.025 (0.021)	Loss 1.9524 (1.8420)	Prec @1 0.3047 (0.3470)	
Epoch: [2][240/391]	Time 0.025 (0.021)	Loss 1.7775 (1.8410)	Prec @1 0.3984 (0.3475)	
Epoch: [2][250/391]	Time 0.028 (0.021)	Loss 1.8166 (1.8416)	Prec @1 0.3828 (0.3474)	
Epoch: [2][260/391]	Time 0.026 (0.022)	Loss 1.7511 (1.8413)	Prec @1 0.3906 (0.3483)	
Epoch: [2][270/391]	Time 0.028 (0.022)	Loss 1.6748 (1.8399)	Prec @1 0.3984 (0.3490)	
Epoch: [2][280/391]	Time 0.025 (0.022)	Loss 1.8242 (1.8393)	Prec @1 0.3672 (0.3490)	
Epoch: [2][290/391]	Time 0.029 (0.022)	Loss 1.7577 (1.8373)	Prec @1 0.3438 (0.3499)	
Epoch: [2][300/391]	Time 0.022 (0.022)	Loss 1.6862 (1.8365)	Prec @1 0.3438 (0.3504)	
Epoch: [2][310/391]	Time 0.022 (0.022)	Loss 1.8835 (1.8363)	Prec @1 0.3281 (0.3507)	
Epoch: [2][320/391]	Time 0.021 (0.022)	Loss 1.8687 (1.8357)	Prec @1 0.3438 (0.3511)	
Epoch: [2][330/391]	Time 0.027 (0.023)	Loss 1.9199 (1.8359)	Prec @1 0.2734 (0.3509)	
Epoch: [2][340/391]	Time 0.028 (0.023)	Loss 1.8403 (1.8353)	Prec @1 0.2812 (0.3514)	
Epoch: [2][350/391]	Time 0.021 (0.023)	Loss 1.8400 (1.8365)	Prec @1 0.3359 (0.3512)	
Epoch: [2][360/391]	Time 0.023 (0.023)	Loss 1.8029 (1.8357)	Prec @1 0.3125 (0.3516)	
Epoch: [2][370/391]	Time 0.037 (0.024)	Loss 1.7661 (1.8354)	Prec @1 0.3750 (0.3518)	
Epoch: [2][380/391]	Time 0.024 (0.024)	Loss 1.7307 (1.8350)	Prec @1 0.4141 (0.3524)	
Epoch: [2][390/391]	Time 0.021 (0.024)	Loss 1.8824 (1.8344)	Prec @1 0.3000 (0.3523)	
Epoch: [2][0/100]	Time 0.016 (0.016)	
Epoch: [2][10/100]	Time 0.015 (0.014)	
Epoch: [2][20/100]	Time 0.010 (0.013)	
Epoch: [2][30/100]	Time 0.012 (0.013)	
Epoch: [2][40/100]	Time 0.012 (0.013)	
Epoch: [2][50/100]	Time 0.012 (0.012)	
Epoch: [2][60/100]	Time 0.012 (0.012)	
Epoch: [2][70/100]	Time 0.011 (0.012)	
Epoch: [2][80/100]	Time 0.010 (0.012)	
Epoch: [2][90/100]	Time 0.011 (0.012)	
Accuracy of Class 0: 0.5300
Accuracy of Class 1: 0.5600
Accuracy of Class 2: 0.1000
Accuracy of Class 3: 0.2000
Accuracy of Class 4: 0.0770
Accuracy of Class 5: 0.3520
Accuracy of Class 6: 0.5310
Accuracy of Class 7: 0.5290
Accuracy of Class 8: 0.4480
Accuracy of Class 9: 0.4730
* Prec @1: 0.3800
Epoch: [3][0/391]	Time 0.024 (0.024)	Loss 1.8405 (1.8405)	Prec @1 0.3516 (0.3516)	
Epoch: [3][10/391]	Time 0.022 (0.026)	Loss 1.7604 (1.8114)	Prec @1 0.3750 (0.3722)	
Epoch: [3][20/391]	Time 0.036 (0.028)	Loss 1.7571 (1.8030)	Prec @1 0.3672 (0.3642)	
Epoch: [3][30/391]	Time 0.029 (0.028)	Loss 1.7840 (1.8008)	Prec @1 0.3516 (0.3647)	
Epoch: [3][40/391]	Time 0.025 (0.028)	Loss 1.7310 (1.8051)	Prec @1 0.3672 (0.3613)	
Epoch: [3][50/391]	Time 0.030 (0.028)	Loss 1.8538 (1.8018)	Prec @1 0.3281 (0.3634)	
Epoch: [3][60/391]	Time 0.033 (0.028)	Loss 1.8340 (1.8034)	Prec @1 0.3516 (0.3642)	
Epoch: [3][70/391]	Time 0.042 (0.029)	Loss 1.8036 (1.8034)	Prec @1 0.3281 (0.3654)	
Epoch: [3][80/391]	Time 0.031 (0.029)	Loss 1.7538 (1.7988)	Prec @1 0.4375 (0.3655)	
Epoch: [3][90/391]	Time 0.035 (0.029)	Loss 1.7184 (1.8007)	Prec @1 0.3828 (0.3648)	
Epoch: [3][100/391]	Time 0.024 (0.029)	Loss 1.7803 (1.7965)	Prec @1 0.2969 (0.3649)	
Epoch: [3][110/391]	Time 0.031 (0.029)	Loss 1.7427 (1.7954)	Prec @1 0.3750 (0.3663)	
Epoch: [3][120/391]	Time 0.036 (0.029)	Loss 1.7927 (1.7942)	Prec @1 0.3906 (0.3672)	
Epoch: [3][130/391]	Time 0.038 (0.029)	Loss 1.7502 (1.7941)	Prec @1 0.3906 (0.3683)	
Epoch: [3][140/391]	Time 0.030 (0.030)	Loss 1.8224 (1.7935)	Prec @1 0.3594 (0.3680)	
Epoch: [3][150/391]	Time 0.030 (0.030)	Loss 1.8278 (1.7923)	Prec @1 0.3750 (0.3678)	
Epoch: [3][160/391]	Time 0.024 (0.030)	Loss 1.8163 (1.7902)	Prec @1 0.3594 (0.3684)	
Epoch: [3][170/391]	Time 0.027 (0.030)	Loss 1.8685 (1.7919)	Prec @1 0.3516 (0.3676)	
Epoch: [3][180/391]	Time 0.029 (0.030)	Loss 1.8171 (1.7920)	Prec @1 0.3359 (0.3673)	
Epoch: [3][190/391]	Time 0.032 (0.030)	Loss 1.8507 (1.7912)	Prec @1 0.3281 (0.3669)	
Epoch: [3][200/391]	Time 0.027 (0.030)	Loss 1.6754 (1.7915)	Prec @1 0.4219 (0.3666)	
Epoch: [3][210/391]	Time 0.024 (0.030)	Loss 1.7752 (1.7912)	Prec @1 0.3594 (0.3668)	
Epoch: [3][220/391]	Time 0.034 (0.030)	Loss 1.8933 (1.7897)	Prec @1 0.3125 (0.3675)	
Epoch: [3][230/391]	Time 0.030 (0.030)	Loss 1.7182 (1.7891)	Prec @1 0.4062 (0.3685)	
Epoch: [3][240/391]	Time 0.028 (0.030)	Loss 1.8733 (1.7906)	Prec @1 0.3438 (0.3682)	
Epoch: [3][250/391]	Time 0.026 (0.030)	Loss 1.8140 (1.7893)	Prec @1 0.3125 (0.3687)	
Epoch: [3][260/391]	Time 0.026 (0.029)	Loss 1.8135 (1.7884)	Prec @1 0.3672 (0.3690)	
Epoch: [3][270/391]	Time 0.030 (0.029)	Loss 1.7884 (1.7893)	Prec @1 0.3750 (0.3684)	
Epoch: [3][280/391]	Time 0.027 (0.029)	Loss 1.8009 (1.7881)	Prec @1 0.4297 (0.3694)	
Epoch: [3][290/391]	Time 0.027 (0.029)	Loss 1.7528 (1.7862)	Prec @1 0.3359 (0.3693)	
Epoch: [3][300/391]	Time 0.027 (0.029)	Loss 1.8135 (1.7856)	Prec @1 0.3438 (0.3701)	
Epoch: [3][310/391]	Time 0.022 (0.029)	Loss 1.7180 (1.7853)	Prec @1 0.3828 (0.3700)	
Epoch: [3][320/391]	Time 0.027 (0.029)	Loss 1.9040 (1.7855)	Prec @1 0.3203 (0.3697)	
Epoch: [3][330/391]	Time 0.023 (0.029)	Loss 1.7587 (1.7842)	Prec @1 0.3750 (0.3706)	
Epoch: [3][340/391]	Time 0.035 (0.029)	Loss 1.8312 (1.7839)	Prec @1 0.3828 (0.3705)	
Epoch: [3][350/391]	Time 0.028 (0.029)	Loss 1.7396 (1.7831)	Prec @1 0.4297 (0.3710)	
Epoch: [3][360/391]	Time 0.029 (0.029)	Loss 1.6980 (1.7820)	Prec @1 0.4062 (0.3716)	
Epoch: [3][370/391]	Time 0.029 (0.029)	Loss 1.6461 (1.7812)	Prec @1 0.4062 (0.3716)	
Epoch: [3][380/391]	Time 0.029 (0.029)	Loss 1.7932 (1.7809)	Prec @1 0.3828 (0.3721)	
Epoch: [3][390/391]	Time 0.020 (0.029)	Loss 1.6168 (1.7802)	Prec @1 0.4250 (0.3725)	
Epoch: [3][0/100]	Time 0.015 (0.015)	
Epoch: [3][10/100]	Time 0.015 (0.015)	
Epoch: [3][20/100]	Time 0.017 (0.015)	
Epoch: [3][30/100]	Time 0.016 (0.015)	
Epoch: [3][40/100]	Time 0.015 (0.015)	
Epoch: [3][50/100]	Time 0.017 (0.015)	
Epoch: [3][60/100]	Time 0.018 (0.015)	
Epoch: [3][70/100]	Time 0.012 (0.015)	
Epoch: [3][80/100]	Time 0.012 (0.015)	
Epoch: [3][90/100]	Time 0.011 (0.014)	
Accuracy of Class 0: 0.5540
Accuracy of Class 1: 0.5470
Accuracy of Class 2: 0.1690
Accuracy of Class 3: 0.1420
Accuracy of Class 4: 0.1120
Accuracy of Class 5: 0.4080
Accuracy of Class 6: 0.4940
Accuracy of Class 7: 0.5540
Accuracy of Class 8: 0.3980
Accuracy of Class 9: 0.5620
* Prec @1: 0.3940
Epoch: [4][0/391]	Time 0.026 (0.026)	Loss 1.6896 (1.6896)	Prec @1 0.3984 (0.3984)	
Epoch: [4][10/391]	Time 0.025 (0.026)	Loss 1.7600 (1.7511)	Prec @1 0.4141 (0.3786)	
Epoch: [4][20/391]	Time 0.029 (0.027)	Loss 1.7462 (1.7622)	Prec @1 0.3438 (0.3717)	
Epoch: [4][30/391]	Time 0.024 (0.027)	Loss 1.7605 (1.7588)	Prec @1 0.3672 (0.3697)	
Epoch: [4][40/391]	Time 0.034 (0.028)	Loss 1.6885 (1.7691)	Prec @1 0.3750 (0.3660)	
Epoch: [4][50/391]	Time 0.031 (0.028)	Loss 1.7772 (1.7623)	Prec @1 0.3438 (0.3690)	
Epoch: [4][60/391]	Time 0.027 (0.029)	Loss 1.7720 (1.7527)	Prec @1 0.3516 (0.3742)	
Epoch: [4][70/391]	Time 0.031 (0.029)	Loss 1.7686 (1.7528)	Prec @1 0.3359 (0.3761)	
Epoch: [4][80/391]	Time 0.036 (0.029)	Loss 1.7648 (1.7525)	Prec @1 0.3750 (0.3782)	
Epoch: [4][90/391]	Time 0.024 (0.029)	Loss 1.8890 (1.7557)	Prec @1 0.2812 (0.3762)	
Epoch: [4][100/391]	Time 0.022 (0.028)	Loss 1.6877 (1.7546)	Prec @1 0.4141 (0.3775)	
Epoch: [4][110/391]	Time 0.028 (0.028)	Loss 1.7696 (1.7533)	Prec @1 0.4297 (0.3795)	
Epoch: [4][120/391]	Time 0.031 (0.028)	Loss 1.7366 (1.7537)	Prec @1 0.3516 (0.3797)	
Epoch: [4][130/391]	Time 0.035 (0.028)	Loss 1.7704 (1.7534)	Prec @1 0.3984 (0.3797)	
Epoch: [4][140/391]	Time 0.023 (0.028)	Loss 1.7931 (1.7540)	Prec @1 0.3828 (0.3797)	
Epoch: [4][150/391]	Time 0.025 (0.028)	Loss 1.6527 (1.7532)	Prec @1 0.4766 (0.3810)	
Epoch: [4][160/391]	Time 0.022 (0.028)	Loss 1.6088 (1.7503)	Prec @1 0.4922 (0.3824)	
Epoch: [4][170/391]	Time 0.028 (0.028)	Loss 1.7329 (1.7484)	Prec @1 0.3594 (0.3838)	
Epoch: [4][180/391]	Time 0.025 (0.028)	Loss 1.6972 (1.7463)	Prec @1 0.4062 (0.3843)	
Epoch: [4][190/391]	Time 0.021 (0.028)	Loss 1.7890 (1.7432)	Prec @1 0.3672 (0.3863)	
Epoch: [4][200/391]	Time 0.021 (0.028)	Loss 1.7319 (1.7432)	Prec @1 0.3594 (0.3855)	
Epoch: [4][210/391]	Time 0.023 (0.028)	Loss 1.7950 (1.7436)	Prec @1 0.3672 (0.3856)	
Epoch: [4][220/391]	Time 0.029 (0.027)	Loss 1.7020 (1.7431)	Prec @1 0.3984 (0.3854)	
Epoch: [4][230/391]	Time 0.034 (0.027)	Loss 1.7449 (1.7441)	Prec @1 0.2656 (0.3845)	
Epoch: [4][240/391]	Time 0.025 (0.027)	Loss 1.7179 (1.7431)	Prec @1 0.4297 (0.3853)	
Epoch: [4][250/391]	Time 0.027 (0.027)	Loss 1.7031 (1.7421)	Prec @1 0.4609 (0.3867)	
Epoch: [4][260/391]	Time 0.027 (0.027)	Loss 1.7228 (1.7408)	Prec @1 0.4062 (0.3872)	
Epoch: [4][270/391]	Time 0.029 (0.027)	Loss 1.6228 (1.7410)	Prec @1 0.4453 (0.3871)	
Epoch: [4][280/391]	Time 0.022 (0.027)	Loss 1.6688 (1.7395)	Prec @1 0.4141 (0.3874)	
Epoch: [4][290/391]	Time 0.036 (0.027)	Loss 1.7164 (1.7391)	Prec @1 0.4062 (0.3868)	
Epoch: [4][300/391]	Time 0.028 (0.027)	Loss 1.7303 (1.7376)	Prec @1 0.4453 (0.3877)	
Epoch: [4][310/391]	Time 0.027 (0.027)	Loss 1.7340 (1.7379)	Prec @1 0.3984 (0.3873)	
Epoch: [4][320/391]	Time 0.034 (0.027)	Loss 1.6224 (1.7374)	Prec @1 0.3984 (0.3874)	
Epoch: [4][330/391]	Time 0.029 (0.028)	Loss 1.7634 (1.7386)	Prec @1 0.4297 (0.3875)	
Epoch: [4][340/391]	Time 0.023 (0.028)	Loss 1.6803 (1.7371)	Prec @1 0.4297 (0.3884)	
Epoch: [4][350/391]	Time 0.026 (0.028)	Loss 1.8536 (1.7383)	Prec @1 0.2578 (0.3872)	
Epoch: [4][360/391]	Time 0.033 (0.028)	Loss 1.6322 (1.7385)	Prec @1 0.4453 (0.3870)	
Epoch: [4][370/391]	Time 0.021 (0.027)	Loss 1.5852 (1.7374)	Prec @1 0.4375 (0.3870)	
Epoch: [4][380/391]	Time 0.023 (0.027)	Loss 1.8453 (1.7369)	Prec @1 0.2891 (0.3873)	
Epoch: [4][390/391]	Time 0.018 (0.027)	Loss 1.6571 (1.7356)	Prec @1 0.4500 (0.3877)	
Epoch: [4][0/100]	Time 0.018 (0.018)	
Epoch: [4][10/100]	Time 0.014 (0.015)	
Epoch: [4][20/100]	Time 0.013 (0.014)	
Epoch: [4][30/100]	Time 0.011 (0.014)	
Epoch: [4][40/100]	Time 0.017 (0.014)	
Epoch: [4][50/100]	Time 0.011 (0.014)	
Epoch: [4][60/100]	Time 0.012 (0.014)	
Epoch: [4][70/100]	Time 0.012 (0.014)	
Epoch: [4][80/100]	Time 0.013 (0.014)	
Epoch: [4][90/100]	Time 0.014 (0.013)	
Accuracy of Class 0: 0.5560
Accuracy of Class 1: 0.6290
Accuracy of Class 2: 0.1320
Accuracy of Class 3: 0.1660
Accuracy of Class 4: 0.1400
Accuracy of Class 5: 0.4350
Accuracy of Class 6: 0.5010
Accuracy of Class 7: 0.5320
Accuracy of Class 8: 0.4550
Accuracy of Class 9: 0.5420
* Prec @1: 0.4088
Epoch: [5][0/391]	Time 0.032 (0.032)	Loss 1.6737 (1.6737)	Prec @1 0.3828 (0.3828)	
Epoch: [5][10/391]	Time 0.026 (0.027)	Loss 1.6578 (1.7010)	Prec @1 0.4609 (0.3970)	
Epoch: [5][20/391]	Time 0.029 (0.033)	Loss 1.8660 (1.7148)	Prec @1 0.3516 (0.3903)	
Epoch: [5][30/391]	Time 0.022 (0.031)	Loss 1.7665 (1.7154)	Prec @1 0.3516 (0.3949)	
Epoch: [5][40/391]	Time 0.022 (0.030)	Loss 1.6439 (1.7144)	Prec @1 0.4219 (0.3944)	
Epoch: [5][50/391]	Time 0.023 (0.029)	Loss 1.6366 (1.7130)	Prec @1 0.4531 (0.3945)	
Epoch: [5][60/391]	Time 0.023 (0.028)	Loss 1.5457 (1.7121)	Prec @1 0.4844 (0.3925)	
Epoch: [5][70/391]	Time 0.020 (0.028)	Loss 1.7608 (1.7108)	Prec @1 0.3828 (0.3915)	
Epoch: [5][80/391]	Time 0.027 (0.028)	Loss 1.7297 (1.7148)	Prec @1 0.3984 (0.3873)	
Epoch: [5][90/391]	Time 0.046 (0.028)	Loss 1.6806 (1.7154)	Prec @1 0.4531 (0.3884)	
Epoch: [5][100/391]	Time 0.044 (0.029)	Loss 1.6841 (1.7138)	Prec @1 0.4453 (0.3899)	
Epoch: [5][110/391]	Time 0.023 (0.029)	Loss 1.7469 (1.7150)	Prec @1 0.3672 (0.3882)	
Epoch: [5][120/391]	Time 0.026 (0.029)	Loss 1.6646 (1.7109)	Prec @1 0.4375 (0.3907)	
Epoch: [5][130/391]	Time 0.029 (0.029)	Loss 1.8217 (1.7119)	Prec @1 0.3984 (0.3909)	
Epoch: [5][140/391]	Time 0.023 (0.029)	Loss 1.7187 (1.7114)	Prec @1 0.3984 (0.3921)	
Epoch: [5][150/391]	Time 0.023 (0.029)	Loss 1.6429 (1.7121)	Prec @1 0.3906 (0.3932)	
Epoch: [5][160/391]	Time 0.024 (0.029)	Loss 1.6559 (1.7107)	Prec @1 0.3906 (0.3945)	
Epoch: [5][170/391]	Time 0.027 (0.029)	Loss 1.5916 (1.7104)	Prec @1 0.4609 (0.3950)	
Epoch: [5][180/391]	Time 0.020 (0.029)	Loss 1.7162 (1.7093)	Prec @1 0.4375 (0.3959)	
Epoch: [5][190/391]	Time 0.025 (0.029)	Loss 1.6925 (1.7093)	Prec @1 0.4453 (0.3965)	
Epoch: [5][200/391]	Time 0.038 (0.028)	Loss 1.6556 (1.7074)	Prec @1 0.4297 (0.3968)	
Epoch: [5][210/391]	Time 0.025 (0.028)	Loss 1.6650 (1.7077)	Prec @1 0.4141 (0.3971)	
Epoch: [5][220/391]	Time 0.035 (0.028)	Loss 1.7089 (1.7073)	Prec @1 0.4297 (0.3977)	
Epoch: [5][230/391]	Time 0.028 (0.028)	Loss 1.6063 (1.7056)	Prec @1 0.4219 (0.3979)	
Epoch: [5][240/391]	Time 0.034 (0.028)	Loss 1.8807 (1.7062)	Prec @1 0.3516 (0.3977)	
Epoch: [5][250/391]	Time 0.031 (0.028)	Loss 1.9453 (1.7067)	Prec @1 0.3125 (0.3977)	
Epoch: [5][260/391]	Time 0.027 (0.028)	Loss 1.8207 (1.7067)	Prec @1 0.4141 (0.3978)	
Epoch: [5][270/391]	Time 0.028 (0.028)	Loss 1.6703 (1.7054)	Prec @1 0.3516 (0.3981)	
Epoch: [5][280/391]	Time 0.021 (0.028)	Loss 1.7252 (1.7056)	Prec @1 0.3906 (0.3980)	
Epoch: [5][290/391]	Time 0.029 (0.028)	Loss 1.8125 (1.7056)	Prec @1 0.4453 (0.3983)	
Epoch: [5][300/391]	Time 0.029 (0.029)	Loss 1.8535 (1.7056)	Prec @1 0.3984 (0.3979)	
Epoch: [5][310/391]	Time 0.031 (0.028)	Loss 1.7816 (1.7052)	Prec @1 0.3750 (0.3976)	
Epoch: [5][320/391]	Time 0.025 (0.028)	Loss 1.6138 (1.7038)	Prec @1 0.4219 (0.3979)	
Epoch: [5][330/391]	Time 0.031 (0.028)	Loss 1.5889 (1.7034)	Prec @1 0.4297 (0.3982)	
Epoch: [5][340/391]	Time 0.024 (0.028)	Loss 1.7272 (1.7019)	Prec @1 0.3906 (0.3993)	
Epoch: [5][350/391]	Time 0.027 (0.028)	Loss 1.7304 (1.7015)	Prec @1 0.3516 (0.3990)	
Epoch: [5][360/391]	Time 0.024 (0.029)	Loss 1.7195 (1.7010)	Prec @1 0.3516 (0.3990)	
Epoch: [5][370/391]	Time 0.033 (0.029)	Loss 1.7779 (1.7000)	Prec @1 0.3516 (0.3990)	
Epoch: [5][380/391]	Time 0.024 (0.028)	Loss 1.7378 (1.7001)	Prec @1 0.4062 (0.3992)	
Epoch: [5][390/391]	Time 0.021 (0.028)	Loss 1.4536 (1.6996)	Prec @1 0.5750 (0.3997)	
Epoch: [5][0/100]	Time 0.013 (0.013)	
Epoch: [5][10/100]	Time 0.012 (0.012)	
Epoch: [5][20/100]	Time 0.012 (0.012)	
Epoch: [5][30/100]	Time 0.013 (0.012)	
Epoch: [5][40/100]	Time 0.012 (0.012)	
Epoch: [5][50/100]	Time 0.012 (0.012)	
Epoch: [5][60/100]	Time 0.011 (0.012)	
Epoch: [5][70/100]	Time 0.012 (0.012)	
Epoch: [5][80/100]	Time 0.012 (0.012)	
Epoch: [5][90/100]	Time 0.012 (0.012)	
Accuracy of Class 0: 0.5950
Accuracy of Class 1: 0.6240
Accuracy of Class 2: 0.1880
Accuracy of Class 3: 0.1710
Accuracy of Class 4: 0.1390
Accuracy of Class 5: 0.4350
Accuracy of Class 6: 0.4790
Accuracy of Class 7: 0.5700
Accuracy of Class 8: 0.3830
Accuracy of Class 9: 0.5800
* Prec @1: 0.4164
Epoch: [6][0/391]	Time 0.026 (0.026)	Loss 1.6471 (1.6471)	Prec @1 0.4219 (0.4219)	
Epoch: [6][10/391]	Time 0.030 (0.028)	Loss 1.7681 (1.6754)	Prec @1 0.2969 (0.4034)	
Epoch: [6][20/391]	Time 0.023 (0.028)	Loss 1.6311 (1.6845)	Prec @1 0.5000 (0.4096)	
Epoch: [6][30/391]	Time 0.025 (0.027)	Loss 1.5179 (1.6662)	Prec @1 0.4453 (0.4103)	
Epoch: [6][40/391]	Time 0.020 (0.028)	Loss 1.7278 (1.6759)	Prec @1 0.3828 (0.4061)	
Epoch: [6][50/391]	Time 0.026 (0.028)	Loss 1.7558 (1.6762)	Prec @1 0.2969 (0.4075)	
Epoch: [6][60/391]	Time 0.024 (0.028)	Loss 1.6309 (1.6735)	Prec @1 0.4453 (0.4077)	
Epoch: [6][70/391]	Time 0.028 (0.028)	Loss 1.7472 (1.6748)	Prec @1 0.4141 (0.4092)	
Epoch: [6][80/391]	Time 0.023 (0.027)	Loss 1.6554 (1.6757)	Prec @1 0.4609 (0.4091)	
Epoch: [6][90/391]	Time 0.028 (0.027)	Loss 1.6754 (1.6730)	Prec @1 0.3906 (0.4107)	
Epoch: [6][100/391]	Time 0.028 (0.027)	Loss 1.7341 (1.6740)	Prec @1 0.3594 (0.4110)	
Epoch: [6][110/391]	Time 0.025 (0.027)	Loss 1.6893 (1.6688)	Prec @1 0.4375 (0.4134)	
Epoch: [6][120/391]	Time 0.026 (0.027)	Loss 1.7210 (1.6696)	Prec @1 0.4297 (0.4139)	
Epoch: [6][130/391]	Time 0.026 (0.027)	Loss 1.5900 (1.6680)	Prec @1 0.3828 (0.4121)	
Epoch: [6][140/391]	Time 0.024 (0.026)	Loss 1.7255 (1.6713)	Prec @1 0.3984 (0.4110)	
Epoch: [6][150/391]	Time 0.027 (0.026)	Loss 1.7469 (1.6734)	Prec @1 0.3750 (0.4109)	
Epoch: [6][160/391]	Time 0.027 (0.026)	Loss 1.6302 (1.6744)	Prec @1 0.4062 (0.4098)	
Epoch: [6][170/391]	Time 0.026 (0.026)	Loss 1.7988 (1.6753)	Prec @1 0.3281 (0.4095)	
Epoch: [6][180/391]	Time 0.027 (0.026)	Loss 1.5463 (1.6770)	Prec @1 0.4688 (0.4086)	
Epoch: [6][190/391]	Time 0.025 (0.026)	Loss 1.6692 (1.6769)	Prec @1 0.4297 (0.4088)	
Epoch: [6][200/391]	Time 0.023 (0.026)	Loss 1.6831 (1.6747)	Prec @1 0.4375 (0.4098)	
Epoch: [6][210/391]	Time 0.022 (0.026)	Loss 1.6558 (1.6745)	Prec @1 0.3359 (0.4084)	
Epoch: [6][220/391]	Time 0.034 (0.026)	Loss 1.5607 (1.6748)	Prec @1 0.4375 (0.4083)	
Epoch: [6][230/391]	Time 0.026 (0.026)	Loss 1.6053 (1.6744)	Prec @1 0.4375 (0.4082)	
Epoch: [6][240/391]	Time 0.018 (0.026)	Loss 1.6987 (1.6747)	Prec @1 0.3359 (0.4080)	
Epoch: [6][250/391]	Time 0.029 (0.026)	Loss 1.6787 (1.6752)	Prec @1 0.4141 (0.4079)	
Epoch: [6][260/391]	Time 0.029 (0.026)	Loss 1.6192 (1.6753)	Prec @1 0.4062 (0.4077)	
Epoch: [6][270/391]	Time 0.027 (0.026)	Loss 1.5988 (1.6741)	Prec @1 0.4297 (0.4086)	
Epoch: [6][280/391]	Time 0.023 (0.026)	Loss 1.6748 (1.6734)	Prec @1 0.3672 (0.4086)	
Epoch: [6][290/391]	Time 0.025 (0.026)	Loss 1.6169 (1.6741)	Prec @1 0.4688 (0.4089)	
Epoch: [6][300/391]	Time 0.024 (0.026)	Loss 1.7188 (1.6751)	Prec @1 0.3750 (0.4090)	
Epoch: [6][310/391]	Time 0.020 (0.026)	Loss 1.6211 (1.6744)	Prec @1 0.4062 (0.4097)	
Epoch: [6][320/391]	Time 0.022 (0.026)	Loss 1.7836 (1.6739)	Prec @1 0.4141 (0.4099)	
Epoch: [6][330/391]	Time 0.024 (0.026)	Loss 1.6390 (1.6735)	Prec @1 0.4531 (0.4094)	
Epoch: [6][340/391]	Time 0.025 (0.026)	Loss 1.7557 (1.6732)	Prec @1 0.3359 (0.4092)	
Epoch: [6][350/391]	Time 0.024 (0.026)	Loss 1.6740 (1.6735)	Prec @1 0.3672 (0.4092)	
Epoch: [6][360/391]	Time 0.023 (0.026)	Loss 1.7689 (1.6739)	Prec @1 0.3828 (0.4090)	
Epoch: [6][370/391]	Time 0.019 (0.026)	Loss 1.7938 (1.6735)	Prec @1 0.3516 (0.4093)	
Epoch: [6][380/391]	Time 0.016 (0.025)	Loss 1.7219 (1.6738)	Prec @1 0.3750 (0.4087)	
Epoch: [6][390/391]	Time 0.011 (0.025)	Loss 1.7190 (1.6743)	Prec @1 0.3000 (0.4084)	
Epoch: [6][0/100]	Time 0.010 (0.010)	
Epoch: [6][10/100]	Time 0.009 (0.008)	
Epoch: [6][20/100]	Time 0.014 (0.010)	
Epoch: [6][30/100]	Time 0.010 (0.009)	
Epoch: [6][40/100]	Time 0.009 (0.009)	
Epoch: [6][50/100]	Time 0.010 (0.009)	
Epoch: [6][60/100]	Time 0.007 (0.009)	
Epoch: [6][70/100]	Time 0.009 (0.009)	
Epoch: [6][80/100]	Time 0.008 (0.009)	
Epoch: [6][90/100]	Time 0.010 (0.009)	
Accuracy of Class 0: 0.5600
Accuracy of Class 1: 0.6680
Accuracy of Class 2: 0.1650
Accuracy of Class 3: 0.1870
Accuracy of Class 4: 0.1260
Accuracy of Class 5: 0.4040
Accuracy of Class 6: 0.4920
Accuracy of Class 7: 0.5980
Accuracy of Class 8: 0.4670
Accuracy of Class 9: 0.5380
* Prec @1: 0.4205
Epoch: [7][0/391]	Time 0.018 (0.018)	Loss 1.6540 (1.6540)	Prec @1 0.4062 (0.4062)	
Epoch: [7][10/391]	Time 0.015 (0.014)	Loss 1.5887 (1.6285)	Prec @1 0.4375 (0.3956)	
Epoch: [7][20/391]	Time 0.013 (0.014)	Loss 1.6644 (1.6349)	Prec @1 0.4453 (0.4122)	
Epoch: [7][30/391]	Time 0.014 (0.014)	Loss 1.7368 (1.6345)	Prec @1 0.3281 (0.4183)	
Epoch: [7][40/391]	Time 0.015 (0.014)	Loss 1.6166 (1.6299)	Prec @1 0.3984 (0.4247)	
Epoch: [7][50/391]	Time 0.015 (0.014)	Loss 1.7381 (1.6416)	Prec @1 0.3750 (0.4208)	
Epoch: [7][60/391]	Time 0.014 (0.014)	Loss 1.6961 (1.6476)	Prec @1 0.3906 (0.4197)	
Epoch: [7][70/391]	Time 0.014 (0.015)	Loss 1.7399 (1.6492)	Prec @1 0.4141 (0.4192)	
Epoch: [7][80/391]	Time 0.017 (0.015)	Loss 1.4645 (1.6484)	Prec @1 0.4688 (0.4198)	
Epoch: [7][90/391]	Time 0.014 (0.015)	Loss 1.7392 (1.6542)	Prec @1 0.4062 (0.4184)	
Epoch: [7][100/391]	Time 0.015 (0.015)	Loss 1.6835 (1.6575)	Prec @1 0.3828 (0.4171)	
Epoch: [7][110/391]	Time 0.018 (0.015)	Loss 1.7915 (1.6601)	Prec @1 0.3750 (0.4161)	
Epoch: [7][120/391]	Time 0.017 (0.015)	Loss 1.5329 (1.6607)	Prec @1 0.4531 (0.4169)	
Epoch: [7][130/391]	Time 0.017 (0.015)	Loss 1.5838 (1.6570)	Prec @1 0.4766 (0.4182)	
Epoch: [7][140/391]	Time 0.018 (0.015)	Loss 1.5890 (1.6567)	Prec @1 0.4219 (0.4178)	
Epoch: [7][150/391]	Time 0.015 (0.015)	Loss 1.6201 (1.6565)	Prec @1 0.3516 (0.4179)	
Epoch: [7][160/391]	Time 0.015 (0.015)	Loss 1.6235 (1.6587)	Prec @1 0.3984 (0.4155)	
Epoch: [7][170/391]	Time 0.016 (0.015)	Loss 1.7650 (1.6618)	Prec @1 0.3750 (0.4146)	
Epoch: [7][180/391]	Time 0.023 (0.016)	Loss 1.7733 (1.6621)	Prec @1 0.3906 (0.4148)	
Epoch: [7][190/391]	Time 0.015 (0.016)	Loss 1.7137 (1.6630)	Prec @1 0.3750 (0.4143)	
Epoch: [7][200/391]	Time 0.017 (0.016)	Loss 1.6115 (1.6635)	Prec @1 0.4141 (0.4151)	
Epoch: [7][210/391]	Time 0.018 (0.016)	Loss 1.6120 (1.6638)	Prec @1 0.4297 (0.4149)	
Epoch: [7][220/391]	Time 0.017 (0.016)	Loss 1.7193 (1.6653)	Prec @1 0.3984 (0.4137)	
Epoch: [7][230/391]	Time 0.021 (0.016)	Loss 1.6761 (1.6655)	Prec @1 0.4062 (0.4135)	
Epoch: [7][240/391]	Time 0.018 (0.016)	Loss 1.6554 (1.6663)	Prec @1 0.3984 (0.4126)	
Epoch: [7][250/391]	Time 0.018 (0.016)	Loss 1.6437 (1.6657)	Prec @1 0.4141 (0.4130)	
Epoch: [7][260/391]	Time 0.017 (0.016)	Loss 1.6526 (1.6655)	Prec @1 0.4453 (0.4136)	
Epoch: [7][270/391]	Time 0.017 (0.016)	Loss 1.7079 (1.6667)	Prec @1 0.4141 (0.4138)	
Epoch: [7][280/391]	Time 0.017 (0.016)	Loss 1.7400 (1.6665)	Prec @1 0.3828 (0.4135)	
Epoch: [7][290/391]	Time 0.016 (0.016)	Loss 1.7127 (1.6674)	Prec @1 0.3047 (0.4127)	
Epoch: [7][300/391]	Time 0.018 (0.016)	Loss 1.6870 (1.6671)	Prec @1 0.3984 (0.4129)	
Epoch: [7][310/391]	Time 0.014 (0.016)	Loss 1.6210 (1.6673)	Prec @1 0.4141 (0.4129)	
Epoch: [7][320/391]	Time 0.014 (0.016)	Loss 1.7989 (1.6678)	Prec @1 0.3516 (0.4129)	
Epoch: [7][330/391]	Time 0.018 (0.016)	Loss 1.6877 (1.6677)	Prec @1 0.4141 (0.4130)	
Epoch: [7][340/391]	Time 0.019 (0.016)	Loss 1.5448 (1.6684)	Prec @1 0.4766 (0.4132)	
Epoch: [7][350/391]	Time 0.018 (0.016)	Loss 1.7890 (1.6683)	Prec @1 0.3438 (0.4136)	
Epoch: [7][360/391]	Time 0.016 (0.016)	Loss 1.6804 (1.6695)	Prec @1 0.3516 (0.4126)	
Epoch: [7][370/391]	Time 0.020 (0.016)	Loss 1.8408 (1.6701)	Prec @1 0.3594 (0.4124)	
Epoch: [7][380/391]	Time 0.017 (0.016)	Loss 1.6536 (1.6700)	Prec @1 0.3672 (0.4122)	
Epoch: [7][390/391]	Time 0.013 (0.016)	Loss 1.6896 (1.6710)	Prec @1 0.4625 (0.4120)	
Epoch: [7][0/100]	Time 0.013 (0.013)	
Epoch: [7][10/100]	Time 0.010 (0.010)	
Epoch: [7][20/100]	Time 0.011 (0.010)	
Epoch: [7][30/100]	Time 0.010 (0.010)	
Epoch: [7][40/100]	Time 0.010 (0.010)	
Epoch: [7][50/100]	Time 0.013 (0.011)	
Epoch: [7][60/100]	Time 0.016 (0.011)	
Epoch: [7][70/100]	Time 0.040 (0.012)	
Epoch: [7][80/100]	Time 0.015 (0.013)	
Epoch: [7][90/100]	Time 0.014 (0.013)	
Accuracy of Class 0: 0.5630
Accuracy of Class 1: 0.6830
Accuracy of Class 2: 0.1730
Accuracy of Class 3: 0.1950
Accuracy of Class 4: 0.1320
Accuracy of Class 5: 0.4060
Accuracy of Class 6: 0.4930
Accuracy of Class 7: 0.5920
Accuracy of Class 8: 0.4680
Accuracy of Class 9: 0.5300
* Prec @1: 0.4235
Epoch: [8][0/391]	Time 0.023 (0.023)	Loss 1.6188 (1.6188)	Prec @1 0.3828 (0.3828)	
Epoch: [8][10/391]	Time 0.020 (0.022)	Loss 1.5662 (1.6347)	Prec @1 0.3828 (0.4041)	
Epoch: [8][20/391]	Time 0.019 (0.020)	Loss 1.6567 (1.6467)	Prec @1 0.4375 (0.4081)	
Epoch: [8][30/391]	Time 0.013 (0.019)	Loss 1.6632 (1.6635)	Prec @1 0.4297 (0.4057)	
Epoch: [8][40/391]	Time 0.014 (0.018)	Loss 1.7154 (1.6566)	Prec @1 0.3984 (0.4116)	
Epoch: [8][50/391]	Time 0.016 (0.017)	Loss 1.6773 (1.6655)	Prec @1 0.3984 (0.4089)	
Epoch: [8][60/391]	Time 0.013 (0.017)	Loss 1.5308 (1.6665)	Prec @1 0.4531 (0.4074)	
Epoch: [8][70/391]	Time 0.014 (0.016)	Loss 1.5680 (1.6663)	Prec @1 0.5312 (0.4100)	
Epoch: [8][80/391]	Time 0.016 (0.016)	Loss 1.6262 (1.6621)	Prec @1 0.3594 (0.4100)	
Epoch: [8][90/391]	Time 0.017 (0.016)	Loss 1.6849 (1.6645)	Prec @1 0.4297 (0.4104)	
Epoch: [8][100/391]	Time 0.013 (0.016)	Loss 1.5988 (1.6625)	Prec @1 0.5000 (0.4118)	
Epoch: [8][110/391]	Time 0.022 (0.017)	Loss 1.7451 (1.6669)	Prec @1 0.4141 (0.4131)	
Epoch: [8][120/391]	Time 0.024 (0.017)	Loss 1.7011 (1.6688)	Prec @1 0.4141 (0.4141)	
Epoch: [8][130/391]	Time 0.024 (0.018)	Loss 1.4542 (1.6693)	Prec @1 0.4688 (0.4143)	
Epoch: [8][140/391]	Time 0.033 (0.019)	Loss 1.6002 (1.6695)	Prec @1 0.4453 (0.4143)	
Epoch: [8][150/391]	Time 0.033 (0.020)	Loss 1.8715 (1.6683)	Prec @1 0.3047 (0.4143)	
Epoch: [8][160/391]	Time 0.029 (0.020)	Loss 1.5621 (1.6699)	Prec @1 0.4297 (0.4145)	
Epoch: [8][170/391]	Time 0.030 (0.021)	Loss 1.5723 (1.6706)	Prec @1 0.4844 (0.4148)	
Epoch: [8][180/391]	Time 0.024 (0.021)	Loss 1.6707 (1.6704)	Prec @1 0.3906 (0.4150)	
Epoch: [8][190/391]	Time 0.025 (0.021)	Loss 1.6564 (1.6710)	Prec @1 0.4297 (0.4150)	
Epoch: [8][200/391]	Time 0.026 (0.022)	Loss 1.4958 (1.6687)	Prec @1 0.4297 (0.4165)	
Epoch: [8][210/391]	Time 0.032 (0.022)	Loss 1.6964 (1.6688)	Prec @1 0.4375 (0.4161)	
Epoch: [8][220/391]	Time 0.028 (0.022)	Loss 1.6388 (1.6666)	Prec @1 0.4297 (0.4174)	
Epoch: [8][230/391]	Time 0.030 (0.022)	Loss 1.6247 (1.6657)	Prec @1 0.4688 (0.4176)	
Epoch: [8][240/391]	Time 0.022 (0.023)	Loss 1.7650 (1.6652)	Prec @1 0.3984 (0.4173)	
Epoch: [8][250/391]	Time 0.024 (0.023)	Loss 1.7200 (1.6665)	Prec @1 0.4141 (0.4168)	
Epoch: [8][260/391]	Time 0.033 (0.023)	Loss 1.6032 (1.6651)	Prec @1 0.4297 (0.4173)	
Epoch: [8][270/391]	Time 0.028 (0.023)	Loss 1.6358 (1.6646)	Prec @1 0.4141 (0.4175)	
Epoch: [8][280/391]	Time 0.025 (0.023)	Loss 1.6643 (1.6646)	Prec @1 0.3672 (0.4172)	
Epoch: [8][290/391]	Time 0.032 (0.024)	Loss 1.7212 (1.6652)	Prec @1 0.3906 (0.4173)	
Epoch: [8][300/391]	Time 0.036 (0.024)	Loss 1.4701 (1.6645)	Prec @1 0.5312 (0.4177)	
Epoch: [8][310/391]	Time 0.039 (0.024)	Loss 1.6556 (1.6650)	Prec @1 0.3672 (0.4167)	
Epoch: [8][320/391]	Time 0.024 (0.025)	Loss 1.6540 (1.6648)	Prec @1 0.4531 (0.4172)	
Epoch: [8][330/391]	Time 0.023 (0.025)	Loss 1.7165 (1.6667)	Prec @1 0.4609 (0.4163)	
Epoch: [8][340/391]	Time 0.035 (0.025)	Loss 1.6163 (1.6658)	Prec @1 0.4609 (0.4167)	
Epoch: [8][350/391]	Time 0.030 (0.025)	Loss 1.6181 (1.6662)	Prec @1 0.4062 (0.4160)	
Epoch: [8][360/391]	Time 0.027 (0.025)	Loss 1.7984 (1.6660)	Prec @1 0.3984 (0.4162)	
Epoch: [8][370/391]	Time 0.030 (0.025)	Loss 1.5055 (1.6662)	Prec @1 0.4766 (0.4163)	
Epoch: [8][380/391]	Time 0.025 (0.025)	Loss 1.7213 (1.6665)	Prec @1 0.4141 (0.4163)	
Epoch: [8][390/391]	Time 0.025 (0.025)	Loss 1.7827 (1.6669)	Prec @1 0.4375 (0.4163)	
Epoch: [8][0/100]	Time 0.013 (0.013)	
Epoch: [8][10/100]	Time 0.012 (0.014)	
Epoch: [8][20/100]	Time 0.012 (0.013)	
Epoch: [8][30/100]	Time 0.014 (0.013)	
Epoch: [8][40/100]	Time 0.011 (0.013)	
Epoch: [8][50/100]	Time 0.011 (0.013)	
Epoch: [8][60/100]	Time 0.012 (0.012)	
Epoch: [8][70/100]	Time 0.012 (0.012)	
Epoch: [8][80/100]	Time 0.011 (0.012)	
Epoch: [8][90/100]	Time 0.012 (0.012)	
Accuracy of Class 0: 0.5630
Accuracy of Class 1: 0.6790
Accuracy of Class 2: 0.1710
Accuracy of Class 3: 0.1930
Accuracy of Class 4: 0.1320
Accuracy of Class 5: 0.4080
Accuracy of Class 6: 0.4940
Accuracy of Class 7: 0.5950
Accuracy of Class 8: 0.4650
Accuracy of Class 9: 0.5340
* Prec @1: 0.4234
Epoch: [9][0/391]	Time 0.025 (0.025)	Loss 1.5196 (1.5196)	Prec @1 0.4609 (0.4609)	
Epoch: [9][10/391]	Time 0.024 (0.031)	Loss 1.6465 (1.6814)	Prec @1 0.5000 (0.4034)	
Epoch: [9][20/391]	Time 0.027 (0.029)	Loss 1.6907 (1.6888)	Prec @1 0.3672 (0.3973)	
Epoch: [9][30/391]	Time 0.029 (0.030)	Loss 1.7066 (1.6905)	Prec @1 0.4375 (0.3952)	
Epoch: [9][40/391]	Time 0.044 (0.031)	Loss 1.5809 (1.6854)	Prec @1 0.4844 (0.4007)	
Epoch: [9][50/391]	Time 0.027 (0.030)	Loss 1.7261 (1.6836)	Prec @1 0.4453 (0.4049)	
Epoch: [9][60/391]	Time 0.039 (0.030)	Loss 1.6023 (1.6825)	Prec @1 0.4062 (0.4037)	
Epoch: [9][70/391]	Time 0.029 (0.030)	Loss 1.6903 (1.6806)	Prec @1 0.3984 (0.4037)	
Epoch: [9][80/391]	Time 0.024 (0.030)	Loss 1.8468 (1.6834)	Prec @1 0.4062 (0.4021)	
Epoch: [9][90/391]	Time 0.029 (0.030)	Loss 1.6750 (1.6789)	Prec @1 0.4141 (0.4046)	
Epoch: [9][100/391]	Time 0.035 (0.030)	Loss 1.5986 (1.6757)	Prec @1 0.4141 (0.4061)	
Epoch: [9][110/391]	Time 0.028 (0.030)	Loss 1.5871 (1.6787)	Prec @1 0.4609 (0.4059)	
Epoch: [9][120/391]	Time 0.036 (0.030)	Loss 1.6958 (1.6746)	Prec @1 0.3984 (0.4067)	
Epoch: [9][130/391]	Time 0.027 (0.030)	Loss 1.6055 (1.6722)	Prec @1 0.4297 (0.4081)	
Epoch: [9][140/391]	Time 0.029 (0.029)	Loss 1.7247 (1.6739)	Prec @1 0.3750 (0.4087)	
Epoch: [9][150/391]	Time 0.025 (0.029)	Loss 1.8419 (1.6765)	Prec @1 0.2969 (0.4065)	
Epoch: [9][160/391]	Time 0.037 (0.029)	Loss 1.6524 (1.6755)	Prec @1 0.4531 (0.4073)	
Epoch: [9][170/391]	Time 0.026 (0.029)	Loss 1.5816 (1.6737)	Prec @1 0.4453 (0.4092)	
Epoch: [9][180/391]	Time 0.025 (0.029)	Loss 1.6947 (1.6740)	Prec @1 0.3984 (0.4090)	
Epoch: [9][190/391]	Time 0.027 (0.029)	Loss 1.6737 (1.6734)	Prec @1 0.4219 (0.4095)	
Epoch: [9][200/391]	Time 0.029 (0.029)	Loss 1.6990 (1.6729)	Prec @1 0.4375 (0.4104)	
Epoch: [9][210/391]	Time 0.034 (0.029)	Loss 1.6009 (1.6714)	Prec @1 0.4297 (0.4103)	
Epoch: [9][220/391]	Time 0.025 (0.029)	Loss 1.6624 (1.6715)	Prec @1 0.4453 (0.4097)	
Epoch: [9][230/391]	Time 0.032 (0.029)	Loss 1.5524 (1.6722)	Prec @1 0.4219 (0.4089)	
Epoch: [9][240/391]	Time 0.021 (0.029)	Loss 1.7959 (1.6726)	Prec @1 0.3672 (0.4087)	
Epoch: [9][250/391]	Time 0.036 (0.029)	Loss 1.7204 (1.6721)	Prec @1 0.4609 (0.4099)	
Epoch: [9][260/391]	Time 0.031 (0.029)	Loss 1.6149 (1.6726)	Prec @1 0.4922 (0.4105)	
Epoch: [9][270/391]	Time 0.021 (0.029)	Loss 1.6155 (1.6722)	Prec @1 0.4062 (0.4106)	
Epoch: [9][280/391]	Time 0.025 (0.029)	Loss 1.6867 (1.6718)	Prec @1 0.3984 (0.4108)	
Epoch: [9][290/391]	Time 0.028 (0.029)	Loss 1.6428 (1.6707)	Prec @1 0.3984 (0.4126)	
Epoch: [9][300/391]	Time 0.028 (0.029)	Loss 1.6565 (1.6704)	Prec @1 0.4531 (0.4125)	
Epoch: [9][310/391]	Time 0.025 (0.029)	Loss 1.6471 (1.6701)	Prec @1 0.3828 (0.4118)	
Epoch: [9][320/391]	Time 0.034 (0.029)	Loss 1.7224 (1.6699)	Prec @1 0.3750 (0.4120)	
Epoch: [9][330/391]	Time 0.032 (0.029)	Loss 1.6517 (1.6696)	Prec @1 0.4531 (0.4122)	
Epoch: [9][340/391]	Time 0.032 (0.029)	Loss 1.6537 (1.6701)	Prec @1 0.4219 (0.4120)	
Epoch: [9][350/391]	Time 0.030 (0.029)	Loss 1.7316 (1.6697)	Prec @1 0.3281 (0.4120)	
Epoch: [9][360/391]	Time 0.031 (0.029)	Loss 1.7499 (1.6701)	Prec @1 0.3750 (0.4122)	
Epoch: [9][370/391]	Time 0.028 (0.029)	Loss 1.5604 (1.6703)	Prec @1 0.4141 (0.4119)	
Epoch: [9][380/391]	Time 0.028 (0.029)	Loss 1.7168 (1.6703)	Prec @1 0.3672 (0.4116)	
Epoch: [9][390/391]	Time 0.020 (0.029)	Loss 1.6305 (1.6704)	Prec @1 0.3750 (0.4113)	
Epoch: [9][0/100]	Time 0.013 (0.013)	
Epoch: [9][10/100]	Time 0.013 (0.013)	
Epoch: [9][20/100]	Time 0.012 (0.013)	
Epoch: [9][30/100]	Time 0.012 (0.013)	
Epoch: [9][40/100]	Time 0.013 (0.013)	
Epoch: [9][50/100]	Time 0.012 (0.012)	
Epoch: [9][60/100]	Time 0.013 (0.012)	
Epoch: [9][70/100]	Time 0.012 (0.012)	
Epoch: [9][80/100]	Time 0.012 (0.012)	
Epoch: [9][90/100]	Time 0.012 (0.012)	
Accuracy of Class 0: 0.5640
Accuracy of Class 1: 0.6710
Accuracy of Class 2: 0.1710
Accuracy of Class 3: 0.1930
Accuracy of Class 4: 0.1310
Accuracy of Class 5: 0.4080
Accuracy of Class 6: 0.4980
Accuracy of Class 7: 0.5950
Accuracy of Class 8: 0.4610
Accuracy of Class 9: 0.5370
* Prec @1: 0.4229
Best Prec @1 Acccuracy: 0.4235
Accuracy of Class 0: 0.5630
Accuracy of Class 1: 0.6830
Accuracy of Class 2: 0.1730
Accuracy of Class 3: 0.1950
Accuracy of Class 4: 0.1320
Accuracy of Class 5: 0.4060
Accuracy of Class 6: 0.4930
Accuracy of Class 7: 0.5920
Accuracy of Class 8: 0.4680
Accuracy of Class 9: 0.5300
